<html>
<body>
<pre>
<h1>µVision Build Log</h1>
<h2>Tool Versions:</h2>
IDE-Version: ¦ÌVision V5.24.2.0
Copyright (C) 2017 ARM Ltd and ARM Germany GmbH. All rights reserved.
License Information: XU 193558087@qq.com, dzd, LIC=HN0AE-5VRHQ-30KNC-7JP94-WEZBD-1RHK7
 
Tool Versions:
Toolchain:       MDK-ARM Plus  Version: 5.24.1
Toolchain Path:  C:\Keil_v5\ARM\ARMCLANG\Bin
C Compiler:      ArmClang.exe V6.7
Assembler:       Armasm.exe V6.7
Linker/Locator:  ArmLink.exe V6.7
Library Manager: ArmAr.exe V6.7
Hex Converter:   FromElf.exe V6.7
CPU DLL:         SARMCM3.DLL V5.24.1
Dialog DLL:      DCM.DLL V1.16.0.0
Target DLL:      STLink\ST-LINKIII-KEIL_SWO.dll V3.0.1.0
Dialog DLL:      TCM.DLL V1.32.0.0
 
<h2>Project:</h2>
D:\KEIL_CUBE_VS\car_control_stm32_project-master\MDK-ARM\car_control_stm32_project.uvprojx
Project File Date:  05/04/2026

<h2>Output:</h2>
*** Using Compiler 'V6.7', folder: 'C:\Keil_v5\ARM\ARMCLANG\Bin'
Build target 'car_control_stm32_project'
assembling startup_stm32g474xx.s...
compiling stm32g4xx_it.c...
../User/Sensor/gw_analogue.c(6): warning: In file included from...
../User/Status\status.h(125): warning: redefinition of typedef 'STATUS' is a C11 feature [-Wtypedef-redefinition]
} STATUS;
  ^
../User/Status/Defect.h(6): note: previous definition is here
typedef struct STATUS STATUS;
                      ^
1 warning generated.
compiling gw_analogue.c...
../Core/Src/main.c(32): warning: In file included from...
../User/Status\status.h(125): warning: redefinition of typedef 'STATUS' is a C11 feature [-Wtypedef-redefinition]
} STATUS;
  ^
../User/Status/Defect.h(6): note: previous definition is here
typedef struct STATUS STATUS;
                      ^
1 warning generated.
compiling main.c...
compiling i2c.c...
compiling array.c...
compiling ms_find_line.c...
compiling gy901.c...
compiling spi.c...
../User/Motor/servo.c(6): warning: In file included from...
../User/Status\status.h(125): warning: redefinition of typedef 'STATUS' is a C11 feature [-Wtypedef-redefinition]
} STATUS;
  ^
../User/Status/Defect.h(6): note: previous definition is here
typedef struct STATUS STATUS;
                      ^
1 warning generated.
compiling servo.c...
../User/Device/led.c(5): warning: In file included from...
../User/Status\status.h(125): warning: redefinition of typedef 'STATUS' is a C11 feature [-Wtypedef-redefinition]
} STATUS;
  ^
../User/Status/Defect.h(6): note: previous definition is here
typedef struct STATUS STATUS;
                      ^
1 warning generated.
compiling led.c...
compiling stm32g4xx_hal_msp.c...
../Core/Src/lora.c(30): warning: implicitly declaring library function 'strlen' with type 'unsigned int (const char *)' [-Wimplicit-function-declaration]
    uart1_tx((uint8_t*)buf, strlen(buf));
                            ^
../Core/Src/lora.c(30): note: include the header <string.h> or explicitly provide a declaration for 'strlen'
1 warning generated.
compiling lora.c...
compiling buzzer.c...
../User/Tool/pid.c(7): warning: In file included from...
../User/Status\status.h(125): warning: redefinition of typedef 'STATUS' is a C11 feature [-Wtypedef-redefinition]
} STATUS;
  ^
../User/Status/Defect.h(6): note: previous definition is here
typedef struct STATUS STATUS;
                      ^
1 warning generated.
compiling pid.c...
compiling radar.c...
compiling lq_step.c...
compiling dma.c...
compiling tim.c...
compiling usart.c...
../User/It/timer_it.c(6): warning: In file included from...
../User/Status\status.h(125): warning: redefinition of typedef 'STATUS' is a C11 feature [-Wtypedef-redefinition]
} STATUS;
  ^
../User/Status/Defect.h(6): note: previous definition is here
typedef struct STATUS STATUS;
                      ^
1 warning generated.
compiling timer_it.c...
compiling abslute_angle_sensor.c...
../User/Device/button.c(5): warning: In file included from...
../User/Status\status.h(125): warning: redefinition of typedef 'STATUS' is a C11 feature [-Wtypedef-redefinition]
} STATUS;
  ^
../User/Status/Defect.h(6): note: previous definition is here
typedef struct STATUS STATUS;
                      ^
1 warning generated.
compiling button.c...
../User/Motor/wheel.c(6): warning: In file included from...
../User/Status\status.h(125): warning: redefinition of typedef 'STATUS' is a C11 feature [-Wtypedef-redefinition]
} STATUS;
  ^
../User/Status/Defect.h(6): note: previous definition is here
typedef struct STATUS STATUS;
                      ^
1 warning generated.
compiling wheel.c...
compiling eeprom.c...
compiling log.c...
../User/Status/status.c(1): warning: In file included from...
../User/Status/status.h(125): warning: redefinition of typedef 'STATUS' is a C11 feature [-Wtypedef-redefinition]
} STATUS;
  ^
../User/Status/Defect.h(6): note: previous definition is here
typedef struct STATUS STATUS;
                      ^
1 warning generated.
compiling status.c...
compiling uart_it.c...
compiling gpio.c...
compiling adc.c...
../User/Status/Defect.c(2): warning: In file included from...
../User/Status/status.h(125): warning: redefinition of typedef 'STATUS' is a C11 feature [-Wtypedef-redefinition]
} STATUS;
  ^
../User/Status/Defect.h(6): note: previous definition is here
typedef struct STATUS STATUS;
                      ^
1 warning generated.
compiling Defect.c...
linking...
Program Size: Code=41688 RO-data=688 RW-data=72 ZI-data=4632  
FromELF: creating hex file...
"car_control_stm32_project\car_control_stm32_project.axf" - 0 Error(s), 11 Warning(s).

<h2>Software Packages used:</h2>

Package Vendor: ARM
                http://www.keil.com/pack/ARM.CMSIS.5.0.1.pack
                ARM.CMSIS.5.0.1
                CMSIS (Cortex Microcontroller Software Interface Standard)
   * Component: CORE Version: 5.0.1

Package Vendor: Keil
                http://www.keil.com/pack/Keil.STM32G4xx_DFP.1.4.0.pack
                Keil.STM32G4xx_DFP.1.4.0
                STMicroelectronics STM32G4 Series Device Support, Drivers and Examples

<h2>Collection of Component include folders:</h2>
  .\RTE\_car_control_stm32_project
  C:\Keil_v5\ARM\PACK\ARM\CMSIS\5.0.1\CMSIS\Include
  C:\Keil_v5\ARM\PACK\Keil\STM32G4xx_DFP\1.4.0\Drivers\CMSIS\Device\ST\STM32G4xx\Include

<h2>Collection of Component Files used:</h2>

   * Component: ARM::CMSIS:CORE:5.0.1
Build Time Elapsed:  00:00:02
</pre>
</body>
</html>
