Component: ARM Compiler 6.7 Tool: armlink [5c9ef700]

==============================================================================

Section Cross References

    startup_stm32g474xx.o(RESET) refers to startup_stm32g474xx.o(STACK) for __initial_sp
    startup_stm32g474xx.o(RESET) refers to startup_stm32g474xx.o(.text) for Reset_Handler
    startup_stm32g474xx.o(RESET) refers to stm32g4xx_it.o(.text.NMI_Handler) for NMI_Handler
    startup_stm32g474xx.o(RESET) refers to stm32g4xx_it.o(.text.HardFault_Handler) for HardFault_Handler
    startup_stm32g474xx.o(RESET) refers to stm32g4xx_it.o(.text.MemManage_Handler) for MemManage_Handler
    startup_stm32g474xx.o(RESET) refers to stm32g4xx_it.o(.text.BusFault_Handler) for BusFault_Handler
    startup_stm32g474xx.o(RESET) refers to stm32g4xx_it.o(.text.UsageFault_Handler) for UsageFault_Handler
    startup_stm32g474xx.o(RESET) refers to stm32g4xx_it.o(.text.SVC_Handler) for SVC_Handler
    startup_stm32g474xx.o(RESET) refers to stm32g4xx_it.o(.text.DebugMon_Handler) for DebugMon_Handler
    startup_stm32g474xx.o(RESET) refers to stm32g4xx_it.o(.text.PendSV_Handler) for PendSV_Handler
    startup_stm32g474xx.o(RESET) refers to stm32g4xx_it.o(.text.SysTick_Handler) for SysTick_Handler
    startup_stm32g474xx.o(RESET) refers to stm32g4xx_it.o(.text.DMA1_Channel1_IRQHandler) for DMA1_Channel1_IRQHandler
    startup_stm32g474xx.o(RESET) refers to stm32g4xx_it.o(.text.DMA1_Channel2_IRQHandler) for DMA1_Channel2_IRQHandler
    startup_stm32g474xx.o(RESET) refers to stm32g4xx_it.o(.text.DMA1_Channel7_IRQHandler) for DMA1_Channel7_IRQHandler
    startup_stm32g474xx.o(RESET) refers to stm32g4xx_it.o(.text.TIM1_TRG_COM_TIM17_IRQHandler) for TIM1_TRG_COM_TIM17_IRQHandler
    startup_stm32g474xx.o(RESET) refers to stm32g4xx_it.o(.text.TIM4_IRQHandler) for TIM4_IRQHandler
    startup_stm32g474xx.o(RESET) refers to stm32g4xx_it.o(.text.I2C1_EV_IRQHandler) for I2C1_EV_IRQHandler
    startup_stm32g474xx.o(RESET) refers to stm32g4xx_it.o(.text.I2C1_ER_IRQHandler) for I2C1_ER_IRQHandler
    startup_stm32g474xx.o(RESET) refers to stm32g4xx_it.o(.text.USART1_IRQHandler) for USART1_IRQHandler
    startup_stm32g474xx.o(RESET) refers to stm32g4xx_it.o(.text.USART2_IRQHandler) for USART2_IRQHandler
    startup_stm32g474xx.o(RESET) refers to stm32g4xx_it.o(.text.USART3_IRQHandler) for USART3_IRQHandler
    startup_stm32g474xx.o(RESET) refers to stm32g4xx_it.o(.text.TIM5_IRQHandler) for TIM5_IRQHandler
    startup_stm32g474xx.o(RESET) refers to stm32g4xx_it.o(.text.UART4_IRQHandler) for UART4_IRQHandler
    startup_stm32g474xx.o(RESET) refers to stm32g4xx_it.o(.text.DMA2_Channel1_IRQHandler) for DMA2_Channel1_IRQHandler
    startup_stm32g474xx.o(.text) refers to system_stm32g4xx.o(.text.SystemInit) for SystemInit
    startup_stm32g474xx.o(.text) refers to entry.o(.ARM.Collect$$$$00000000) for __main
    lora.o(.text.ESP8266_Init) refers to lora.o(.text.uart1_tx) for uart1_tx
    lora.o(.text.ESP8266_Init) refers to stm32g4xx_hal.o(.text.HAL_Delay) for HAL_Delay
    lora.o(.text.ESP8266_Init) refers to printfa.o(i.__0sprintf) for __2sprintf
    lora.o(.text.ESP8266_Init) refers to strlen.o(.text) for strlen
    lora.o(.ARM.exidx.text.ESP8266_Init) refers to lora.o(.text.ESP8266_Init) for [Anonymous Symbol]
    lora.o(.text.uart1_tx) refers to usart.o(.bss.huart1) for huart1
    lora.o(.text.uart1_tx) refers to log.o(.text.UART_send_bytes) for UART_send_bytes
    lora.o(.ARM.exidx.text.uart1_tx) refers to lora.o(.text.uart1_tx) for [Anonymous Symbol]
    main.o(.ARM.exidx.text.fputc) refers to main.o(.text.fputc) for [Anonymous Symbol]
    main.o(.text.main) refers to stm32g4xx_hal.o(.text.HAL_Init) for HAL_Init
    main.o(.text.main) refers to main.o(.text.SystemClock_Config) for SystemClock_Config
    main.o(.text.main) refers to gpio.o(.text.MX_GPIO_Init) for MX_GPIO_Init
    main.o(.text.main) refers to dma.o(.text.MX_DMA_Init) for MX_DMA_Init
    main.o(.text.main) refers to adc.o(.text.MX_ADC3_Init) for MX_ADC3_Init
    main.o(.text.main) refers to tim.o(.text.MX_TIM1_Init) for MX_TIM1_Init
    main.o(.text.main) refers to tim.o(.text.MX_TIM2_Init) for MX_TIM2_Init
    main.o(.text.main) refers to tim.o(.text.MX_TIM3_Init) for MX_TIM3_Init
    main.o(.text.main) refers to tim.o(.text.MX_TIM4_Init) for MX_TIM4_Init
    main.o(.text.main) refers to tim.o(.text.MX_TIM8_Init) for MX_TIM8_Init
    main.o(.text.main) refers to tim.o(.text.MX_TIM15_Init) for MX_TIM15_Init
    main.o(.text.main) refers to usart.o(.text.MX_UART4_Init) for MX_UART4_Init
    main.o(.text.main) refers to usart.o(.text.MX_USART1_UART_Init) for MX_USART1_UART_Init
    main.o(.text.main) refers to usart.o(.text.MX_USART2_UART_Init) for MX_USART2_UART_Init
    main.o(.text.main) refers to usart.o(.text.MX_USART3_UART_Init) for MX_USART3_UART_Init
    main.o(.text.main) refers to tim.o(.text.MX_TIM5_Init) for MX_TIM5_Init
    main.o(.text.main) refers to tim.o(.text.MX_TIM6_Init) for MX_TIM6_Init
[...]
    TIM_Base_SetConfig                       0x08006e11   Thumb Code   314  stm32g4xx_hal_tim.o(.text.TIM_Base_SetConfig)
    TIM_CCxChannelCmd                        0x08006f4d   Thumb Code    30  stm32g4xx_hal_tim.o(.text.TIM_CCxChannelCmd)
    TIM_ETR_SetConfig                        0x08006f6d   Thumb Code    18  stm32g4xx_hal_tim.o(.text.TIM_ETR_SetConfig)
    TIM_OC2_SetConfig                        0x0800701d   Thumb Code   158  stm32g4xx_hal_tim.o(.text.TIM_OC2_SetConfig)
    UART4_IRQHandler                         0x0800730d   Thumb Code    12  stm32g4xx_it.o(.text.UART4_IRQHandler)
    UART_AdvFeatureConfig                    0x08007379   Thumb Code   204  stm32g4xx_hal_uart.o(.text.UART_AdvFeatureConfig)
    UART_CheckIdleState                      0x08007445   Thumb Code   114  stm32g4xx_hal_uart.o(.text.UART_CheckIdleState)
    UART_PID_Tune                            0x080076b9   Thumb Code   644  uart_it.o(.text.UART_PID_Tune)
    UART_SetConfig                           0x08007de5   Thumb Code   690  stm32g4xx_hal_uart.o(.text.UART_SetConfig)
    UART_Start_Receive_DMA                   0x08008099   Thumb Code   168  stm32g4xx_hal_uart.o(.text.UART_Start_Receive_DMA)
    UART_Start_Receive_IT                    0x08008141   Thumb Code   316  stm32g4xx_hal_uart.o(.text.UART_Start_Receive_IT)
    UART_WaitOnFlagUntilTimeout              0x0800827d   Thumb Code   238  stm32g4xx_hal_uart.o(.text.UART_WaitOnFlagUntilTimeout)
    UART_send_bytes                          0x0800836d   Thumb Code    88  log.o(.text.UART_send_bytes)
    UART_send_justfloat                      0x080083c5   Thumb Code   104  log.o(.text.UART_send_justfloat)
    USART1_IRQHandler                        0x0800842d   Thumb Code    12  stm32g4xx_it.o(.text.USART1_IRQHandler)
    USART2_IRQHandler                        0x08008439   Thumb Code    12  stm32g4xx_it.o(.text.USART2_IRQHandler)
    USART3_IRQHandler                        0x08008445   Thumb Code    12  stm32g4xx_it.o(.text.USART3_IRQHandler)
    UsageFault_Handler                       0x08008451   Thumb Code     2  stm32g4xx_it.o(.text.UsageFault_Handler)
    ball_control_disable                     0x080084cd   Thumb Code    50  ball_control.o(.text.ball_control_disable)
    ball_control_init                        0x08008501   Thumb Code   124  ball_control.o(.text.ball_control_init)
    ball_control_request                     0x0800857d   Thumb Code   104  ball_control.o(.text.ball_control_request)
    ball_control_service                     0x080085e5   Thumb Code  1024  ball_control.o(.text.ball_control_service)
    car_speed_profile_init                   0x08008bc9   Thumb Code    44  car_speed_profile.o(.text.car_speed_profile_init)
    car_speed_profile_reset                  0x08008bf5   Thumb Code    18  car_speed_profile.o(.text.car_speed_profile_reset)
    car_speed_profile_start                  0x08008c09   Thumb Code   132  car_speed_profile.o(.text.car_speed_profile_start)
    car_speed_profile_step                   0x08008c8d   Thumb Code   224  car_speed_profile.o(.text.car_speed_profile_step)
    car_speed_profile_update_measurement     0x08008d6d   Thumb Code   158  car_speed_profile.o(.text.car_speed_profile_update_measurement)
    compute_pid                              0x08008e0d   Thumb Code   224  pid.o(.text.compute_pid)
    correct_gw_analogue                      0x08008ef1   Thumb Code   448  gw_analogue.o(.text.correct_gw_analogue)
    driver_BUZZER                            0x080090b1   Thumb Code    44  buzzer.o(.text.driver_BUZZER)
    driver_LED                               0x080090dd   Thumb Code   128  led.o(.text.driver_LED)
    driver_button                            0x0800915d   Thumb Code   188  button.o(.text.driver_button)
    driver_gw_analogue                       0x08009219   Thumb Code    36  gw_analogue.o(.text.driver_gw_analogue)
    driver_wheel                             0x08009901   Thumb Code   544  wheel.o(.text.driver_wheel)
    follow_line                              0x08009b29   Thumb Code    74  status.o(.text.follow_line)
    follow_line_task4                        0x08009b75   Thumb Code   118  status.o(.text.follow_line_task4)
    gan_init                                 0x08009bed   Thumb Code    72  main.o(.text.gan_init)
    get_gw_analoge_digital_data              0x08009c35   Thumb Code    76  gw_analogue.o(.text.get_gw_analoge_digital_data)
    get_gw_analogue_analogue_diff            0x08009c81   Thumb Code   144  gw_analogue.o(.text.get_gw_analogue_analogue_diff)
    get_gw_raw_data                          0x08009d11   Thumb Code    92  gw_analogue.o(.text.get_gw_raw_data)
    get_road_type                            0x08009d6d   Thumb Code   166  gw_analogue.o(.text.get_road_type)
    get_wheel_speed                          0x08009e15   Thumb Code    78  wheel.o(.text.get_wheel_speed)
    iic_gyr_get_value                        0x08009f39   Thumb Code   136  gy901.o(.text.iic_gyr_get_value)
    iic_gyr_init                             0x08009fc1   Thumb Code   172  gy901.o(.text.iic_gyr_init)
    iic_gyr_read_dma                         0x0800a06d   Thumb Code    74  gy901.o(.text.iic_gyr_read_dma)
    init_BUZZER                              0x0800a0b9   Thumb Code    12  buzzer.o(.text.init_BUZZER)
    init_LED                                 0x0800a0c5   Thumb Code    10  led.o(.text.init_LED)
    init_button                              0x0800a0d1   Thumb Code    24  button.o(.text.init_button)
    init_device                              0x0800a0e9   Thumb Code    86  status.o(.text.init_device)
    init_gw_analogue                         0x0800a141   Thumb Code   142  gw_analogue.o(.text.init_gw_analogue)
    init_maixcam_uart                        0x0800a1d1   Thumb Code    56  uart_it.o(.text.init_maixcam_uart)
    init_motor                               0x0800a209   Thumb Code   100  status.o(.text.init_motor)
    init_pid                                 0x0800a26d   Thumb Code    32  pid.o(.text.init_pid)
    init_road_cnt                            0x0800a28d   Thumb Code    12  gw_analogue.o(.text.init_road_cnt)
    init_road_determine                      0x0800a299   Thumb Code    14  gw_analogue.o(.text.init_road_determine)
    init_sensor                              0x0800a2a9   Thumb Code    24  status.o(.text.init_sensor)
    init_servo                               0x0800a2c1   Thumb Code   224  servo.o(.text.init_servo)
    init_state                               0x0800a3a1   Thumb Code    28  status.o(.text.init_state)
    init_status                              0x0800a3bd   Thumb Code    84  status.o(.text.init_status)
    init_status_pid                          0x0800a411   Thumb Code   384  status.o(.text.init_status_pid)
    init_stepper_uart                        0x0800a591   Thumb Code    72  uart_it.o(.text.init_stepper_uart)
    init_task                                0x0800a5d9   Thumb Code    34  defect.o(.text.init_task)
    init_uart_gyr                            0x0800a5fd   Thumb Code    30  uart_it.o(.text.init_uart_gyr)
    init_uart_pid_tune                       0x0800a61d   Thumb Code    22  uart_it.o(.text.init_uart_pid_tune)
    init_wheel                               0x0800a635   Thumb Code   572  wheel.o(.text.init_wheel)
    keep_angle                               0x0800a871   Thumb Code   164  status.o(.text.keep_angle)
    keep_balance                             0x0800a915   Thumb Code    76  status.o(.text.keep_balance)
    main                                     0x0800a961   Thumb Code   340  main.o(.text.main)
    maixcam_cmd_CDA                          0x0800aab5   Thumb Code    20  maixcam.o(.text.maixcam_cmd_CDA)
    maixcam_cmd_D                            0x0800aac9   Thumb Code    52  maixcam.o(.text.maixcam_cmd_D)
    maixcam_cmd_M                            0x0800aafd   Thumb Code    44  maixcam.o(.text.maixcam_cmd_M)
    maixcam_cmd_T                            0x0800ab29   Thumb Code    52  maixcam.o(.text.maixcam_cmd_T)
    maixcam_cmd_done                         0x0800ab5d   Thumb Code    32  maixcam.o(.text.maixcam_cmd_done)
    maixcam_init                             0x0800ab7d   Thumb Code   120  maixcam.o(.text.maixcam_init)
    maixcam_poll                             0x0800abf5   Thumb Code    74  maixcam.o(.text.maixcam_poll)
    maixcam_rx_feed                          0x0800ac41   Thumb Code    48  maixcam.o(.text.maixcam_rx_feed)
    maixcam_uart_tx_complete                 0x0800adbd   Thumb Code    48  maixcam.o(.text.maixcam_uart_tx_complete)
    maixcam_uart_tx_enqueue                  0x0800aded   Thumb Code   164  maixcam.o(.text.maixcam_uart_tx_enqueue)
    normalize_gray_data                      0x0800af95   Thumb Code    40  gw_analogue.o(.text.normalize_gray_data)
    normalize_gray_weight                    0x0800afbd   Thumb Code    68  gw_analogue.o(.text.normalize_gray_weight)
    pid_reset_state                          0x0800b295   Thumb Code    30  pid.o(.text.pid_reset_state)
    road_decision                            0x0800b2b5   Thumb Code    40  gw_analogue.o(.text.road_decision)
    road_new_from_bit                        0x0800b2dd   Thumb Code    14  gw_analogue.o(.text.road_new_from_bit)
    select_channel                           0x0800b349   Thumb Code    76  gw_analogue.o(.text.select_channel)
    serve_road                               0x0800b395   Thumb Code   102  gw_analogue.o(.text.serve_road)
    server_button                            0x0800b3fd   Thumb Code   150  button.o(.text.server_button)
    set_wheel_dir                            0x0800b495   Thumb Code   278  wheel.o(.text.set_wheel_dir)
    stepper_publish_absolute                 0x0800b5ad   Thumb Code    94  uart_it.o(.text.stepper_publish_absolute)
    stepper_service                          0x0800b60d   Thumb Code   166  uart_it.o(.text.stepper_service)
    stepper_target_disable                   0x0800b6b5   Thumb Code    54  uart_it.o(.text.stepper_target_disable)
    task3_debug_flush                        0x0800b6ed   Thumb Code   234  defect.o(.text.task3_debug_flush)
    task4_debug_flush                        0x0800b7d9   Thumb Code   218  defect.o(.text.task4_debug_flush)
    task7_flush                              0x0800b8b5   Thumb Code   116  defect.o(.text.task7_flush)
    task_finish                              0x0800ba81   Thumb Code     4  defect.o(.text.task_finish)
    task_select                              0x0800ba85   Thumb Code    18  defect.o(.text.task_select)
    task_start                               0x0800ba99   Thumb Code   164  defect.o(.text.task_start)
    task_stop                                0x0800bb3d   Thumb Code   102  defect.o(.text.task_stop)
    uart_gyr_ensure_receive                  0x0800bbb5   Thumb Code    92  uart_gyro.o(.text.uart_gyr_ensure_receive)
    uart_gyr_init                            0x0800bc11   Thumb Code    24  uart_gyro.o(.text.uart_gyr_init)
    uart_gyr_rx_feed                         0x0800bc29   Thumb Code   164  uart_gyro.o(.text.uart_gyr_rx_feed)
    uart_gyr_start_receive                   0x0800bccd   Thumb Code    92  uart_gyro.o(.text.uart_gyr_start_receive)
    update_status                            0x0800bd29   Thumb Code   508  status.o(.text.update_status)
    update_task                              0x0800bf25   Thumb Code   170  defect.o(.text.update_task)
    update_task_led                          0x0800bfd1   Thumb Code    30  defect.o(.text.update_task_led)
    __0snprintf                              0x0800c005   Thumb Code    44  printfa.o(i.__0snprintf)
    __1snprintf                              0x0800c005   Thumb Code     0  printfa.o(i.__0snprintf)
    __2snprintf                              0x0800c005   Thumb Code     0  printfa.o(i.__0snprintf)
    __c89snprintf                            0x0800c005   Thumb Code     0  printfa.o(i.__0snprintf)
    snprintf                                 0x0800c005   Thumb Code     0  printfa.o(i.__0snprintf)
    __0sprintf                               0x0800c035   Thumb Code    34  printfa.o(i.__0sprintf)
    __1sprintf                               0x0800c035   Thumb Code     0  printfa.o(i.__0sprintf)
    __2sprintf                               0x0800c035   Thumb Code     0  printfa.o(i.__0sprintf)
    __c89sprintf                             0x0800c035   Thumb Code     0  printfa.o(i.__0sprintf)
    sprintf                                  0x0800c035   Thumb Code     0  printfa.o(i.__0sprintf)
    __hardfp__fabsf                          0x0800c05d   Thumb Code    14  fabsf.o(i.__hardfp__fabsf)
    __hardfp_atof                            0x0800c071   Thumb Code    44  atof.o(i.__hardfp_atof)
    __hardfp_fabsf                           0x0800c0a9   Thumb Code    14  fabsfc99.o(i.__hardfp_fabsf)
    __hardfp_sqrtf                           0x0800c0b7   Thumb Code    58  sqrtf.o(i.__hardfp_sqrtf)
    __read_errno                             0x0800c0f1   Thumb Code     6  errno.o(i.__read_errno)
    __scatterload_copy                       0x0800c0fd   Thumb Code    14  handlers.o(i.__scatterload_copy)
    __scatterload_null                       0x0800c10b   Thumb Code     2  handlers.o(i.__scatterload_null)
    __scatterload_zeroinit                   0x0800c10d   Thumb Code    14  handlers.o(i.__scatterload_zeroinit)
    __set_errno                              0x0800c11d   Thumb Code     6  errno.o(i.__set_errno)
    _is_digit                                0x0800c2ad   Thumb Code    14  scanf_fp.o(i._is_digit)
    __ctype_table                            0x0800ca0a   Data         129  ctype_o.o(.constdata)
    AHBPrescTable                            0x0800ca90   Data          16  system_stm32g4xx.o(.rodata.AHBPrescTable)
    APBPrescTable                            0x0800caa0   Data           8  system_stm32g4xx.o(.rodata.APBPrescTable)
    UARTPrescTable                           0x0800caa8   Data          24  stm32g4xx_hal_uart.o(.rodata.UARTPrescTable)
    g_ball_mechanism_lut                     0x0800cac0   Data       37636  ball_mechanism_lut.o(.rodata.g_ball_mechanism_lut)
    Region$$Table$$Base                      0x08015dc4   Number         0  anon$$obj.o(Region$$Table)
    Region$$Table$$Limit                     0x08015de4   Number         0  anon$$obj.o(Region$$Table)
    SystemCoreClock                          0x20000004   Data           4  system_stm32g4xx.o(.data.SystemCoreClock)
    cmd_speed                                0x20000008   Data           2  main.o(.data.cmd_speed)
    distance                                 0x2000000c   Data          32  gw_analogue.o(.data.distance)
    uwTickFreq                               0x2000002c   Data           4  stm32g4xx_hal.o(.data.uwTickFreq)
    uwTickPrio                               0x20000030   Data           4  stm32g4xx_hal.o(.data.uwTickPrio)
    cross_cnt                                0x20000048   Data           1  gw_analogue.o(.bss.cross_cnt)
    esp8266_ready                            0x2000006c   Data           1  lora.o(.bss.esp8266_ready)
    gyro_dma_busy                            0x2000008e   Data           1  gy901.o(.bss.gyro_dma_busy)
    gyro_dma_ready                           0x2000008f   Data           1  gy901.o(.bss.gyro_dma_ready)
    hadc3                                    0x20000090   Data         108  adc.o(.bss.hadc3)
    hadc5                                    0x200000fc   Data         108  adc.o(.bss.hadc5)
    hdma_i2c1_rx                             0x20000168   Data          96  i2c.o(.bss.hdma_i2c1_rx)
    hdma_uart4_rx                            0x200001c8   Data          96  usart.o(.bss.hdma_uart4_rx)
    hdma_uart4_tx                            0x20000228   Data          96  usart.o(.bss.hdma_uart4_tx)
    hdma_usart3_tx                           0x20000288   Data          96  usart.o(.bss.hdma_usart3_tx)
    hi2c1                                    0x200002e8   Data          76  i2c.o(.bss.hi2c1)
    hspi1                                    0x20000334   Data         100  spi.o(.bss.hspi1)
    htim1                                    0x20000398   Data          76  tim.o(.bss.htim1)
    htim15                                   0x200003e4   Data          76  tim.o(.bss.htim15)
    htim2                                    0x20000430   Data          76  tim.o(.bss.htim2)
    htim3                                    0x2000047c   Data          76  tim.o(.bss.htim3)
    htim4                                    0x200004c8   Data          76  tim.o(.bss.htim4)
    htim5                                    0x20000514   Data          76  tim.o(.bss.htim5)
    htim6                                    0x20000560   Data          76  tim.o(.bss.htim6)
    htim8                                    0x200005ac   Data          76  tim.o(.bss.htim8)
    huart1                                   0x200005f8   Data         144  usart.o(.bss.huart1)
    huart2                                   0x20000688   Data         144  usart.o(.bss.huart2)
    huart3                                   0x20000718   Data         144  usart.o(.bss.huart3)
    huart4                                   0x200007a8   Data         144  usart.o(.bss.huart4)
    iic_gyr_dma_complete_tick                0x20000838   Data           4  gy901.o(.bss.iic_gyr_dma_complete_tick)
    iic_gyr_dma_error_count                  0x2000083c   Data           4  gy901.o(.bss.iic_gyr_dma_error_count)
    iic_gyr_initial_ready                    0x20000840   Data           1  gy901.o(.bss.iic_gyr_initial_ready)
    maixcam_cmd                              0x2000084c   Data          21  maixcam.o(.bss.maixcam_cmd)
    maixcam_det                              0x20000864   Data          24  maixcam.o(.bss.maixcam_det)
    maixcam_det_new                          0x2000087c   Data           1  maixcam.o(.bss.maixcam_det_new)
    maixcam_loc                              0x20000900   Data          16  maixcam.o(.bss.maixcam_loc)
    maixcam_loc_new                          0x20000910   Data           1  maixcam.o(.bss.maixcam_loc_new)
    maixcam_rx                               0x20000912   Data         134  maixcam.o(.bss.maixcam_rx)
    maixcam_rx_raw_buf                       0x20000998   Data          64  maixcam.o(.bss.maixcam_rx_raw_buf)
    maixcam_rx_raw_ready                     0x200009d8   Data           1  maixcam.o(.bss.maixcam_rx_raw_ready)
    status                                   0x20000e30   Data        1024  status.o(.bss.status)
    uwTick                                   0x200012e0   Data           4  stm32g4xx_hal.o(.bss.uwTick)
    __initial_sp                             0x200016e8   Data           0  startup_stm32g474xx.o(STACK)



==============================================================================

Memory Map of the image

  Image Entry point : 0x080001d9

  Load Region LR_IROM1 (Base: 0x08000000, Size: 0x00015e20, Max: 0x00020000, ABSOLUTE)

    Execution Region ER_IROM1 (Exec base: 0x08000000, Load base: 0x08000000, Size: 0x00015de4, Max: 0x00020000, ABSOLUTE)

    Exec Addr    Load Addr    Size         Type   Attr      Idx    E Section Name        Object

    0x08000000   0x08000000   0x000001d8   Data   RO            3    RESET               startup_stm32g474xx.o
    0x080001d8   0x080001d8   0x00000000   Code   RO         2984  * .ARM.Collect$$$$00000000  mc_w.l(entry.o)
    0x080001d8   0x080001d8   0x00000004   Code   RO         3290    .ARM.Collect$$$$00000001  mc_w.l(entry2.o)
    0x080001dc   0x080001dc   0x00000004   Code   RO         3293    .ARM.Collect$$$$00000004  mc_w.l(entry5.o)
    0x080001e0   0x080001e0   0x00000000   Code   RO         3295    .ARM.Collect$$$$00000008  mc_w.l(entry7b.o)
    0x080001e0   0x080001e0   0x00000000   Code   RO         3297    .ARM.Collect$$$$0000000A  mc_w.l(entry8b.o)
    0x080001e0   0x080001e0   0x00000008   Code   RO         3298    .ARM.Collect$$$$0000000B  mc_w.l(entry9a.o)
    0x080001e8   0x080001e8   0x00000000   Code   RO         3300    .ARM.Collect$$$$0000000D  mc_w.l(entry10a.o)
    0x080001e8   0x080001e8   0x00000000   Code   RO         3302    .ARM.Collect$$$$0000000F  mc_w.l(entry11a.o)
    0x080001e8   0x080001e8   0x00000004   Code   RO         3291    .ARM.Collect$$$$00002712  mc_w.l(entry2.o)
    0x080001ec   0x080001ec   0x00000024   Code   RO            4    .text               startup_stm32g474xx.o
    0x08000210   0x08000210   0x00000062   Code   RO         2987    .text               mc_w.l(uldiv.o)
    0x08000272   0x08000272   0x00000024   Code   RO         2989    .text               mc_w.l(memseta.o)
    0x08000296   0x08000296   0x0000000e   Code   RO         2991    .text               mc_w.l(strlen.o)
    0x080002a4   0x080002a4   0x0000014e   Code   RO         3256    .text               mf_w.l(dadd.o)
    0x080003f2   0x080003f2   0x000000e4   Code   RO         3258    .text               mf_w.l(dmul.o)
    0x080004d6   0x080004d6   0x000000de   Code   RO         3260    .text               mf_w.l(ddiv.o)
    0x080005b4   0x080005b4   0x0000002c   Code   RO         3262    .text               mf_w.l(ffltl.o)
    0x080005e0   0x080005e0   0x00000022   Code   RO         3264    .text               mf_w.l(dflti.o)
    0x08000602   0x08000602   0x0000001a   Code   RO         3266    .text               mf_w.l(dfltui.o)
    0x0800061c   0x0800061c   0x0000003e   Code   RO         3268    .text               mf_w.l(dfixi.o)
    0x0800065a   0x0800065a   0x00000026   Code   RO         3270    .text               mf_w.l(f2d.o)
    0x08000680   0x08000680   0x00000038   Code   RO         3272    .text               mf_w.l(d2f.o)
    0x080006b8   0x080006b8   0x0000002c   Code   RO         3305    .text               mc_w.l(uidiv.o)
    0x080006e4   0x080006e4   0x0000001e   Code   RO         3307    .text               mc_w.l(llshl.o)
    0x08000702   0x08000702   0x00000020   Code   RO         3309    .text               mc_w.l(llushr.o)
    0x08000722   0x08000722   0x00000024   Code   RO         3311    .text               mc_w.l(llsshr.o)
    0x08000746   0x08000746   0x00000002   PAD
    0x08000748   0x08000748   0x0000009c   Code   RO         3320    .text               mc_w.l(strtod.o)
    0x080007e4   0x080007e4   0x00000000   Code   RO         3324    .text               mc_w.l(iusefp.o)
    0x080007e4   0x080007e4   0x0000006e   Code   RO         3325    .text               mf_w.l(fepilogue.o)
    0x08000852   0x08000852   0x000000ba   Code   RO         3327    .text               mf_w.l(depilogue.o)
    0x0800090c   0x0800090c   0x00000030   Code   RO         3329    .text               mf_w.l(dfixul.o)
    0x0800093c   0x0800093c   0x00000030   Code   RO         3331    .text               mf_w.l(cdrcmple.o)
    0x0800096c   0x0800096c   0x00000024   Code   RO         3333    .text               mc_w.l(init.o)
    0x08000990   0x08000990   0x00000008   Code   RO         3337    .text               mc_w.l(ctype_o.o)
    0x08000998   0x08000998   0x00000012   Code   RO         3359    .text               mc_w.l(isspace_o.o)
    0x080009aa   0x080009aa   0x00000002   PAD
    0x080009ac   0x080009ac   0x00000360   Code   RO         3365    .text               mc_w.l(scanf_fp.o)
    0x08000d0c   0x08000d0c   0x00000040   Code   RO         3369    .text               mc_w.l(_sgetc.o)
    0x08000d4c   0x08000d4c   0x00000018   Code   RO         3378    .text               mf_w.l(dfltul.o)
    0x08000d64   0x08000d64   0x000000de   Code   RO          305    .text.ADC_ConversionStop  stm32g4xx_hal_adc.o
    0x08000e42   0x08000e42   0x00000002   PAD
    0x08000e44   0x08000e44   0x00000096   Code   RO          307    .text.ADC_Disable   stm32g4xx_hal_adc.o
    0x08000eda   0x08000eda   0x00000002   PAD
    0x08000edc   0x08000edc   0x00000078   Code   RO          315    .text.ADC_Enable    stm32g4xx_hal_adc.o
    0x08000f54   0x08000f54   0x00000006   Code   RO         2396    .text.BallMechanismLut_IndexFromRelative  ball_control.o
    0x08000f5a   0x08000f5a   0x00000002   PAD
    0x08000f5c   0x08000f5c   0x00000006   Code   RO         2400    .text.BallMechanismLut_RelativeFromIndex  ball_control.o
    0x08000f62   0x08000f62   0x00000002   PAD
    0x08000f64   0x08000f64   0x00000002   Code   RO          222    .text.BusFault_Handler  stm32g4xx_it.o
    0x08000f66   0x08000f66   0x00000002   PAD
    0x08000f68   0x08000f68   0x0000000c   Code   RO          234    .text.DMA1_Channel1_IRQHandler  stm32g4xx_it.o
    0x08000f74   0x08000f74   0x0000000c   Code   RO          236    .text.DMA1_Channel2_IRQHandler  stm32g4xx_it.o
    0x08000f80   0x08000f80   0x0000000c   Code   RO          238    .text.DMA1_Channel7_IRQHandler  stm32g4xx_it.o
    0x08000f8c   0x08000f8c   0x0000000c   Code   RO          258    .text.DMA2_Channel1_IRQHandler  stm32g4xx_it.o
    0x08000f98   0x08000f98   0x0000004c   Code   RO          905    .text.DMA_CalcDMAMUXChannelBaseAndMask  stm32g4xx_hal_dma.o
    0x08000fe4   0x08000fe4   0x0000002c   Code   RO          907    .text.DMA_CalcDMAMUXRequestGenBaseAndMask  stm32g4xx_hal_dma.o
    0x08001010   0x08001010   0x0000004c   Code   RO          913    .text.DMA_SetConfig  stm32g4xx_hal_dma.o
    0x0800105c   0x0800105c   0x00000002   Code   RO          228    .text.DebugMon_Handler  stm32g4xx_it.o
    0x0800105e   0x0800105e   0x00000002   PAD
    0x08001060   0x08001060   0x0000011c   Code   RO           11    .text.ESP8266_Init  lora.o
    0x0800117c   0x0800117c   0x00000030   Code   RO         2700    .text.Emm_V5_En_Control  emm_v5.o
    0x080011ac   0x080011ac   0x0000009e   Code   RO         2706    .text.Emm_V5_Pos_Absolute_Try  emm_v5.o
    0x0800124a   0x0800124a   0x00000002   PAD
    0x0800124c   0x0800124c   0x00000058   Code   RO         2704    .text.Emm_V5_Pos_Control  emm_v5.o
    0x080012a4   0x080012a4   0x00000026   Code   RO         2690    .text.Emm_V5_Reset_CurPos_To_Zero  emm_v5.o
    0x080012ca   0x080012ca   0x00000002   PAD
    0x080012cc   0x080012cc   0x0000000a   Code   RO           35    .text.Error_Handler  main.o
    0x080012d6   0x080012d6   0x00000002   PAD
    0x080012d8   0x080012d8   0x0000013c   Code   RO          524    .text.HAL_ADCEx_MultiModeConfigChannel  stm32g4xx_hal_adc_ex.o
    0x08001414   0x08001414   0x0000035e   Code   RO          361    .text.HAL_ADC_ConfigChannel  stm32g4xx_hal_adc.o
    0x08001772   0x08001772   0x00000002   PAD
    0x08001774   0x08001774   0x00000006   Code   RO          343    .text.HAL_ADC_GetValue  stm32g4xx_hal_adc.o
    0x0800177a   0x0800177a   0x00000002   PAD
    0x0800177c   0x0800177c   0x00000232   Code   RO          283    .text.HAL_ADC_Init  stm32g4xx_hal_adc.o
    0x080019ae   0x080019ae   0x00000002   PAD
    0x080019b0   0x080019b0   0x00000118   Code   RO           69    .text.HAL_ADC_MspInit  adc.o
    0x08001ac8   0x08001ac8   0x0000015a   Code   RO          321    .text.HAL_ADC_PollForConversion  stm32g4xx_hal_adc.o
    0x08001c22   0x08001c22   0x00000002   PAD
    0x08001c24   0x08001c24   0x0000014c   Code   RO          311    .text.HAL_ADC_Start  stm32g4xx_hal_adc.o
    0x08001d70   0x08001d70   0x00000044   Code   RO          319    .text.HAL_ADC_Stop  stm32g4xx_hal_adc.o
    0x08001db4   0x08001db4   0x0000006c   Code   RO          917    .text.HAL_DMA_Abort  stm32g4xx_hal_dma.o
    0x08001e20   0x08001e20   0x00000084   Code   RO          919    .text.HAL_DMA_Abort_IT  stm32g4xx_hal_dma.o
    0x08001ea4   0x08001ea4   0x00000004   Code   RO          931    .text.HAL_DMA_GetError  stm32g4xx_hal_dma.o
    0x08001ea8   0x08001ea8   0x00000006   Code   RO          929    .text.HAL_DMA_GetState  stm32g4xx_hal_dma.o
    0x08001eae   0x08001eae   0x00000002   PAD
    0x08001eb0   0x08001eb0   0x000000e0   Code   RO          923    .text.HAL_DMA_IRQHandler  stm32g4xx_hal_dma.o
    0x08001f90   0x08001f90   0x000000f0   Code   RO          903    .text.HAL_DMA_Init  stm32g4xx_hal_dma.o
    0x08002080   0x08002080   0x00000096   Code   RO          915    .text.HAL_DMA_Start_IT  stm32g4xx_hal_dma.o
    0x08002116   0x08002116   0x00000002   PAD
    0x08002118   0x08002118   0x00000028   Code   RO          579    .text.HAL_Delay     stm32g4xx_hal.o
    0x08002140   0x08002140   0x000001c2   Code   RO          847    .text.HAL_GPIO_Init  stm32g4xx_hal_gpio.o
    0x08002302   0x08002302   0x00000002   PAD
    0x08002304   0x08002304   0x0000000a   Code   RO          851    .text.HAL_GPIO_ReadPin  stm32g4xx_hal_gpio.o
    0x0800230e   0x0800230e   0x00000002   PAD
    0x08002310   0x08002310   0x00000010   Code   RO          853    .text.HAL_GPIO_WritePin  stm32g4xx_hal_gpio.o
    0x08002320   0x08002320   0x0000000c   Code   RO          571    .text.HAL_GetTick   stm32g4xx_hal.o
    0x0800232c   0x0800232c   0x00000052   Code   RO         1337    .text.HAL_I2CEx_ConfigAnalogFilter  stm32g4xx_hal_i2c_ex.o
    0x0800237e   0x0800237e   0x00000002   PAD
    0x08002380   0x08002380   0x0000004e   Code   RO         1339    .text.HAL_I2CEx_ConfigDigitalFilter  stm32g4xx_hal_i2c_ex.o
    0x080023ce   0x080023ce   0x00000002   PAD
    0x080023d0   0x080023d0   0x00000002   Code   RO         1302    .text.HAL_I2C_AbortCpltCallback  stm32g4xx_hal_i2c.o
    0x080023d2   0x080023d2   0x00000002   PAD
    0x080023d4   0x080023d4   0x00000002   Code   RO         1292    .text.HAL_I2C_AddrCallback  stm32g4xx_hal_i2c.o
    0x080023d6   0x080023d6   0x00000002   PAD
    0x080023d8   0x080023d8   0x00000066   Code   RO         1280    .text.HAL_I2C_ER_IRQHandler  stm32g4xx_hal_i2c.o
    0x0800243e   0x0800243e   0x00000002   PAD
    0x08002440   0x08002440   0x00000018   Code   RO         1278    .text.HAL_I2C_EV_IRQHandler  stm32g4xx_hal_i2c.o
    0x08002458   0x08002458   0x0000002e   Code   RO         2447    .text.HAL_I2C_ErrorCallback  gy901.o
    0x08002486   0x08002486   0x00000002   PAD
    0x08002488   0x08002488   0x000000bc   Code   RO         1168    .text.HAL_I2C_Init  stm32g4xx_hal_i2c.o
    0x08002544   0x08002544   0x00000002   Code   RO         1294    .text.HAL_I2C_ListenCpltCallback  stm32g4xx_hal_i2c.o
    0x08002546   0x08002546   0x00000002   PAD
    0x08002548   0x08002548   0x00000002   Code   RO         1286    .text.HAL_I2C_MasterRxCpltCallback  stm32g4xx_hal_i2c.o
    0x0800254a   0x0800254a   0x00000002   PAD
    0x0800254c   0x0800254c   0x00000002   Code   RO         1284    .text.HAL_I2C_MasterTxCpltCallback  stm32g4xx_hal_i2c.o
    0x0800254e   0x0800254e   0x00000002   PAD
    0x08002550   0x08002550   0x00000040   Code   RO         2445    .text.HAL_I2C_MemRxCpltCallback  gy901.o
    0x08002590   0x08002590   0x00000002   Code   RO         1296    .text.HAL_I2C_MemTxCpltCallback  stm32g4xx_hal_i2c.o
    0x08002592   0x08002592   0x00000002   PAD
    0x08002594   0x08002594   0x0000015a   Code   RO         1246    .text.HAL_I2C_Mem_Read_DMA  stm32g4xx_hal_i2c.o
    0x080026ee   0x080026ee   0x00000002   PAD
    0x080026f0   0x080026f0   0x0000013e   Code   RO          102    .text.HAL_I2C_MspInit  i2c.o
    0x0800282e   0x0800282e   0x00000002   PAD
    0x08002830   0x08002830   0x00000002   Code   RO         1290    .text.HAL_I2C_SlaveRxCpltCallback  stm32g4xx_hal_i2c.o
    0x08002832   0x08002832   0x00000002   PAD
    0x08002834   0x08002834   0x00000002   Code   RO         1288    .text.HAL_I2C_SlaveTxCpltCallback  stm32g4xx_hal_i2c.o
    0x08002836   0x08002836   0x00000002   PAD
    0x08002838   0x08002838   0x0000001a   Code   RO          569    .text.HAL_IncTick   stm32g4xx_hal.o
    0x08002852   0x08002852   0x00000002   PAD
    0x08002854   0x08002854   0x00000020   Code   RO          559    .text.HAL_Init      stm32g4xx_hal.o
    0x08002874   0x08002874   0x00000058   Code   RO          561    .text.HAL_InitTick  stm32g4xx_hal.o
    0x080028cc   0x080028cc   0x00000034   Code   RO          270    .text.HAL_MspInit   stm32g4xx_hal_msp.o
    0x08002900   0x08002900   0x00000004   Code   RO         1105    .text.HAL_NVIC_EnableIRQ  stm32g4xx_hal_cortex.o
    0x08002904   0x08002904   0x00000020   Code   RO         1097    .text.HAL_NVIC_SetPriority  stm32g4xx_hal_cortex.o
    0x08002924   0x08002924   0x00000004   Code   RO         1093    .text.HAL_NVIC_SetPriorityGrouping  stm32g4xx_hal_cortex.o
    0x08002928   0x08002928   0x000000d2   Code   RO         1010    .text.HAL_PWREx_ControlVoltageScaling  stm32g4xx_hal_pwr_ex.o
    0x080029fa   0x080029fa   0x00000002   PAD
    0x080029fc   0x080029fc   0x00000012   Code   RO         1080    .text.HAL_PWREx_DisableUCPDDeadBattery  stm32g4xx_hal_pwr_ex.o
    0x08002a0e   0x08002a0e   0x00000002   PAD
    0x08002a10   0x08002a10   0x000002dc   Code   RO          686    .text.HAL_RCCEx_PeriphCLKConfig  stm32g4xx_hal_rcc_ex.o
    0x08002cec   0x08002cec   0x000001f0   Code   RO          647    .text.HAL_RCC_ClockConfig  stm32g4xx_hal_rcc.o
    0x08002edc   0x08002edc   0x0000000c   Code   RO          655    .text.HAL_RCC_GetHCLKFreq  stm32g4xx_hal_rcc.o
    0x08002ee8   0x08002ee8   0x00000026   Code   RO          657    .text.HAL_RCC_GetPCLK1Freq  stm32g4xx_hal_rcc.o
    0x08002f0e   0x08002f0e   0x00000002   PAD
    0x08002f10   0x08002f10   0x00000026   Code   RO          659    .text.HAL_RCC_GetPCLK2Freq  stm32g4xx_hal_rcc.o
    0x08002f36   0x08002f36   0x00000002   PAD
    0x08002f38   0x08002f38   0x00000076   Code   RO          651    .text.HAL_RCC_GetSysClockFreq  stm32g4xx_hal_rcc.o
    0x08002fae   0x08002fae   0x00000002   PAD
    0x08002fb0   0x08002fb0   0x000004f0   Code   RO          645    .text.HAL_RCC_OscConfig  stm32g4xx_hal_rcc.o
    0x080034a0   0x080034a0   0x00000106   Code   RO         1360    .text.HAL_SPI_Init  stm32g4xx_hal_spi.o
    0x080035a6   0x080035a6   0x00000002   PAD
    0x080035a8   0x080035a8   0x0000006c   Code   RO          121    .text.HAL_SPI_MspInit  spi.o
    0x08003614   0x08003614   0x00000004   Code   RO         1117    .text.HAL_SYSTICK_Config  stm32g4xx_hal_cortex.o
    0x08003618   0x08003618   0x00000002   Code   RO         1873    .text.HAL_TIMEx_Break2Callback  stm32g4xx_hal_tim_ex.o
    0x0800361a   0x0800361a   0x00000002   PAD
    0x0800361c   0x0800361c   0x00000002   Code   RO         1871    .text.HAL_TIMEx_BreakCallback  stm32g4xx_hal_tim_ex.o
    0x0800361e   0x0800361e   0x00000002   PAD
    0x08003620   0x08003620   0x00000002   Code   RO         1867    .text.HAL_TIMEx_CommutCallback  stm32g4xx_hal_tim_ex.o
    0x08003622   0x08003622   0x00000002   PAD
    0x08003624   0x08003624   0x0000010a   Code   RO         1819    .text.HAL_TIMEx_ConfigBreakDeadTime  stm32g4xx_hal_tim_ex.o
    0x0800372e   0x0800372e   0x00000002   PAD
    0x08003730   0x08003730   0x00000002   Code   RO         1877    .text.HAL_TIMEx_DirectionChangeCallback  stm32g4xx_hal_tim_ex.o
    0x08003732   0x08003732   0x00000002   PAD
    0x08003734   0x08003734   0x00000002   Code   RO         1875    .text.HAL_TIMEx_EncoderIndexCallback  stm32g4xx_hal_tim_ex.o
    0x08003736   0x08003736   0x00000002   PAD
    0x08003738   0x08003738   0x00000002   Code   RO         1879    .text.HAL_TIMEx_IndexErrorCallback  stm32g4xx_hal_tim_ex.o
    0x0800373a   0x0800373a   0x00000002   PAD
    0x0800373c   0x0800373c   0x000000e8   Code   RO         1817    .text.HAL_TIMEx_MasterConfigSynchronization  stm32g4xx_hal_tim_ex.o
    0x08003824   0x08003824   0x00000002   Code   RO         1881    .text.HAL_TIMEx_TransitionErrorCallback  stm32g4xx_hal_tim_ex.o
    0x08003826   0x08003826   0x00000002   PAD
    0x08003828   0x08003828   0x00000062   Code   RO         1496    .text.HAL_TIM_Base_Init  stm32g4xx_hal_tim.o
    0x0800388a   0x0800388a   0x00000002   PAD
    0x0800388c   0x0800388c   0x00000086   Code   RO          157    .text.HAL_TIM_Base_MspInit  tim.o
    0x08003912   0x08003912   0x00000002   PAD
    0x08003914   0x08003914   0x000000be   Code   RO         1510    .text.HAL_TIM_Base_Start_IT  stm32g4xx_hal_tim.o
    0x080039d2   0x080039d2   0x00000002   PAD
    0x080039d4   0x080039d4   0x0000013e   Code   RO         1692    .text.HAL_TIM_ConfigClockSource  stm32g4xx_hal_tim.o
    0x08003b12   0x08003b12   0x00000002   PAD
    0x08003b14   0x08003b14   0x000000c2   Code   RO         1610    .text.HAL_TIM_Encoder_Init  stm32g4xx_hal_tim.o
    0x08003bd6   0x08003bd6   0x00000002   PAD
    0x08003bd8   0x08003bd8   0x00000174   Code   RO          155    .text.HAL_TIM_Encoder_MspInit  tim.o
    0x08003d4c   0x08003d4c   0x00000098   Code   RO         1618    .text.HAL_TIM_Encoder_Start  stm32g4xx_hal_tim.o
    0x08003de4   0x08003de4   0x00000002   Code   RO         1632    .text.HAL_TIM_IC_CaptureCallback  stm32g4xx_hal_tim.o
    0x08003de6   0x08003de6   0x00000002   PAD
    0x08003de8   0x08003de8   0x00000210   Code   RO         1630    .text.HAL_TIM_IRQHandler  stm32g4xx_hal_tim.o
    0x08003ff8   0x08003ff8   0x000000a8   Code   RO          151    .text.HAL_TIM_MspPostInit  tim.o
    0x080040a0   0x080040a0   0x00000002   Code   RO         1634    .text.HAL_TIM_OC_DelayElapsedCallback  stm32g4xx_hal_tim.o
    0x080040a2   0x080040a2   0x00000002   PAD
    0x080040a4   0x080040a4   0x00000116   Code   RO         1666    .text.HAL_TIM_PWM_ConfigChannel  stm32g4xx_hal_tim.o
    0x080041ba   0x080041ba   0x00000002   PAD
    0x080041bc   0x080041bc   0x00000062   Code   RO         1550    .text.HAL_TIM_PWM_Init  stm32g4xx_hal_tim.o
    0x0800421e   0x0800421e   0x00000002   PAD
    0x08004220   0x08004220   0x00000030   Code   RO          159    .text.HAL_TIM_PWM_MspInit  tim.o
    0x08004250   0x08004250   0x00000002   Code   RO         1636    .text.HAL_TIM_PWM_PulseFinishedCallback  stm32g4xx_hal_tim.o
    0x08004252   0x08004252   0x00000002   PAD
    0x08004254   0x08004254   0x00000146   Code   RO         1558    .text.HAL_TIM_PWM_Start  stm32g4xx_hal_tim.o
    0x0800439a   0x0800439a   0x00000002   PAD
    0x0800439c   0x0800439c   0x00000046   Code   RO         2199    .text.HAL_TIM_PeriodElapsedCallback  timer_it.o
    0x080043e2   0x080043e2   0x00000002   PAD
    0x080043e4   0x080043e4   0x00000002   Code   RO         1640    .text.HAL_TIM_TriggerCallback  stm32g4xx_hal_tim.o
    0x080043e6   0x080043e6   0x00000002   PAD
    0x080043e8   0x080043e8   0x00000040   Code   RO         2072    .text.HAL_UARTEx_DisableFifoMode  stm32g4xx_hal_uart_ex.o
    0x08004428   0x08004428   0x0000005e   Code   RO         2082    .text.HAL_UARTEx_ReceiveToIdle_DMA  stm32g4xx_hal_uart_ex.o
    0x08004486   0x08004486   0x00000002   PAD
    0x08004488   0x08004488   0x0000007c   Code   RO         2238    .text.HAL_UARTEx_RxEventCallback  uart_it.o
    0x08004504   0x08004504   0x00000002   Code   RO         2054    .text.HAL_UARTEx_RxFifoFullCallback  stm32g4xx_hal_uart_ex.o
    0x08004506   0x08004506   0x00000002   PAD
    0x08004508   0x08004508   0x0000005a   Code   RO         2076    .text.HAL_UARTEx_SetRxFifoThreshold  stm32g4xx_hal_uart_ex.o
    0x08004562   0x08004562   0x00000002   PAD
    0x08004564   0x08004564   0x0000005a   Code   RO         2074    .text.HAL_UARTEx_SetTxFifoThreshold  stm32g4xx_hal_uart_ex.o
    0x080045be   0x080045be   0x00000002   PAD
    0x080045c0   0x080045c0   0x00000002   Code   RO         2056    .text.HAL_UARTEx_TxFifoEmptyCallback  stm32g4xx_hal_uart_ex.o
    0x080045c2   0x080045c2   0x00000002   PAD
    0x080045c4   0x080045c4   0x00000002   Code   RO         2052    .text.HAL_UARTEx_WakeupCallback  stm32g4xx_hal_uart_ex.o
    0x080045c6   0x080045c6   0x00000002   PAD
    0x080045c8   0x080045c8   0x000000b2   Code   RO         1964    .text.HAL_UART_AbortReceive  stm32g4xx_hal_uart.o
    0x0800467a   0x0800467a   0x00000002   PAD
    0x0800467c   0x0800467c   0x00000098   Code   RO         1962    .text.HAL_UART_AbortTransmit  stm32g4xx_hal_uart.o
    0x08004714   0x08004714   0x00000136   Code   RO         2242    .text.HAL_UART_ErrorCallback  uart_it.o
    0x0800484a   0x0800484a   0x00000002   PAD
    0x0800484c   0x0800484c   0x00000326   Code   RO         1986    .text.HAL_UART_IRQHandler  stm32g4xx_hal_uart.o
    0x08004b72   0x08004b72   0x00000002   PAD
    0x08004b74   0x08004b74   0x0000006a   Code   RO         1898    .text.HAL_UART_Init  stm32g4xx_hal_uart.o
    0x08004bde   0x08004bde   0x00000002   PAD
    0x08004be0   0x08004be0   0x00000320   Code   RO          194    .text.HAL_UART_MspInit  usart.o
    0x08004f00   0x08004f00   0x0000006e   Code   RO         1934    .text.HAL_UART_Receive_IT  stm32g4xx_hal_uart.o
    0x08004f6e   0x08004f6e   0x00000002   PAD
    0x08004f70   0x08004f70   0x0000010c   Code   RO         2234    .text.HAL_UART_RxCpltCallback  uart_it.o
    0x0800507c   0x0800507c   0x00000002   Code   RO         2002    .text.HAL_UART_RxHalfCpltCallback  stm32g4xx_hal_uart.o
    0x0800507e   0x0800507e   0x00000002   PAD
    0x08005080   0x08005080   0x000000de   Code   RO         1918    .text.HAL_UART_Transmit  stm32g4xx_hal_uart.o
    0x0800515e   0x0800515e   0x00000002   PAD
    0x08005160   0x08005160   0x000000ae   Code   RO         1938    .text.HAL_UART_Transmit_DMA  stm32g4xx_hal_uart.o
    0x0800520e   0x0800520e   0x00000002   PAD
    0x08005210   0x08005210   0x0000002e   Code   RO         2240    .text.HAL_UART_TxCpltCallback  uart_it.o
    0x0800523e   0x0800523e   0x00000002   PAD
    0x08005240   0x08005240   0x00000002   Code   RO         1998    .text.HAL_UART_TxHalfCpltCallback  stm32g4xx_hal_uart.o
    0x08005242   0x08005242   0x00000002   PAD
    0x08005244   0x08005244   0x00000002   Code   RO          218    .text.HardFault_Handler  stm32g4xx_it.o
    0x08005246   0x08005246   0x00000002   PAD
    0x08005248   0x08005248   0x0000000c   Code   RO          246    .text.I2C1_ER_IRQHandler  stm32g4xx_it.o
    0x08005254   0x08005254   0x0000000c   Code   RO          244    .text.I2C1_EV_IRQHandler  stm32g4xx_it.o
    0x08005260   0x08005260   0x0000001a   Code   RO         1264    .text.I2C_DMAAbort  stm32g4xx_hal_i2c.o
    0x0800527a   0x0800527a   0x00000002   PAD
    0x0800527c   0x0800527c   0x00000012   Code   RO         1216    .text.I2C_DMAError  stm32g4xx_hal_i2c.o
    0x0800528e   0x0800528e   0x00000002   PAD
    0x08005290   0x08005290   0x0000005a   Code   RO         1220    .text.I2C_DMAMasterReceiveCplt  stm32g4xx_hal_i2c.o
    0x080052ea   0x080052ea   0x00000002   PAD
    0x080052ec   0x080052ec   0x00000060   Code   RO         1262    .text.I2C_Disable_IRQ  stm32g4xx_hal_i2c.o
    0x0800534c   0x0800534c   0x00000072   Code   RO         1200    .text.I2C_Enable_IRQ  stm32g4xx_hal_i2c.o
    0x080053be   0x080053be   0x00000002   PAD
    0x080053c0   0x080053c0   0x00000022   Code   RO         1192    .text.I2C_Flush_TXDR  stm32g4xx_hal_i2c.o
    0x080053e2   0x080053e2   0x00000002   PAD
    0x080053e4   0x080053e4   0x000000a6   Code   RO         1320    .text.I2C_ITAddrCplt  stm32g4xx_hal_i2c.o
    0x0800548a   0x0800548a   0x00000002   PAD
    0x0800548c   0x0800548c   0x000000f6   Code   RO         1282    .text.I2C_ITError   stm32g4xx_hal_i2c.o
    0x08005582   0x08005582   0x00000002   PAD
    0x08005584   0x08005584   0x00000062   Code   RO         1316    .text.I2C_ITListenCplt  stm32g4xx_hal_i2c.o
    0x080055e6   0x080055e6   0x00000002   PAD
    0x080055e8   0x080055e8   0x00000102   Code   RO         1312    .text.I2C_ITMasterCplt  stm32g4xx_hal_i2c.o
    0x080056ea   0x080056ea   0x00000002   PAD
    0x080056ec   0x080056ec   0x00000050   Code   RO         1310    .text.I2C_ITMasterSeqCplt  stm32g4xx_hal_i2c.o
    0x0800573c   0x0800573c   0x0000014e   Code   RO         1314    .text.I2C_ITSlaveCplt  stm32g4xx_hal_i2c.o
    0x0800588a   0x0800588a   0x00000002   PAD
    0x0800588c   0x0800588c   0x00000088   Code   RO         1318    .text.I2C_ITSlaveSeqCplt  stm32g4xx_hal_i2c.o
    0x08005914   0x08005914   0x00000162   Code   RO         1324    .text.I2C_IsErrorOccurred  stm32g4xx_hal_i2c.o
    0x08005a76   0x08005a76   0x00000002   PAD
    0x08005a78   0x08005a78   0x00000108   Code   RO         1212    .text.I2C_Master_ISR_DMA  stm32g4xx_hal_i2c.o
    0x08005b80   0x08005b80   0x00000070   Code   RO         1238    .text.I2C_RequestMemoryRead  stm32g4xx_hal_i2c.o
    0x08005bf0   0x08005bf0   0x0000013c   Code   RO         1224    .text.I2C_Slave_ISR_DMA  stm32g4xx_hal_i2c.o
    0x08005d2c   0x08005d2c   0x00000108   Code   RO         1206    .text.I2C_Slave_ISR_IT  stm32g4xx_hal_i2c.o
    0x08005e34   0x08005e34   0x00000036   Code   RO         1180    .text.I2C_TransferConfig  stm32g4xx_hal_i2c.o
    0x08005e6a   0x08005e6a   0x00000002   PAD
    0x08005e6c   0x08005e6c   0x00000026   Code   RO         1322    .text.I2C_TreatErrorCallback  stm32g4xx_hal_i2c.o
    0x08005e92   0x08005e92   0x00000002   PAD
    0x08005e94   0x08005e94   0x00000078   Code   RO         1178    .text.I2C_WaitOnFlagUntilTimeout  stm32g4xx_hal_i2c.o
    0x08005f0c   0x08005f0c   0x00000060   Code   RO         1182    .text.I2C_WaitOnTXISFlagUntilTimeout  stm32g4xx_hal_i2c.o
    0x08005f6c   0x08005f6c   0x00000014   Code   RO          421    .text.LL_ADC_Disable  stm32g4xx_hal_adc.o
    0x08005f80   0x08005f80   0x00000010   Code   RO          289    .text.LL_ADC_DisableDeepPowerDown  stm32g4xx_hal_adc.o
    0x08005f90   0x08005f90   0x00000014   Code   RO          419    .text.LL_ADC_Enable  stm32g4xx_hal_adc.o
    0x08005fa4   0x08005fa4   0x00000014   Code   RO          293    .text.LL_ADC_EnableInternalRegulator  stm32g4xx_hal_adc.o
    0x08005fb8   0x08005fb8   0x00000008   Code   RO          381    .text.LL_ADC_GetCommonPathInternalCh  stm32g4xx_hal_adc.o
    0x08005fc0   0x08005fc0   0x00000008   Code   RO          323    .text.LL_ADC_GetMultiDMATransfer  stm32g4xx_hal_adc.o
    0x08005fc8   0x08005fc8   0x00000008   Code   RO          313    .text.LL_ADC_GetMultimode  stm32g4xx_hal_adc.o
    0x08005fd0   0x08005fd0   0x0000000c   Code   RO          375    .text.LL_ADC_GetOffsetChannel  stm32g4xx_hal_adc.o
    0x08005fdc   0x08005fdc   0x00000008   Code   RO          301    .text.LL_ADC_INJ_IsConversionOngoing  stm32g4xx_hal_adc.o
    0x08005fe4   0x08005fe4   0x00000014   Code   RO          417    .text.LL_ADC_INJ_StopConversion  stm32g4xx_hal_adc.o
    0x08005ff8   0x08005ff8   0x00000008   Code   RO          287    .text.LL_ADC_IsDeepPowerDownEnabled  stm32g4xx_hal_adc.o
    0x08006000   0x08006000   0x00000008   Code   RO          413    .text.LL_ADC_IsDisableOngoing  stm32g4xx_hal_adc.o
    0x08006008   0x08006008   0x00000008   Code   RO          297    .text.LL_ADC_IsEnabled  stm32g4xx_hal_adc.o
    0x08006010   0x08006010   0x00000008   Code   RO          450    .text.LL_ADC_IsEnabled  stm32g4xx_hal_adc_ex.o
    0x08006018   0x08006018   0x00000008   Code   RO          291    .text.LL_ADC_IsInternalRegulatorEnabled  stm32g4xx_hal_adc.o
    0x08006020   0x08006020   0x00000008   Code   RO          295    .text.LL_ADC_REG_IsConversionOngoing  stm32g4xx_hal_adc.o
    0x08006028   0x08006028   0x00000008   Code   RO          446    .text.LL_ADC_REG_IsConversionOngoing  stm32g4xx_hal_adc_ex.o
    0x08006030   0x08006030   0x0000000e   Code   RO          325    .text.LL_ADC_REG_IsTriggerSourceSWStart  stm32g4xx_hal_adc.o
    0x0800603e   0x0800603e   0x00000002   PAD
    0x08006040   0x08006040   0x00000024   Code   RO          363    .text.LL_ADC_REG_SetSequencerRanks  stm32g4xx_hal_adc.o
    0x08006064   0x08006064   0x00000014   Code   RO          317    .text.LL_ADC_REG_StartConversion  stm32g4xx_hal_adc.o
    0x08006078   0x08006078   0x00000014   Code   RO          415    .text.LL_ADC_REG_StopConversion  stm32g4xx_hal_adc.o
    0x0800608c   0x0800608c   0x00000020   Code   RO          365    .text.LL_ADC_SetChannelSamplingTime  stm32g4xx_hal_adc.o
    0x080060ac   0x080060ac   0x0000003a   Code   RO          379    .text.LL_ADC_SetChannelSingleDiff  stm32g4xx_hal_adc.o
    0x080060e6   0x080060e6   0x00000002   PAD
    0x080060e8   0x080060e8   0x0000000c   Code   RO          299    .text.LL_ADC_SetCommonClock  stm32g4xx_hal_adc.o
    0x080060f4   0x080060f4   0x0000000c   Code   RO          383    .text.LL_ADC_SetCommonPathInternalCh  stm32g4xx_hal_adc.o
    0x08006100   0x08006100   0x00000020   Code   RO          369    .text.LL_ADC_SetOffset  stm32g4xx_hal_adc.o
    0x08006120   0x08006120   0x00000010   Code   RO          373    .text.LL_ADC_SetOffsetSaturation  stm32g4xx_hal_adc.o
    0x08006130   0x08006130   0x00000010   Code   RO          371    .text.LL_ADC_SetOffsetSign  stm32g4xx_hal_adc.o
    0x08006140   0x08006140   0x0000000e   Code   RO          377    .text.LL_ADC_SetOffsetState  stm32g4xx_hal_adc.o
    0x0800614e   0x0800614e   0x00000002   PAD
    0x08006150   0x08006150   0x0000000c   Code   RO          367    .text.LL_ADC_SetSamplingTimeCommonConfig  stm32g4xx_hal_adc.o
    0x0800615c   0x0800615c   0x000000be   Code   RO           65    .text.MX_ADC3_Init  adc.o
    0x0800621a   0x0800621a   0x00000002   PAD
    0x0800621c   0x0800621c   0x00000094   Code   RO           67    .text.MX_ADC5_Init  adc.o
    0x080062b0   0x080062b0   0x00000088   Code   RO           87    .text.MX_DMA_Init   dma.o
    0x08006338   0x08006338   0x0000017a   Code   RO           52    .text.MX_GPIO_Init  gpio.o
    0x080064b2   0x080064b2   0x00000002   PAD
    0x080064b4   0x080064b4   0x00000072   Code   RO          100    .text.MX_I2C1_Init  i2c.o
    0x08006526   0x08006526   0x00000002   PAD
    0x08006528   0x08006528   0x00000050   Code   RO          119    .text.MX_SPI1_Init  spi.o
    0x08006578   0x08006578   0x0000012e   Code   RO          153    .text.MX_TIM15_Init  tim.o
    0x080066a6   0x080066a6   0x00000002   PAD
    0x080066a8   0x080066a8   0x00000072   Code   RO          137    .text.MX_TIM1_Init  tim.o
    0x0800671a   0x0800671a   0x00000002   PAD
    0x0800671c   0x0800671c   0x0000006a   Code   RO          139    .text.MX_TIM2_Init  tim.o
    0x08006786   0x08006786   0x00000002   PAD
    0x08006788   0x08006788   0x0000006e   Code   RO          141    .text.MX_TIM3_Init  tim.o
    0x080067f6   0x080067f6   0x00000002   PAD
    0x080067f8   0x080067f8   0x0000006e   Code   RO          143    .text.MX_TIM4_Init  tim.o
    0x08006866   0x08006866   0x00000002   PAD
    0x08006868   0x08006868   0x00000082   Code   RO          145    .text.MX_TIM5_Init  tim.o
    0x080068ea   0x080068ea   0x00000002   PAD
    0x080068ec   0x080068ec   0x00000054   Code   RO          147    .text.MX_TIM6_Init  tim.o
    0x08006940   0x08006940   0x0000013a   Code   RO          149    .text.MX_TIM8_Init  tim.o
    0x08006a7a   0x08006a7a   0x00000002   PAD
    0x08006a7c   0x08006a7c   0x00000086   Code   RO          186    .text.MX_UART4_Init  usart.o
    0x08006b02   0x08006b02   0x00000002   PAD
    0x08006b04   0x08006b04   0x00000086   Code   RO          188    .text.MX_USART1_UART_Init  usart.o
    0x08006b8a   0x08006b8a   0x00000002   PAD
    0x08006b8c   0x08006b8c   0x00000086   Code   RO          190    .text.MX_USART2_UART_Init  usart.o
    0x08006c12   0x08006c12   0x00000002   PAD
    0x08006c14   0x08006c14   0x00000086   Code   RO          192    .text.MX_USART3_UART_Init  usart.o
    0x08006c9a   0x08006c9a   0x00000002   PAD
    0x08006c9c   0x08006c9c   0x00000002   Code   RO          220    .text.MemManage_Handler  stm32g4xx_it.o
    0x08006c9e   0x08006c9e   0x00000002   PAD
    0x08006ca0   0x08006ca0   0x00000002   Code   RO          216    .text.NMI_Handler   stm32g4xx_it.o
    0x08006ca2   0x08006ca2   0x00000002   PAD
    0x08006ca4   0x08006ca4   0x00000036   Code   RO         1103    .text.NVIC_EncodePriority  stm32g4xx_hal_cortex.o
    0x08006cda   0x08006cda   0x00000002   PAD
    0x08006cdc   0x08006cdc   0x00000002   Code   RO          230    .text.PendSV_Handler  stm32g4xx_it.o
    0x08006cde   0x08006cde   0x00000002   PAD
    0x08006ce0   0x08006ce0   0x0000004e   Code   RO          649    .text.RCC_GetSysClockFreqFromPLLSource  stm32g4xx_hal_rcc.o
    0x08006d2e   0x08006d2e   0x00000002   PAD
    0x08006d30   0x08006d30   0x00000002   Code   RO          226    .text.SVC_Handler   stm32g4xx_it.o
    0x08006d32   0x08006d32   0x00000002   PAD
    0x08006d34   0x08006d34   0x00000034   Code   RO         1119    .text.SysTick_Config  stm32g4xx_hal_cortex.o
    0x08006d68   0x08006d68   0x00000004   Code   RO          232    .text.SysTick_Handler  stm32g4xx_it.o
    0x08006d6c   0x08006d6c   0x0000006c   Code   RO           31    .text.SystemClock_Config  main.o
    0x08006dd8   0x08006dd8   0x00000012   Code   RO         2095    .text.SystemInit    system_stm32g4xx.o
    0x08006dea   0x08006dea   0x00000002   PAD
    0x08006dec   0x08006dec   0x0000000c   Code   RO          240    .text.TIM1_TRG_COM_TIM17_IRQHandler  stm32g4xx_it.o
    0x08006df8   0x08006df8   0x0000000c   Code   RO          242    .text.TIM4_IRQHandler  stm32g4xx_it.o
    0x08006e04   0x08006e04   0x0000000c   Code   RO          254    .text.TIM5_IRQHandler  stm32g4xx_it.o
    0x08006e10   0x08006e10   0x0000013a   Code   RO         1500    .text.TIM_Base_SetConfig  stm32g4xx_hal_tim.o
    0x08006f4a   0x08006f4a   0x00000002   PAD
    0x08006f4c   0x08006f4c   0x0000001e   Code   RO         1534    .text.TIM_CCxChannelCmd  stm32g4xx_hal_tim.o
    0x08006f6a   0x08006f6a   0x00000002   PAD
    0x08006f6c   0x08006f6c   0x00000012   Code   RO         1690    .text.TIM_ETR_SetConfig  stm32g4xx_hal_tim.o
    0x08006f7e   0x08006f7e   0x00000002   PAD
    0x08006f80   0x08006f80   0x00000016   Code   RO         1696    .text.TIM_ITRx_SetConfig  stm32g4xx_hal_tim.o
    0x08006f96   0x08006f96   0x00000002   PAD
    0x08006f98   0x08006f98   0x00000084   Code   RO         1644    .text.TIM_OC1_SetConfig  stm32g4xx_hal_tim.o
    0x0800701c   0x0800701c   0x0000009e   Code   RO         1646    .text.TIM_OC2_SetConfig  stm32g4xx_hal_tim.o
    0x080070ba   0x080070ba   0x00000002   PAD
    0x080070bc   0x080070bc   0x0000009e   Code   RO         1648    .text.TIM_OC3_SetConfig  stm32g4xx_hal_tim.o
    0x0800715a   0x0800715a   0x00000002   PAD
    0x0800715c   0x0800715c   0x0000009e   Code   RO         1650    .text.TIM_OC4_SetConfig  stm32g4xx_hal_tim.o
    0x080071fa   0x080071fa   0x00000002   PAD
    0x080071fc   0x080071fc   0x00000062   Code   RO         1652    .text.TIM_OC5_SetConfig  stm32g4xx_hal_tim.o
    0x0800725e   0x0800725e   0x00000002   PAD
    0x08007260   0x08007260   0x00000062   Code   RO         1654    .text.TIM_OC6_SetConfig  stm32g4xx_hal_tim.o
    0x080072c2   0x080072c2   0x00000002   PAD
    0x080072c4   0x080072c4   0x00000022   Code   RO         1694    .text.TIM_TI1_ConfigInputStage  stm32g4xx_hal_tim.o
    0x080072e6   0x080072e6   0x00000002   PAD
    0x080072e8   0x080072e8   0x00000022   Code   RO         1698    .text.TIM_TI2_ConfigInputStage  stm32g4xx_hal_tim.o
    0x0800730a   0x0800730a   0x00000002   PAD
    0x0800730c   0x0800730c   0x0000000c   Code   RO          256    .text.UART4_IRQHandler  stm32g4xx_it.o
    0x08007318   0x08007318   0x00000060   Code   RO         2070    .text.UARTEx_SetNbDataToProcess  stm32g4xx_hal_uart_ex.o
    0x08007378   0x08007378   0x000000cc   Code   RO         1904    .text.UART_AdvFeatureConfig  stm32g4xx_hal_uart.o
    0x08007444   0x08007444   0x00000072   Code   RO         1906    .text.UART_CheckIdleState  stm32g4xx_hal_uart.o
    0x080074b6   0x080074b6   0x00000002   PAD
    0x080074b8   0x080074b8   0x00000010   Code   RO         1988    .text.UART_DMAAbortOnError  stm32g4xx_hal_uart.o
    0x080074c8   0x080074c8   0x00000056   Code   RO         1944    .text.UART_DMAError  stm32g4xx_hal_uart.o
    0x0800751e   0x0800751e   0x00000002   PAD
    0x08007520   0x08007520   0x00000082   Code   RO         2034    .text.UART_DMAReceiveCplt  stm32g4xx_hal_uart.o
    0x080075a2   0x080075a2   0x00000002   PAD
    0x080075a4   0x080075a4   0x00000018   Code   RO         2036    .text.UART_DMARxHalfCplt  stm32g4xx_hal_uart.o
    0x080075bc   0x080075bc   0x00000042   Code   RO         1940    .text.UART_DMATransmitCplt  stm32g4xx_hal_uart.o
    0x080075fe   0x080075fe   0x00000002   PAD
    0x08007600   0x08007600   0x00000006   Code   RO         1942    .text.UART_DMATxHalfCplt  stm32g4xx_hal_uart.o
    0x08007606   0x08007606   0x00000002   PAD
    0x08007608   0x08007608   0x0000005a   Code   RO         1958    .text.UART_EndRxTransfer  stm32g4xx_hal_uart.o
    0x08007662   0x08007662   0x00000002   PAD
    0x08007664   0x08007664   0x00000022   Code   RO         1994    .text.UART_EndTransmit_IT  stm32g4xx_hal_uart.o
    0x08007686   0x08007686   0x00000002   PAD
    0x08007688   0x08007688   0x00000030   Code   RO         1956    .text.UART_EndTxTransfer  stm32g4xx_hal_uart.o
    0x080076b8   0x080076b8   0x00000284   Code   RO         2232    .text.UART_PID_Tune  uart_it.o
    0x0800793c   0x0800793c   0x000000a4   Code   RO         2030    .text.UART_RxISR_16BIT  stm32g4xx_hal_uart.o
    0x080079e0   0x080079e0   0x000001ae   Code   RO         2026    .text.UART_RxISR_16BIT_FIFOEN  stm32g4xx_hal_uart.o
    0x08007b8e   0x08007b8e   0x00000002   PAD
    0x08007b90   0x08007b90   0x000000a4   Code   RO         2032    .text.UART_RxISR_8BIT  stm32g4xx_hal_uart.o
    0x08007c34   0x08007c34   0x000001ae   Code   RO         2028    .text.UART_RxISR_8BIT_FIFOEN  stm32g4xx_hal_uart.o
    0x08007de2   0x08007de2   0x00000002   PAD
    0x08007de4   0x08007de4   0x000002b2   Code   RO         1902    .text.UART_SetConfig  stm32g4xx_hal_uart.o
    0x08008096   0x08008096   0x00000002   PAD
    0x08008098   0x08008098   0x000000a8   Code   RO         1948    .text.UART_Start_Receive_DMA  stm32g4xx_hal_uart.o
    0x08008140   0x08008140   0x0000013c   Code   RO         1936    .text.UART_Start_Receive_IT  stm32g4xx_hal_uart.o
    0x0800827c   0x0800827c   0x000000ee   Code   RO         1920    .text.UART_WaitOnFlagUntilTimeout  stm32g4xx_hal_uart.o
    0x0800836a   0x0800836a   0x00000002   PAD
    0x0800836c   0x0800836c   0x00000058   Code   RO         2879    .text.UART_send_bytes  log.o
    0x080083c4   0x080083c4   0x00000068   Code   RO         2883    .text.UART_send_justfloat  log.o
    0x0800842c   0x0800842c   0x0000000c   Code   RO          248    .text.USART1_IRQHandler  stm32g4xx_it.o
    0x08008438   0x08008438   0x0000000c   Code   RO          250    .text.USART2_IRQHandler  stm32g4xx_it.o
    0x08008444   0x08008444   0x0000000c   Code   RO          252    .text.USART3_IRQHandler  stm32g4xx_it.o
    0x08008450   0x08008450   0x00000002   Code   RO          224    .text.UsageFault_Handler  stm32g4xx_it.o
    0x08008452   0x08008452   0x00000002   PAD
    0x08008454   0x08008454   0x00000024   Code   RO         1107    .text.__NVIC_EnableIRQ  stm32g4xx_hal_cortex.o
    0x08008478   0x08008478   0x00000010   Code   RO         1099    .text.__NVIC_GetPriorityGrouping  stm32g4xx_hal_cortex.o
    0x08008488   0x08008488   0x00000022   Code   RO         1101    .text.__NVIC_SetPriority  stm32g4xx_hal_cortex.o
    0x080084aa   0x080084aa   0x00000002   PAD
    0x080084ac   0x080084ac   0x00000020   Code   RO         1095    .text.__NVIC_SetPriorityGrouping  stm32g4xx_hal_cortex.o
    0x080084cc   0x080084cc   0x00000032   Code   RO         2384    .text.ball_control_disable  ball_control.o
    0x080084fe   0x080084fe   0x00000002   PAD
    0x08008500   0x08008500   0x0000007c   Code   RO         2380    .text.ball_control_init  ball_control.o
    0x0800857c   0x0800857c   0x00000068   Code   RO         2382    .text.ball_control_request  ball_control.o
    0x080085e4   0x080085e4   0x00000400   Code   RO         2386    .text.ball_control_service  ball_control.o
    0x080089e4   0x080089e4   0x00000030   Code   RO         2392    .text.ball_fall_ratio  ball_control.o
    0x08008a14   0x08008a14   0x000000e0   Code   RO         2394    .text.ball_find_relative_pulse  ball_control.o
    0x08008af4   0x08008af4   0x00000090   Code   RO         2398    .text.ball_model_accel  ball_control.o
    0x08008b84   0x08008b84   0x00000044   Code   RO         2388    .text.ball_request_snapshot  ball_control.o
    0x08008bc8   0x08008bc8   0x0000002c   Code   RO         2918    .text.car_speed_profile_init  car_speed_profile.o
    0x08008bf4   0x08008bf4   0x00000012   Code   RO         2920    .text.car_speed_profile_reset  car_speed_profile.o
    0x08008c06   0x08008c06   0x00000002   PAD
    0x08008c08   0x08008c08   0x00000084   Code   RO         2922    .text.car_speed_profile_start  car_speed_profile.o
    0x08008c8c   0x08008c8c   0x000000e0   Code   RO         2926    .text.car_speed_profile_step  car_speed_profile.o
    0x08008d6c   0x08008d6c   0x0000009e   Code   RO         2924    .text.car_speed_profile_update_measurement  car_speed_profile.o
    0x08008e0a   0x08008e0a   0x00000002   PAD
    0x08008e0c   0x08008e0c   0x000000e0   Code   RO         2901    .text.compute_pid   pid.o
    0x08008eec   0x08008eec   0x00000004   PAD
    0x08008ef0   0x08008ef0   0x000001c0   Code   RO         2635    .text.correct_gw_analogue  gw_analogue.o
    0x080090b0   0x080090b0   0x0000002c   Code   RO         2146    .text.driver_BUZZER  buzzer.o
    0x080090dc   0x080090dc   0x00000080   Code   RO         2131    .text.driver_LED    led.o
    0x0800915c   0x0800915c   0x000000bc   Code   RO         2115    .text.driver_button  button.o
    0x08009218   0x08009218   0x00000024   Code   RO         2653    .text.driver_gw_analogue  gw_analogue.o
    0x0800923c   0x0800923c   0x00000004   PAD
    0x08009240   0x08009240   0x00000100   Code   RO         2335    .text.driver_task1  defect.o
    0x08009340   0x08009340   0x000001c8   Code   RO         2337    .text.driver_task2  defect.o
    0x08009508   0x08009508   0x0000017c   Code   RO         2339    .text.driver_task3  defect.o
    0x08009684   0x08009684   0x000000c4   Code   RO         2341    .text.driver_task4  defect.o
    0x08009748   0x08009748   0x00000102   Code   RO         2343    .text.driver_task5  defect.o
    0x0800984a   0x0800984a   0x00000002   PAD
    0x0800984c   0x0800984c   0x00000040   Code   RO         2345    .text.driver_task6  defect.o
    0x0800988c   0x0800988c   0x00000074   Code   RO         2347    .text.driver_task7  defect.o
    0x08009900   0x08009900   0x00000220   Code   RO         2800    .text.driver_wheel  wheel.o
    0x08009b20   0x08009b20   0x00000004   Code   RO         2351    .text.fabsf         defect.o
    0x08009b24   0x08009b24   0x00000004   Code   RO         2390    .text.fabsf         ball_control.o
    0x08009b28   0x08009b28   0x0000004a   Code   RO         2282    .text.follow_line   status.o
    0x08009b72   0x08009b72   0x00000002   PAD
    0x08009b74   0x08009b74   0x00000076   Code   RO         2284    .text.follow_line_task4  status.o
    0x08009bea   0x08009bea   0x00000002   PAD
    0x08009bec   0x08009bec   0x00000048   Code   RO           33    .text.gan_init      main.o
    0x08009c34   0x08009c34   0x0000004c   Code   RO         2637    .text.get_gw_analoge_digital_data  gw_analogue.o
    0x08009c80   0x08009c80   0x00000090   Code   RO         2643    .text.get_gw_analogue_analogue_diff  gw_analogue.o
    0x08009d10   0x08009d10   0x0000005c   Code   RO         2633    .text.get_gw_raw_data  gw_analogue.o
    0x08009d6c   0x08009d6c   0x000000a6   Code   RO         2651    .text.get_road_type  gw_analogue.o
    0x08009e12   0x08009e12   0x00000002   PAD
    0x08009e14   0x08009e14   0x0000004e   Code   RO         2796    .text.get_wheel_speed  wheel.o
    0x08009e62   0x08009e62   0x00000002   PAD
    0x08009e64   0x08009e64   0x000000d4   Code   RO         2692    .text.gimbal_send   emm_v5.o
    0x08009f38   0x08009f38   0x00000088   Code   RO         2451    .text.iic_gyr_get_value  gy901.o
    0x08009fc0   0x08009fc0   0x000000ac   Code   RO         2443    .text.iic_gyr_init  gy901.o
    0x0800a06c   0x0800a06c   0x0000004a   Code   RO         2449    .text.iic_gyr_read_dma  gy901.o
    0x0800a0b6   0x0800a0b6   0x00000002   PAD
    0x0800a0b8   0x0800a0b8   0x0000000c   Code   RO         2148    .text.init_BUZZER   buzzer.o
    0x0800a0c4   0x0800a0c4   0x0000000a   Code   RO         2133    .text.init_LED      led.o
    0x0800a0ce   0x0800a0ce   0x00000002   PAD
    0x0800a0d0   0x0800a0d0   0x00000018   Code   RO         2117    .text.init_button   button.o
    0x0800a0e8   0x0800a0e8   0x00000056   Code   RO         2264    .text.init_device   status.o
    0x0800a13e   0x0800a13e   0x00000002   PAD
    0x0800a140   0x0800a140   0x0000008e   Code   RO         2629    .text.init_gw_analogue  gw_analogue.o
    0x0800a1ce   0x0800a1ce   0x00000002   PAD
    0x0800a1d0   0x0800a1d0   0x00000038   Code   RO         2230    .text.init_maixcam_uart  uart_it.o
    0x0800a208   0x0800a208   0x00000064   Code   RO         2262    .text.init_motor    status.o
    0x0800a26c   0x0800a26c   0x00000020   Code   RO         2899    .text.init_pid      pid.o
    0x0800a28c   0x0800a28c   0x0000000c   Code   RO         2627    .text.init_road_cnt  gw_analogue.o
    0x0800a298   0x0800a298   0x0000000e   Code   RO         2625    .text.init_road_determine  gw_analogue.o
    0x0800a2a6   0x0800a2a6   0x00000002   PAD
    0x0800a2a8   0x0800a2a8   0x00000018   Code   RO         2266    .text.init_sensor   status.o
    0x0800a2c0   0x0800a2c0   0x000000e0   Code   RO         2783    .text.init_servo    servo.o
    0x0800a3a0   0x0800a3a0   0x0000001c   Code   RO         2268    .text.init_state    status.o
    0x0800a3bc   0x0800a3bc   0x00000054   Code   RO         2278    .text.init_status   status.o
    0x0800a410   0x0800a410   0x00000180   Code   RO         2270    .text.init_status_pid  status.o
    0x0800a590   0x0800a590   0x00000048   Code   RO         2226    .text.init_stepper_uart  uart_it.o
    0x0800a5d8   0x0800a5d8   0x00000022   Code   RO         2321    .text.init_task     defect.o
    0x0800a5fa   0x0800a5fa   0x00000002   PAD
    0x0800a5fc   0x0800a5fc   0x0000001e   Code   RO         2228    .text.init_uart_gyr  uart_it.o
    0x0800a61a   0x0800a61a   0x00000002   PAD
    0x0800a61c   0x0800a61c   0x00000016   Code   RO         2216    .text.init_uart_pid_tune  uart_it.o
    0x0800a632   0x0800a632   0x00000002   PAD
    0x0800a634   0x0800a634   0x0000023c   Code   RO         2804    .text.init_wheel    wheel.o
    0x0800a870   0x0800a870   0x000000a4   Code   RO         2286    .text.keep_angle    status.o
    0x0800a914   0x0800a914   0x0000004c   Code   RO         2288    .text.keep_balance  status.o
    0x0800a960   0x0800a960   0x00000154   Code   RO           29    .text.main          main.o
    0x0800aab4   0x0800aab4   0x00000014   Code   RO         2516    .text.maixcam_cmd_CDA  maixcam.o
    0x0800aac8   0x0800aac8   0x00000034   Code   RO         2514    .text.maixcam_cmd_D  maixcam.o
    0x0800aafc   0x0800aafc   0x0000002c   Code   RO         2518    .text.maixcam_cmd_M  maixcam.o
    0x0800ab28   0x0800ab28   0x00000034   Code   RO         2510    .text.maixcam_cmd_T  maixcam.o
    0x0800ab5c   0x0800ab5c   0x00000020   Code   RO         2522    .text.maixcam_cmd_done  maixcam.o
    0x0800ab7c   0x0800ab7c   0x00000078   Code   RO         2500    .text.maixcam_init  maixcam.o
    0x0800abf4   0x0800abf4   0x0000004a   Code   RO         2524    .text.maixcam_poll  maixcam.o
    0x0800ac3e   0x0800ac3e   0x00000002   PAD
    0x0800ac40   0x0800ac40   0x00000030   Code   RO         2502    .text.maixcam_rx_feed  maixcam.o
    0x0800ac70   0x0800ac70   0x00000036   Code   RO         2526    .text.maixcam_rx_read  maixcam.o
    0x0800aca6   0x0800aca6   0x00000002   PAD
    0x0800aca8   0x0800aca8   0x0000001e   Code   RO         2532    .text.maixcam_send_frame  maixcam.o
    0x0800acc6   0x0800acc6   0x00000002   PAD
    0x0800acc8   0x0800acc8   0x0000004a   Code   RO         2512    .text.maixcam_start_cmd  maixcam.o
    0x0800ad12   0x0800ad12   0x00000002   PAD
    0x0800ad14   0x0800ad14   0x00000044   Code   RO         2530    .text.maixcam_tick_inner  maixcam.o
    0x0800ad58   0x0800ad58   0x00000064   Code   RO         2506    .text.maixcam_tx_start_next  maixcam.o
    0x0800adbc   0x0800adbc   0x00000030   Code   RO         2508    .text.maixcam_uart_tx_complete  maixcam.o
    0x0800adec   0x0800adec   0x000000a4   Code   RO         2504    .text.maixcam_uart_tx_enqueue  maixcam.o
    0x0800ae90   0x0800ae90   0x0000008a   Code   RO         2528    .text.mc_feed_byte  maixcam.o
    0x0800af1a   0x0800af1a   0x00000002   PAD
    0x0800af1c   0x0800af1c   0x00000078   Code   RO         2534    .text.mc_frame_ready  maixcam.o
    0x0800af94   0x0800af94   0x00000028   Code   RO         2639    .text.normalize_gray_data  gw_analogue.o
    0x0800afbc   0x0800afbc   0x00000044   Code   RO         2641    .text.normalize_gray_weight  gw_analogue.o
    0x0800b000   0x0800b000   0x0000002c   Code   RO         2540    .text.parse_ack_frame  maixcam.o
    0x0800b02c   0x0800b02c   0x00000086   Code   RO         2542    .text.parse_fixed1  maixcam.o
    0x0800b0b2   0x0800b0b2   0x00000002   PAD
    0x0800b0b4   0x0800b0b4   0x00000080   Code   RO         2236    .text.parse_uart_pid_byte  uart_it.o
    0x0800b134   0x0800b134   0x000000a6   Code   RO         2536    .text.parse_vd_frame  maixcam.o
    0x0800b1da   0x0800b1da   0x00000002   PAD
    0x0800b1dc   0x0800b1dc   0x000000b6   Code   RO         2538    .text.parse_vl_frame  maixcam.o
    0x0800b292   0x0800b292   0x00000002   PAD
    0x0800b294   0x0800b294   0x0000001e   Code   RO         2903    .text.pid_reset_state  pid.o
    0x0800b2b2   0x0800b2b2   0x00000002   PAD
    0x0800b2b4   0x0800b2b4   0x00000028   Code   RO         2647    .text.road_decision  gw_analogue.o
    0x0800b2dc   0x0800b2dc   0x0000000e   Code   RO         2645    .text.road_new_from_bit  gw_analogue.o
    0x0800b2ea   0x0800b2ea   0x00000002   PAD
    0x0800b2ec   0x0800b2ec   0x0000002c   Code   RO         2930    .text.scurve_dq     car_speed_profile.o
    0x0800b318   0x0800b318   0x0000002e   Code   RO         2928    .text.scurve_q      car_speed_profile.o
    0x0800b346   0x0800b346   0x00000002   PAD
    0x0800b348   0x0800b348   0x0000004c   Code   RO         2631    .text.select_channel  gw_analogue.o
    0x0800b394   0x0800b394   0x00000066   Code   RO         2649    .text.serve_road    gw_analogue.o
    0x0800b3fa   0x0800b3fa   0x00000002   PAD
    0x0800b3fc   0x0800b3fc   0x00000096   Code   RO         2113    .text.server_button  button.o
    0x0800b492   0x0800b492   0x00000002   PAD
    0x0800b494   0x0800b494   0x00000116   Code   RO         2798    .text.set_wheel_dir  wheel.o
    0x0800b5aa   0x0800b5aa   0x00000002   PAD
    0x0800b5ac   0x0800b5ac   0x0000005e   Code   RO         2220    .text.stepper_publish_absolute  uart_it.o
    0x0800b60a   0x0800b60a   0x00000002   PAD
    0x0800b60c   0x0800b60c   0x000000a6   Code   RO         2224    .text.stepper_service  uart_it.o
    0x0800b6b2   0x0800b6b2   0x00000002   PAD
    0x0800b6b4   0x0800b6b4   0x00000036   Code   RO         2222    .text.stepper_target_disable  uart_it.o
    0x0800b6ea   0x0800b6ea   0x00000002   PAD
    0x0800b6ec   0x0800b6ec   0x000000ea   Code   RO         2313    .text.task3_debug_flush  defect.o
    0x0800b7d6   0x0800b7d6   0x00000002   PAD
    0x0800b7d8   0x0800b7d8   0x000000da   Code   RO         2315    .text.task4_debug_flush  defect.o
    0x0800b8b2   0x0800b8b2   0x00000002   PAD
    0x0800b8b4   0x0800b8b4   0x00000074   Code   RO         2317    .text.task7_flush   defect.o
    0x0800b928   0x0800b928   0x00000154   Code   RO         2319    .text.task7_flush_one  defect.o
    0x0800ba7c   0x0800ba7c   0x00000004   Code   RO         2349    .text.task7_tx      defect.o
    0x0800ba80   0x0800ba80   0x00000004   Code   RO         2331    .text.task_finish   defect.o
    0x0800ba84   0x0800ba84   0x00000012   Code   RO         2325    .text.task_select   defect.o
    0x0800ba96   0x0800ba96   0x00000002   PAD
    0x0800ba98   0x0800ba98   0x000000a4   Code   RO         2327    .text.task_start    defect.o
    0x0800bb3c   0x0800bb3c   0x00000066   Code   RO         2329    .text.task_stop     defect.o
    0x0800bba2   0x0800bba2   0x00000002   PAD
    0x0800bba4   0x0800bba4   0x00000010   Code   RO           13    .text.uart1_tx      lora.o
    0x0800bbb4   0x0800bbb4   0x0000005c   Code   RO         2479    .text.uart_gyr_ensure_receive  uart_gyro.o
    0x0800bc10   0x0800bc10   0x00000018   Code   RO         2469    .text.uart_gyr_init  uart_gyro.o
    0x0800bc28   0x0800bc28   0x000000a4   Code   RO         2475    .text.uart_gyr_rx_feed  uart_gyro.o
    0x0800bccc   0x0800bccc   0x0000005c   Code   RO         2477    .text.uart_gyr_start_receive  uart_gyro.o
    0x0800bd28   0x0800bd28   0x000001fc   Code   RO         2290    .text.update_status  status.o
    0x0800bf24   0x0800bf24   0x000000aa   Code   RO         2333    .text.update_task   defect.o
    0x0800bfce   0x0800bfce   0x00000002   PAD
    0x0800bfd0   0x0800bfd0   0x0000001e   Code   RO         2323    .text.update_task_led  defect.o
    0x0800bfee   0x0800bfee   0x00000002   PAD
    0x0800bff0   0x0800bff0   0x00000012   Code   RO         2802    .text.wheel_ff_index  wheel.o
    0x0800c002   0x0800c002   0x00000002   PAD
    0x0800c004   0x0800c004   0x00000030   Code   RO         3227    i.__0snprintf       mc_w.l(printfa.o)
    0x0800c034   0x0800c034   0x00000028   Code   RO         3228    i.__0sprintf        mc_w.l(printfa.o)
    0x0800c05c   0x0800c05c   0x0000000e   Code   RO         2960    i.__hardfp__fabsf   m_wm.l(fabsf.o)
    0x0800c06a   0x0800c06a   0x00000006   PAD
    0x0800c070   0x0800c070   0x00000038   Code   RO         2954    i.__hardfp_atof     m_wm.l(atof.o)
    0x0800c0a8   0x0800c0a8   0x0000000e   Code   RO         2978    i.__hardfp_fabsf    m_wm.l(fabsfc99.o)
    0x0800c0b6   0x0800c0b6   0x0000003a   Code   RO         2966    i.__hardfp_sqrtf    m_wm.l(sqrtf.o)
    0x0800c0f0   0x0800c0f0   0x0000000c   Code   RO         3314    i.__read_errno      mc_w.l(errno.o)
    0x0800c0fc   0x0800c0fc   0x0000000e   Code   RO         3382    i.__scatterload_copy  mc_w.l(handlers.o)
    0x0800c10a   0x0800c10a   0x00000002   Code   RO         3383    i.__scatterload_null  mc_w.l(handlers.o)
    0x0800c10c   0x0800c10c   0x0000000e   Code   RO         3384    i.__scatterload_zeroinit  mc_w.l(handlers.o)
    0x0800c11a   0x0800c11a   0x00000002   PAD
    0x0800c11c   0x0800c11c   0x0000000c   Code   RO         3315    i.__set_errno       mc_w.l(errno.o)
    0x0800c128   0x0800c128   0x00000184   Code   RO         3233    i._fp_digits        mc_w.l(printfa.o)
    0x0800c2ac   0x0800c2ac   0x0000000e   Code   RO         3367    i._is_digit         mc_w.l(scanf_fp.o)
    0x0800c2ba   0x0800c2ba   0x00000002   PAD
    0x0800c2bc   0x0800c2bc   0x000006dc   Code   RO         3234    i._printf_core      mc_w.l(printfa.o)
    0x0800c998   0x0800c998   0x00000024   Code   RO         3235    i._printf_post_padding  mc_w.l(printfa.o)
    0x0800c9bc   0x0800c9bc   0x0000002e   Code   RO         3236    i._printf_pre_padding  mc_w.l(printfa.o)
    0x0800c9ea   0x0800c9ea   0x00000016   Code   RO         3237    i._snputc           mc_w.l(printfa.o)
    0x0800ca00   0x0800ca00   0x0000000a   Code   RO         3238    i._sputc            mc_w.l(printfa.o)
    0x0800ca0a   0x0800ca0a   0x00000081   Data   RO         3338    .constdata          mc_w.l(ctype_o.o)
    0x0800ca8b   0x0800ca8b   0x00000001   PAD
    0x0800ca8c   0x0800ca8c   0x00000004   Data   RO         3339    .constdata          mc_w.l(ctype_o.o)
    0x0800ca90   0x0800ca90   0x00000010   Data   RO         2100    .rodata.AHBPrescTable  system_stm32g4xx.o
    0x0800caa0   0x0800caa0   0x00000008   Data   RO         2101    .rodata.APBPrescTable  system_stm32g4xx.o
    0x0800caa8   0x0800caa8   0x00000018   Data   RO         2038    .rodata.UARTPrescTable  stm32g4xx_hal_uart.o
    0x0800cac0   0x0800cac0   0x00009304   Data   RO         2817    .rodata.g_ball_mechanism_lut  ball_mechanism_lut.o
    0x08015dc4   0x08015dc4   0x00000020   Data   RO         3380    Region$$Table       anon$$obj.o


    Execution Region RW_IRAM1 (Exec base: 0x20000000, Load base: 0x08015de8, Size: 0x000016e8, Max: 0x00020000, ABSOLUTE)

    Exec Addr    Load Addr    Size         Type   Attr      Idx    E Section Name        Object

    0x20000000   0x08015de8   0x00000004   Data   RW         3316    .data               mc_w.l(errno.o)
    0x20000004   0x08015dec   0x00000004   Data   RW         2099    .data.SystemCoreClock  system_stm32g4xx.o
    0x20000008   0x08015df0   0x00000002   Data   RW           37    .data.cmd_speed     main.o
    0x2000000a   0x08015df2   0x00000002   PAD
    0x2000000c   0x08015df4   0x00000020   Data   RW         2655    .data.distance      gw_analogue.o
    0x2000002c   0x08015e14   0x00000004   Data   RW          630    .data.uwTickFreq    stm32g4xx_hal.o
    0x20000030   0x08015e18   0x00000004   Data   RW          629    .data.uwTickPrio    stm32g4xx_hal.o
    0x20000034   0x08015e1c   0x00000004   PAD
    0x20000038        -       0x00000004   Zero   RW           75    .bss.HAL_RCC_ADC345_CLK_ENABLED  adc.o
    0x2000003c        -       0x00000004   Zero   RW         2249    .bss.HAL_UART_RxCpltCallback.buf  uart_it.o
    0x20000040        -       0x00000001   Zero   RW         2250    .bss.HAL_UART_RxCpltCallback.idx  uart_it.o
    0x20000041   0x08015e1c   0x00000003   PAD
    0x20000044        -       0x00000004   Zero   RW         2485    .bss.active_gyro    uart_gyro.o
    0x20000048        -       0x00000001   Zero   RW         2656    .bss.cross_cnt      gw_analogue.o
    0x20000049   0x08015e1c   0x00000003   PAD
    0x2000004c        -       0x00000004   Zero   RW         2361    .bss.driver_task1.last_pos_mm  defect.o
    0x20000050        -       0x00000004   Zero   RW         2363    .bss.driver_task1.last_print  defect.o
    0x20000054        -       0x00000004   Zero   RW         2362    .bss.driver_task1.last_ts_ms  defect.o
    0x20000058        -       0x00000004   Zero   RW         2365    .bss.driver_task3.last_dbg_seq  defect.o
    0x2000005c        -       0x00000001   Zero   RW         2364    .bss.driver_task3.q3_state  defect.o
    0x2000005d   0x08015e1c   0x00000003   PAD
    0x20000060        -       0x00000004   Zero   RW         2366    .bss.driver_task4.last  defect.o
    0x20000064        -       0x00000001   Zero   RW         2367    .bss.driver_task5.q5_state  defect.o
    0x20000065   0x08015e1c   0x00000003   PAD
    0x20000068        -       0x00000004   Zero   RW         2368    .bss.driver_task5.q5_t0  defect.o
    0x2000006c        -       0x00000001   Zero   RW           15    .bss.esp8266_ready  lora.o
    0x2000006d        -       0x0000000d   Zero   RW         2720    .bss.gimbal_abs_tx_buf  emm_v5.o
    0x2000007a        -       0x00000014   Zero   RW         2721    .bss.gimbal_tx_buf  emm_v5.o
    0x2000008e        -       0x00000001   Zero   RW         2454    .bss.gyro_dma_busy  gy901.o
    0x2000008f        -       0x00000001   Zero   RW         2453    .bss.gyro_dma_ready  gy901.o
    0x20000090        -       0x0000006c   Zero   RW           73    .bss.hadc3          adc.o
    0x200000fc        -       0x0000006c   Zero   RW           74    .bss.hadc5          adc.o
    0x20000168        -       0x00000060   Zero   RW          107    .bss.hdma_i2c1_rx   i2c.o
    0x200001c8        -       0x00000060   Zero   RW          202    .bss.hdma_uart4_rx  usart.o
    0x20000228        -       0x00000060   Zero   RW          203    .bss.hdma_uart4_tx  usart.o
    0x20000288        -       0x00000060   Zero   RW          204    .bss.hdma_usart3_tx  usart.o
    0x200002e8        -       0x0000004c   Zero   RW          106    .bss.hi2c1          i2c.o
    0x20000334        -       0x00000064   Zero   RW          125    .bss.hspi1          spi.o
    0x20000398        -       0x0000004c   Zero   RW          167    .bss.htim1          tim.o
    0x200003e4        -       0x0000004c   Zero   RW          174    .bss.htim15         tim.o
    0x20000430        -       0x0000004c   Zero   RW          168    .bss.htim2          tim.o
    0x2000047c        -       0x0000004c   Zero   RW          169    .bss.htim3          tim.o
    0x200004c8        -       0x0000004c   Zero   RW          170    .bss.htim4          tim.o
    0x20000514        -       0x0000004c   Zero   RW          171    .bss.htim5          tim.o
    0x20000560        -       0x0000004c   Zero   RW          172    .bss.htim6          tim.o
    0x200005ac        -       0x0000004c   Zero   RW          173    .bss.htim8          tim.o
    0x200005f8        -       0x00000090   Zero   RW          199    .bss.huart1         usart.o
    0x20000688        -       0x00000090   Zero   RW          200    .bss.huart2         usart.o
    0x20000718        -       0x00000090   Zero   RW          201    .bss.huart3         usart.o
    0x200007a8        -       0x00000090   Zero   RW          198    .bss.huart4         usart.o
    0x20000838        -       0x00000004   Zero   RW         2456    .bss.iic_gyr_dma_complete_tick  gy901.o
    0x2000083c        -       0x00000004   Zero   RW         2457    .bss.iic_gyr_dma_error_count  gy901.o
    0x20000840        -       0x00000001   Zero   RW         2455    .bss.iic_gyr_initial_ready  gy901.o
    0x20000841   0x08015e1c   0x00000003   PAD
    0x20000844        -       0x00000004   Zero   RW           39    .bss.main.Gray_ADC_Update_nxt  main.o
    0x20000848        -       0x00000004   Zero   RW           38    .bss.main.maixcam_poll_next  main.o
    0x2000084c        -       0x00000015   Zero   RW         2548    .bss.maixcam_cmd    maixcam.o
    0x20000861   0x08015e1c   0x00000003   PAD
    0x20000864        -       0x00000018   Zero   RW         2545    .bss.maixcam_det    maixcam.o
    0x2000087c        -       0x00000001   Zero   RW         2555    .bss.maixcam_det_new  maixcam.o
    0x2000087d        -       0x00000080   Zero   RW         2247    .bss.maixcam_dma_buf  uart_it.o
    0x200008fd   0x08015e1c   0x00000001   PAD
    0x200008fe        -       0x00000002   Zero   RW         2246    .bss.maixcam_dma_pos  uart_it.o
    0x20000900        -       0x00000010   Zero   RW         2546    .bss.maixcam_loc    maixcam.o
    0x20000910        -       0x00000001   Zero   RW         2547    .bss.maixcam_loc_new  maixcam.o
    0x20000911   0x08015e1c   0x00000001   PAD
    0x20000912        -       0x00000086   Zero   RW         2544    .bss.maixcam_rx     maixcam.o
    0x20000998        -       0x00000040   Zero   RW         2556    .bss.maixcam_rx_raw_buf  maixcam.o
    0x200009d8        -       0x00000001   Zero   RW         2557    .bss.maixcam_rx_raw_ready  maixcam.o
    0x200009d9        -       0x00000001   Zero   RW         2551    .bss.maixcam_tx_busy  maixcam.o
    0x200009da        -       0x00000001   Zero   RW         2549    .bss.maixcam_tx_head  maixcam.o
    0x200009db   0x08015e1c   0x00000001   PAD
    0x200009dc        -       0x00000410   Zero   RW         2552    .bss.maixcam_tx_queue  maixcam.o
    0x20000dec        -       0x00000001   Zero   RW         2550    .bss.maixcam_tx_tail  maixcam.o
    0x20000ded        -       0x00000040   Zero   RW         2559    .bss.mc_buf         maixcam.o
    0x20000e2d        -       0x00000001   Zero   RW         2560    .bss.mc_idx         maixcam.o
    0x20000e2e        -       0x00000001   Zero   RW         2554    .bss.mc_new_detection  maixcam.o
    0x20000e2f        -       0x00000001   Zero   RW         2558    .bss.mc_ps          maixcam.o
    0x20000e30        -       0x00000400   Zero   RW         2300    .bss.status         status.o
    0x20001230        -       0x00000001   Zero   RW         2245    .bss.stepper_rx_byte  uart_it.o
    0x20001231   0x08015e1c   0x00000003   PAD
    0x20001234        -       0x00000020   Zero   RW         2354    .bss.task3_dbg_buf  defect.o
    0x20001254        -       0x00000001   Zero   RW         2353    .bss.task3_dbg_ready  defect.o
    0x20001255   0x08015e1c   0x00000003   PAD
    0x20001258        -       0x00000018   Zero   RW         2356    .bss.task4_dbg_buf  defect.o
    0x20001270        -       0x00000001   Zero   RW         2355    .bss.task4_dbg_ready  defect.o
    0x20001271   0x08015e1c   0x00000003   PAD
    0x20001274        -       0x00000050   Zero   RW         2360    .bss.task7_cap      defect.o
    0x200012c4        -       0x00000001   Zero   RW         2357    .bss.task7_cmd_type  defect.o
    0x200012c5        -       0x00000001   Zero   RW         2359    .bss.task7_dbg_msg_type  defect.o
    0x200012c6        -       0x00000001   Zero   RW         2358    .bss.task7_rx_msg_type  defect.o
    0x200012c7        -       0x00000001   Zero   RW         2244    .bss.uart1_pid_byte  uart_it.o
    0x200012c8        -       0x00000018   Zero   RW         2248    .bss.uart1_pid_rx   uart_it.o
    0x200012e0        -       0x00000004   Zero   RW          631    .bss.uwTick         stm32g4xx_hal.o
    0x200012e4   0x08015e1c   0x00000004   PAD
    0x200012e8        -       0x00000400   Zero   RW            1    STACK               startup_stm32g474xx.o


==============================================================================

Image component sizes


      Code (inc. data)   RO Data    RW Data    ZI Data      Debug   Object Name

       618          0          0          0        220       8491   adc.o
      1802         52          0          0          0      12957   ball_control.o
         0          0      37636          0          0        794   ball_mechanism_lut.o
       362          0          0          0          0       2374   button.o
        56          0          0          0          0       1554   buzzer.o
       666         16          0          0          0       4310   car_speed_profile.o
      3164        166          0          0        167      15528   defect.o
       136          0          0          0          0       4027   dma.o
       544          0          0          0         33       6260   emm_v5.o
       378          0          0          0          0       2714   gpio.o
      1470         48          0         32          1       7095   gw_analogue.o
       492         28          0          0         11       6595   gy901.o
       432          0          0          0        172       9671   i2c.o
       138          0          0          0          0       1579   led.o
       192          0          0          0          0       5909   log.o
       300        128          0          0          1       1321   lora.o
       530         48          0          2          8       3421   main.o
      1764         32          0          0       1372       9331   maixcam.o
       286          8          0          0          0       1957   pid.o
       224         24          0          0          0       1148   servo.o
       188          0          0          0        100       6093   spi.o
        36          8        472          0       1024        804   startup_stm32g474xx.o
      1646         60          0          0       1024      11901   status.o
       198          0          0          8          4      10059   stm32g4xx_hal.o
      3142          0          0          0          0      24058   stm32g4xx_hal_adc.o
       332          0          0          0          0      21696   stm32g4xx_hal_adc_ex.o
       268          0          0          0          0      11046   stm32g4xx_hal_cortex.o
      1060          0          0          0          0       8093   stm32g4xx_hal_dma.o
       476          0          0          0          0       5465   stm32g4xx_hal_gpio.o
      3990         50          0          0          0      36011   stm32g4xx_hal_i2c.o
       160          0          0          0          0       6961   stm32g4xx_hal_i2c_ex.o
        52          0          0          0          0       1696   stm32g4xx_hal_msp.o
       228          0          0          0          0       9018   stm32g4xx_hal_pwr_ex.o
      2044          0          0          0          0       9442   stm32g4xx_hal_rcc.o
       732          0          0          0          0      12091   stm32g4xx_hal_rcc_ex.o
       262          0          0          0          0      22664   stm32g4xx_hal_spi.o
      3444         10          0          0          0      44551   stm32g4xx_hal_tim.o
       512          0          0          0          0      25997   stm32g4xx_hal_tim_ex.o
      5170         30         24          0          0      30696   stm32g4xx_hal_uart.o
       440         16          0          0          0      10273   stm32g4xx_hal_uart_ex.o
       176          0          0          0          0       2630   stm32g4xx_it.o
        18          0         24          4          0       2884   system_stm32g4xx.o
      1992          0          0          0        608      14549   tim.o
        70          0          0          0          0       5037   timer_it.o
       372          8          0          0          4       2928   uart_gyro.o
      2014        120          0          0        161       9858   uart_it.o
      1336          0          0          0        864      11248   usart.o
      1490        116          0          0          0       4617   wheel.o

    ----------------------------------------------------------------------
     45764        972      38188         48       5812     469402   Object Totals
         0          0         32          0          0          0   (incl. Generated)
       362          4          0          2         38          0   (incl. Padding)

    ----------------------------------------------------------------------

      Code (inc. data)   RO Data    RW Data    ZI Data      Debug   Library Member Name

        56         12          0          0          0        132   atof.o
        14          0          0          0          0        116   fabsf.o
        14          0          0          0          0        116   fabsfc99.o
        58          0          0          0          0        136   sqrtf.o
        64          0          0          0          0         84   _sgetc.o
         8          4        133          0          0         68   ctype_o.o
         0          0          0          0          0          0   entry.o
         0          0          0          0          0          0   entry10a.o
         0          0          0          0          0          0   entry11a.o
         8          4          0          0          0          0   entry2.o
         4          0          0          0          0          0   entry5.o
         0          0          0          0          0          0   entry7b.o
         0          0          0          0          0          0   entry8b.o
         8          4          0          0          0          0   entry9a.o
        24         12          0          4          0        136   errno.o
        30          0          0          0          0          0   handlers.o
        36          8          0          0          0         68   init.o
        18          0          0          0          0         76   isspace_o.o
         0          0          0          0          0          0   iusefp.o
        30          0          0          0          0         68   llshl.o
        36          0          0          0          0         68   llsshr.o
        32          0          0          0          0         68   llushr.o
        36          0          0          0          0        108   memseta.o
      2346         90          0          0          0        672   printfa.o
       878         12          0          0          0        216   scanf_fp.o
        14          0          0          0          0         68   strlen.o
       156         14          0          0          0        120   strtod.o
        44          0          0          0          0         80   uidiv.o
        98          0          0          0          0         92   uldiv.o
        48          0          0          0          0         68   cdrcmple.o
        56          0          0          0          0         88   d2f.o
       334          0          0          0          0        148   dadd.o
       222          0          0          0          0        100   ddiv.o
       186          0          0          0          0        176   depilogue.o
        62          0          0          0          0         80   dfixi.o
        48          0          0          0          0         68   dfixul.o
        34          0          0          0          0         76   dflti.o
        26          0          0          0          0         76   dfltui.o
        24          0          0          0          0         76   dfltul.o
       228          0          0          0          0         96   dmul.o
        38          0          0          0          0         68   f2d.o
       110          0          0          0          0        168   fepilogue.o
        44          0          0          0          0         92   ffltl.o

    ----------------------------------------------------------------------
      5486        160        134          4          0       3872   Library Totals
        14          0          1          0          0          0   (incl. Padding)

    ----------------------------------------------------------------------

      Code (inc. data)   RO Data    RW Data    ZI Data      Debug   Library Name

       142         12          0          0          0        500   m_wm.l
      3870        148        133          4          0       1992   mc_w.l
      1460          0          0          0          0       1380   mf_w.l

    ----------------------------------------------------------------------
      5486        160        134          4          0       3872   Library Totals

    ----------------------------------------------------------------------

==============================================================================


      Code (inc. data)   RO Data    RW Data    ZI Data      Debug   

     51250       1132      38322         52       5812     470690   Grand Totals
     51250       1132      38322         52       5812     470690   ELF Image Totals
     51250       1132      38322         52          0          0   ROM Totals

==============================================================================

    Total RO  Size (Code + RO Data)                89572 (  87.47kB)
    Total RW  Size (RW Data + ZI Data)              5864 (   5.73kB)
    Total ROM Size (Code + RO Data + RW Data)      89624 (  87.52kB)

==============================================================================

