Component: ARM Compiler 6.7 Tool: armlink [5c9ef700]

==============================================================================

Section Cross References

    startup_stm32g474xx.o(RESET) refers to startup_stm32g474xx.o(STACK) for __initial_sp
    startup_stm32g474xx.o(RESET) refers to startup_stm32g474xx.o(.text) for Reset_Handler
    startup_stm32g474xx.o(RESET) refers to stm32g4xx_it.o(.text.NMI_Handler) for NMI_Handler
    startup_stm32g474xx.o(RESET) refers to stm32g4xx_it.o(.text.HardFault_Handler) for HardFault_Handler
    startup_stm32g474xx.o(RESET) refers to stm32g4xx_it.o(.text.MemManage_Handler) for MemManage_Handler
    startup_stm32g474xx.o(RESET) refers to stm32g4xx_it.o(.text.BusFault_Handler) for BusFault_Handler
    startup_stm32g474xx.o(RESET) refers to stm32g4xx_it.o(.text.UsageFault_Handler) for UsageFault_Handler
    startup_stm32g474xx.o(RESET) refers to stm32g4xx_it.o(.text.SVC_Handler) for SVC_Handler
    startup_stm32g474xx.o(RESET) refers to stm32g4xx_it.o(.text.DebugMon_Handler) for DebugMon_Handler
    startup_stm32g474xx.o(RESET) refers to stm32g4xx_it.o(.text.PendSV_Handler) for PendSV_Handler
    startup_stm32g474xx.o(RESET) refers to stm32g4xx_it.o(.text.SysTick_Handler) for SysTick_Handler
    startup_stm32g474xx.o(RESET) refers to stm32g4xx_it.o(.text.DMA1_Channel2_IRQHandler) for DMA1_Channel2_IRQHandler
    startup_stm32g474xx.o(RESET) refers to stm32g4xx_it.o(.text.DMA1_Channel7_IRQHandler) for DMA1_Channel7_IRQHandler
    startup_stm32g474xx.o(RESET) refers to stm32g4xx_it.o(.text.TIM1_TRG_COM_TIM17_IRQHandler) for TIM1_TRG_COM_TIM17_IRQHandler
    startup_stm32g474xx.o(RESET) refers to stm32g4xx_it.o(.text.TIM4_IRQHandler) for TIM4_IRQHandler
    startup_stm32g474xx.o(RESET) refers to stm32g4xx_it.o(.text.I2C1_EV_IRQHandler) for I2C1_EV_IRQHandler
    startup_stm32g474xx.o(RESET) refers to stm32g4xx_it.o(.text.I2C1_ER_IRQHandler) for I2C1_ER_IRQHandler
    startup_stm32g474xx.o(RESET) refers to stm32g4xx_it.o(.text.USART1_IRQHandler) for USART1_IRQHandler
    startup_stm32g474xx.o(RESET) refers to stm32g4xx_it.o(.text.USART2_IRQHandler) for USART2_IRQHandler
    startup_stm32g474xx.o(RESET) refers to stm32g4xx_it.o(.text.TIM5_IRQHandler) for TIM5_IRQHandler
    startup_stm32g474xx.o(RESET) refers to stm32g4xx_it.o(.text.UART4_IRQHandler) for UART4_IRQHandler
    startup_stm32g474xx.o(RESET) refers to stm32g4xx_it.o(.text.DMA2_Channel1_IRQHandler) for DMA2_Channel1_IRQHandler
    startup_stm32g474xx.o(.text) refers to system_stm32g4xx.o(.text.SystemInit) for SystemInit
    startup_stm32g474xx.o(.text) refers to entry.o(.ARM.Collect$$$$00000000) for __main
    lora.o(.text.ESP8266_Init) refers to lora.o(.text.uart1_tx) for uart1_tx
    lora.o(.text.ESP8266_Init) refers to stm32g4xx_hal.o(.text.HAL_Delay) for HAL_Delay
    lora.o(.text.ESP8266_Init) refers to printfa.o(i.__0sprintf) for __2sprintf
    lora.o(.text.ESP8266_Init) refers to strlen.o(.text) for strlen
    lora.o(.ARM.exidx.text.ESP8266_Init) refers to lora.o(.text.ESP8266_Init) for [Anonymous Symbol]
    lora.o(.text.uart1_tx) refers to usart.o(.bss.huart1) for huart1
    lora.o(.text.uart1_tx) refers to log.o(.text.UART_send_bytes) for UART_send_bytes
    lora.o(.ARM.exidx.text.uart1_tx) refers to lora.o(.text.uart1_tx) for [Anonymous Symbol]
    main.o(.ARM.exidx.text.fputc) refers to main.o(.text.fputc) for [Anonymous Symbol]
    main.o(.text.main) refers to stm32g4xx_hal.o(.text.HAL_Init) for HAL_Init
    main.o(.text.main) refers to main.o(.text.SystemClock_Config) for SystemClock_Config
    main.o(.text.main) refers to gpio.o(.text.MX_GPIO_Init) for MX_GPIO_Init
    main.o(.text.main) refers to dma.o(.text.MX_DMA_Init) for MX_DMA_Init
    main.o(.text.main) refers to adc.o(.text.MX_ADC3_Init) for MX_ADC3_Init
    main.o(.text.main) refers to tim.o(.text.MX_TIM1_Init) for MX_TIM1_Init
    main.o(.text.main) refers to tim.o(.text.MX_TIM2_Init) for MX_TIM2_Init
    main.o(.text.main) refers to tim.o(.text.MX_TIM3_Init) for MX_TIM3_Init
    main.o(.text.main) refers to tim.o(.text.MX_TIM4_Init) for MX_TIM4_Init
    main.o(.text.main) refers to tim.o(.text.MX_TIM8_Init) for MX_TIM8_Init
    main.o(.text.main) refers to tim.o(.text.MX_TIM15_Init) for MX_TIM15_Init
    main.o(.text.main) refers to usart.o(.text.MX_UART4_Init) for MX_UART4_Init
    main.o(.text.main) refers to usart.o(.text.MX_USART1_UART_Init) for MX_USART1_UART_Init
    main.o(.text.main) refers to usart.o(.text.MX_USART2_UART_Init) for MX_USART2_UART_Init
    main.o(.text.main) refers to usart.o(.text.MX_USART3_UART_Init) for MX_USART3_UART_Init
    main.o(.text.main) refers to tim.o(.text.MX_TIM5_Init) for MX_TIM5_Init
    main.o(.text.main) refers to tim.o(.text.MX_TIM6_Init) for MX_TIM6_Init
    main.o(.text.main) refers to i2c.o(.text.MX_I2C1_Init) for MX_I2C1_Init
    main.o(.text.main) refers to spi.o(.text.MX_SPI1_Init) for MX_SPI1_Init
    main.o(.text.main) refers to adc.o(.text.MX_ADC5_Init) for MX_ADC5_Init
[...]
    HAL_IncTick                              0x08002569   Thumb Code    26  stm32g4xx_hal.o(.text.HAL_IncTick)
    HAL_Init                                 0x08002585   Thumb Code    32  stm32g4xx_hal.o(.text.HAL_Init)
    HAL_InitTick                             0x080025a5   Thumb Code    88  stm32g4xx_hal.o(.text.HAL_InitTick)
    HAL_MspInit                              0x080025fd   Thumb Code    52  stm32g4xx_hal_msp.o(.text.HAL_MspInit)
    HAL_NVIC_EnableIRQ                       0x08002631   Thumb Code     4  stm32g4xx_hal_cortex.o(.text.HAL_NVIC_EnableIRQ)
    HAL_NVIC_SetPriority                     0x08002635   Thumb Code    32  stm32g4xx_hal_cortex.o(.text.HAL_NVIC_SetPriority)
    HAL_NVIC_SetPriorityGrouping             0x08002655   Thumb Code     4  stm32g4xx_hal_cortex.o(.text.HAL_NVIC_SetPriorityGrouping)
    HAL_PWREx_ControlVoltageScaling          0x08002659   Thumb Code   210  stm32g4xx_hal_pwr_ex.o(.text.HAL_PWREx_ControlVoltageScaling)
    HAL_PWREx_DisableUCPDDeadBattery         0x0800272d   Thumb Code    18  stm32g4xx_hal_pwr_ex.o(.text.HAL_PWREx_DisableUCPDDeadBattery)
    HAL_RCCEx_PeriphCLKConfig                0x08002741   Thumb Code   732  stm32g4xx_hal_rcc_ex.o(.text.HAL_RCCEx_PeriphCLKConfig)
    HAL_RCC_ClockConfig                      0x08002a1d   Thumb Code   496  stm32g4xx_hal_rcc.o(.text.HAL_RCC_ClockConfig)
    HAL_RCC_GetHCLKFreq                      0x08002c0d   Thumb Code    12  stm32g4xx_hal_rcc.o(.text.HAL_RCC_GetHCLKFreq)
    HAL_RCC_GetPCLK1Freq                     0x08002c19   Thumb Code    38  stm32g4xx_hal_rcc.o(.text.HAL_RCC_GetPCLK1Freq)
    HAL_RCC_GetPCLK2Freq                     0x08002c41   Thumb Code    38  stm32g4xx_hal_rcc.o(.text.HAL_RCC_GetPCLK2Freq)
    HAL_RCC_GetSysClockFreq                  0x08002c69   Thumb Code   118  stm32g4xx_hal_rcc.o(.text.HAL_RCC_GetSysClockFreq)
    HAL_RCC_OscConfig                        0x08002ce1   Thumb Code  1264  stm32g4xx_hal_rcc.o(.text.HAL_RCC_OscConfig)
    HAL_SPI_Init                             0x080031d1   Thumb Code   262  stm32g4xx_hal_spi.o(.text.HAL_SPI_Init)
    HAL_SPI_MspInit                          0x080032d9   Thumb Code   108  spi.o(.text.HAL_SPI_MspInit)
    HAL_SYSTICK_Config                       0x08003345   Thumb Code     4  stm32g4xx_hal_cortex.o(.text.HAL_SYSTICK_Config)
    HAL_TIMEx_Break2Callback                 0x08003349   Thumb Code     2  stm32g4xx_hal_tim_ex.o(.text.HAL_TIMEx_Break2Callback)
    HAL_TIMEx_BreakCallback                  0x0800334d   Thumb Code     2  stm32g4xx_hal_tim_ex.o(.text.HAL_TIMEx_BreakCallback)
    HAL_TIMEx_CommutCallback                 0x08003351   Thumb Code     2  stm32g4xx_hal_tim_ex.o(.text.HAL_TIMEx_CommutCallback)
    HAL_TIMEx_ConfigBreakDeadTime            0x08003355   Thumb Code   266  stm32g4xx_hal_tim_ex.o(.text.HAL_TIMEx_ConfigBreakDeadTime)
    HAL_TIMEx_DirectionChangeCallback        0x08003461   Thumb Code     2  stm32g4xx_hal_tim_ex.o(.text.HAL_TIMEx_DirectionChangeCallback)
    HAL_TIMEx_EncoderIndexCallback           0x08003465   Thumb Code     2  stm32g4xx_hal_tim_ex.o(.text.HAL_TIMEx_EncoderIndexCallback)
    HAL_TIMEx_IndexErrorCallback             0x08003469   Thumb Code     2  stm32g4xx_hal_tim_ex.o(.text.HAL_TIMEx_IndexErrorCallback)
    HAL_TIMEx_MasterConfigSynchronization    0x0800346d   Thumb Code   232  stm32g4xx_hal_tim_ex.o(.text.HAL_TIMEx_MasterConfigSynchronization)
    HAL_TIMEx_TransitionErrorCallback        0x08003555   Thumb Code     2  stm32g4xx_hal_tim_ex.o(.text.HAL_TIMEx_TransitionErrorCallback)
    HAL_TIM_Base_Init                        0x08003559   Thumb Code    98  stm32g4xx_hal_tim.o(.text.HAL_TIM_Base_Init)
    HAL_TIM_Base_MspInit                     0x080035bd   Thumb Code   134  tim.o(.text.HAL_TIM_Base_MspInit)
    HAL_TIM_Base_Start_IT                    0x08003645   Thumb Code   190  stm32g4xx_hal_tim.o(.text.HAL_TIM_Base_Start_IT)
    HAL_TIM_ConfigClockSource                0x08003705   Thumb Code   318  stm32g4xx_hal_tim.o(.text.HAL_TIM_ConfigClockSource)
    HAL_TIM_Encoder_Init                     0x08003845   Thumb Code   194  stm32g4xx_hal_tim.o(.text.HAL_TIM_Encoder_Init)
    HAL_TIM_Encoder_MspInit                  0x08003909   Thumb Code   372  tim.o(.text.HAL_TIM_Encoder_MspInit)
    HAL_TIM_Encoder_Start                    0x08003a7d   Thumb Code   152  stm32g4xx_hal_tim.o(.text.HAL_TIM_Encoder_Start)
    HAL_TIM_IC_CaptureCallback               0x08003b15   Thumb Code     2  stm32g4xx_hal_tim.o(.text.HAL_TIM_IC_CaptureCallback)
    HAL_TIM_IRQHandler                       0x08003b19   Thumb Code   528  stm32g4xx_hal_tim.o(.text.HAL_TIM_IRQHandler)
    HAL_TIM_MspPostInit                      0x08003d29   Thumb Code   168  tim.o(.text.HAL_TIM_MspPostInit)
    HAL_TIM_OC_DelayElapsedCallback          0x08003dd1   Thumb Code     2  stm32g4xx_hal_tim.o(.text.HAL_TIM_OC_DelayElapsedCallback)
    HAL_TIM_PWM_ConfigChannel                0x08003dd5   Thumb Code   278  stm32g4xx_hal_tim.o(.text.HAL_TIM_PWM_ConfigChannel)
    HAL_TIM_PWM_Init                         0x08003eed   Thumb Code    98  stm32g4xx_hal_tim.o(.text.HAL_TIM_PWM_Init)
    HAL_TIM_PWM_MspInit                      0x08003f51   Thumb Code    48  tim.o(.text.HAL_TIM_PWM_MspInit)
    HAL_TIM_PWM_PulseFinishedCallback        0x08003f81   Thumb Code     2  stm32g4xx_hal_tim.o(.text.HAL_TIM_PWM_PulseFinishedCallback)
    HAL_TIM_PWM_Start                        0x08003f85   Thumb Code   326  stm32g4xx_hal_tim.o(.text.HAL_TIM_PWM_Start)
    HAL_TIM_PeriodElapsedCallback            0x080040cd   Thumb Code    70  timer_it.o(.text.HAL_TIM_PeriodElapsedCallback)
    HAL_TIM_TriggerCallback                  0x08004115   Thumb Code     2  stm32g4xx_hal_tim.o(.text.HAL_TIM_TriggerCallback)
    HAL_UARTEx_DisableFifoMode               0x08004119   Thumb Code    64  stm32g4xx_hal_uart_ex.o(.text.HAL_UARTEx_DisableFifoMode)
    HAL_UARTEx_ReceiveToIdle_DMA             0x08004159   Thumb Code    94  stm32g4xx_hal_uart_ex.o(.text.HAL_UARTEx_ReceiveToIdle_DMA)
    HAL_UARTEx_RxEventCallback               0x080041b9   Thumb Code   124  uart_it.o(.text.HAL_UARTEx_RxEventCallback)
    HAL_UARTEx_RxFifoFullCallback            0x08004235   Thumb Code     2  stm32g4xx_hal_uart_ex.o(.text.HAL_UARTEx_RxFifoFullCallback)
    HAL_UARTEx_SetRxFifoThreshold            0x08004239   Thumb Code    90  stm32g4xx_hal_uart_ex.o(.text.HAL_UARTEx_SetRxFifoThreshold)
    HAL_UARTEx_SetTxFifoThreshold            0x08004295   Thumb Code    90  stm32g4xx_hal_uart_ex.o(.text.HAL_UARTEx_SetTxFifoThreshold)
    HAL_UARTEx_TxFifoEmptyCallback           0x080042f1   Thumb Code     2  stm32g4xx_hal_uart_ex.o(.text.HAL_UARTEx_TxFifoEmptyCallback)
    HAL_UARTEx_WakeupCallback                0x080042f5   Thumb Code     2  stm32g4xx_hal_uart_ex.o(.text.HAL_UARTEx_WakeupCallback)
    HAL_UART_AbortReceive                    0x080042f9   Thumb Code   178  stm32g4xx_hal_uart.o(.text.HAL_UART_AbortReceive)
    HAL_UART_AbortTransmit                   0x080043ad   Thumb Code   152  stm32g4xx_hal_uart.o(.text.HAL_UART_AbortTransmit)
    HAL_UART_ErrorCallback                   0x08004445   Thumb Code   174  uart_it.o(.text.HAL_UART_ErrorCallback)
    HAL_UART_IRQHandler                      0x080044f5   Thumb Code   806  stm32g4xx_hal_uart.o(.text.HAL_UART_IRQHandler)
    HAL_UART_Init                            0x0800481d   Thumb Code   106  stm32g4xx_hal_uart.o(.text.HAL_UART_Init)
    HAL_UART_MspInit                         0x08004889   Thumb Code   726  usart.o(.text.HAL_UART_MspInit)
    HAL_UART_Receive_IT                      0x08004b61   Thumb Code   110  stm32g4xx_hal_uart.o(.text.HAL_UART_Receive_IT)
    HAL_UART_RxCpltCallback                  0x08004bd1   Thumb Code   126  uart_it.o(.text.HAL_UART_RxCpltCallback)
    HAL_UART_RxHalfCpltCallback              0x08004c51   Thumb Code     2  stm32g4xx_hal_uart.o(.text.HAL_UART_RxHalfCpltCallback)
    HAL_UART_Transmit                        0x08004c55   Thumb Code   222  stm32g4xx_hal_uart.o(.text.HAL_UART_Transmit)
    HAL_UART_Transmit_DMA                    0x08004d35   Thumb Code   174  stm32g4xx_hal_uart.o(.text.HAL_UART_Transmit_DMA)
    HAL_UART_TxCpltCallback                  0x08004de5   Thumb Code    18  uart_it.o(.text.HAL_UART_TxCpltCallback)
    HAL_UART_TxHalfCpltCallback              0x08004df9   Thumb Code     2  stm32g4xx_hal_uart.o(.text.HAL_UART_TxHalfCpltCallback)
    HardFault_Handler                        0x08004dfd   Thumb Code     2  stm32g4xx_it.o(.text.HardFault_Handler)
    I2C1_ER_IRQHandler                       0x08004e01   Thumb Code    12  stm32g4xx_it.o(.text.I2C1_ER_IRQHandler)
    I2C1_EV_IRQHandler                       0x08004e0d   Thumb Code    12  stm32g4xx_it.o(.text.I2C1_EV_IRQHandler)
    MX_ADC3_Init                             0x08005d15   Thumb Code   190  adc.o(.text.MX_ADC3_Init)
    MX_ADC5_Init                             0x08005dd5   Thumb Code   148  adc.o(.text.MX_ADC5_Init)
    MX_DMA_Init                              0x08005e69   Thumb Code   120  dma.o(.text.MX_DMA_Init)
    MX_GPIO_Init                             0x08005ee1   Thumb Code   378  gpio.o(.text.MX_GPIO_Init)
    MX_I2C1_Init                             0x0800605d   Thumb Code   114  i2c.o(.text.MX_I2C1_Init)
    MX_SPI1_Init                             0x080060d1   Thumb Code    80  spi.o(.text.MX_SPI1_Init)
    MX_TIM15_Init                            0x08006121   Thumb Code   302  tim.o(.text.MX_TIM15_Init)
    MX_TIM1_Init                             0x08006251   Thumb Code   114  tim.o(.text.MX_TIM1_Init)
    MX_TIM2_Init                             0x080062c5   Thumb Code   106  tim.o(.text.MX_TIM2_Init)
    MX_TIM3_Init                             0x08006331   Thumb Code   110  tim.o(.text.MX_TIM3_Init)
    MX_TIM4_Init                             0x080063a1   Thumb Code   110  tim.o(.text.MX_TIM4_Init)
    MX_TIM5_Init                             0x08006411   Thumb Code   130  tim.o(.text.MX_TIM5_Init)
    MX_TIM6_Init                             0x08006495   Thumb Code    84  tim.o(.text.MX_TIM6_Init)
    MX_TIM8_Init                             0x080064e9   Thumb Code   314  tim.o(.text.MX_TIM8_Init)
    MX_UART4_Init                            0x08006625   Thumb Code   134  usart.o(.text.MX_UART4_Init)
    MX_USART1_UART_Init                      0x080066ad   Thumb Code   134  usart.o(.text.MX_USART1_UART_Init)
    MX_USART2_UART_Init                      0x08006735   Thumb Code   134  usart.o(.text.MX_USART2_UART_Init)
    MX_USART3_UART_Init                      0x080067bd   Thumb Code   134  usart.o(.text.MX_USART3_UART_Init)
    MemManage_Handler                        0x08006845   Thumb Code     2  stm32g4xx_it.o(.text.MemManage_Handler)
    NMI_Handler                              0x08006849   Thumb Code     2  stm32g4xx_it.o(.text.NMI_Handler)
    PendSV_Handler                           0x08006885   Thumb Code     2  stm32g4xx_it.o(.text.PendSV_Handler)
    SVC_Handler                              0x080068d9   Thumb Code     2  stm32g4xx_it.o(.text.SVC_Handler)
    SysTick_Handler                          0x08006911   Thumb Code     4  stm32g4xx_it.o(.text.SysTick_Handler)
    SystemClock_Config                       0x08006915   Thumb Code   108  main.o(.text.SystemClock_Config)
    SystemInit                               0x08006981   Thumb Code    18  system_stm32g4xx.o(.text.SystemInit)
    TIM1_TRG_COM_TIM17_IRQHandler            0x08006995   Thumb Code    12  stm32g4xx_it.o(.text.TIM1_TRG_COM_TIM17_IRQHandler)
    TIM4_IRQHandler                          0x080069a1   Thumb Code    12  stm32g4xx_it.o(.text.TIM4_IRQHandler)
    TIM5_IRQHandler                          0x080069ad   Thumb Code    12  stm32g4xx_it.o(.text.TIM5_IRQHandler)
    TIM_Base_SetConfig                       0x080069b9   Thumb Code   314  stm32g4xx_hal_tim.o(.text.TIM_Base_SetConfig)
    TIM_CCxChannelCmd                        0x08006af5   Thumb Code    30  stm32g4xx_hal_tim.o(.text.TIM_CCxChannelCmd)
    TIM_ETR_SetConfig                        0x08006b15   Thumb Code    18  stm32g4xx_hal_tim.o(.text.TIM_ETR_SetConfig)
    TIM_OC2_SetConfig                        0x08006bc5   Thumb Code   158  stm32g4xx_hal_tim.o(.text.TIM_OC2_SetConfig)
    UART4_IRQHandler                         0x08006eb5   Thumb Code    12  stm32g4xx_it.o(.text.UART4_IRQHandler)
    UART_AdvFeatureConfig                    0x08006f21   Thumb Code   204  stm32g4xx_hal_uart.o(.text.UART_AdvFeatureConfig)
    UART_CheckIdleState                      0x08006fed   Thumb Code   114  stm32g4xx_hal_uart.o(.text.UART_CheckIdleState)
    UART_PID_Tune                            0x08007261   Thumb Code   346  uart_it.o(.text.UART_PID_Tune)
    UART_SetConfig                           0x08007865   Thumb Code   690  stm32g4xx_hal_uart.o(.text.UART_SetConfig)
    UART_Start_Receive_DMA                   0x08007b19   Thumb Code   168  stm32g4xx_hal_uart.o(.text.UART_Start_Receive_DMA)
    UART_Start_Receive_IT                    0x08007bc1   Thumb Code   316  stm32g4xx_hal_uart.o(.text.UART_Start_Receive_IT)
    UART_WaitOnFlagUntilTimeout              0x08007cfd   Thumb Code   238  stm32g4xx_hal_uart.o(.text.UART_WaitOnFlagUntilTimeout)
    UART_send_bytes                          0x08007ded   Thumb Code    88  log.o(.text.UART_send_bytes)
    UART_send_justfloat                      0x08007e45   Thumb Code   104  log.o(.text.UART_send_justfloat)
    USART1_IRQHandler                        0x08007ead   Thumb Code    12  stm32g4xx_it.o(.text.USART1_IRQHandler)
    USART2_IRQHandler                        0x08007eb9   Thumb Code    12  stm32g4xx_it.o(.text.USART2_IRQHandler)
    UsageFault_Handler                       0x08007ec5   Thumb Code     2  stm32g4xx_it.o(.text.UsageFault_Handler)
    compute_pid                              0x08007f41   Thumb Code   224  pid.o(.text.compute_pid)
    correct_gw_analogue                      0x08008021   Thumb Code   448  gw_analogue.o(.text.correct_gw_analogue)
    driver_BUZZER                            0x080081e1   Thumb Code    44  buzzer.o(.text.driver_BUZZER)
    driver_LED                               0x0800820d   Thumb Code   128  led.o(.text.driver_LED)
    driver_button                            0x0800828d   Thumb Code   188  button.o(.text.driver_button)
    driver_gw_analogue                       0x08008349   Thumb Code    36  gw_analogue.o(.text.driver_gw_analogue)
    driver_wheel                             0x08008921   Thumb Code   356  wheel.o(.text.driver_wheel)
    follow_line                              0x08008aa9   Thumb Code    46  status.o(.text.follow_line)
    get_gw_analoge_digital_data              0x08008ad9   Thumb Code    76  gw_analogue.o(.text.get_gw_analoge_digital_data)
    get_gw_analogue_analogue_diff            0x08008b25   Thumb Code   144  gw_analogue.o(.text.get_gw_analogue_analogue_diff)
    get_gw_raw_data                          0x08008bb5   Thumb Code    92  gw_analogue.o(.text.get_gw_raw_data)
    get_road_type                            0x08008c11   Thumb Code   166  gw_analogue.o(.text.get_road_type)
    get_wheel_speed                          0x08008cb9   Thumb Code    78  wheel.o(.text.get_wheel_speed)
    iic_gyr_get_value                        0x08008d09   Thumb Code   136  gy901.o(.text.iic_gyr_get_value)
    iic_gyr_init                             0x08008d91   Thumb Code   172  gy901.o(.text.iic_gyr_init)
    iic_gyr_read_dma                         0x08008e3d   Thumb Code    74  gy901.o(.text.iic_gyr_read_dma)
    init_BUZZER                              0x08008e89   Thumb Code    12  buzzer.o(.text.init_BUZZER)
    init_LED                                 0x08008e95   Thumb Code    10  led.o(.text.init_LED)
    init_button                              0x08008ea1   Thumb Code    24  button.o(.text.init_button)
    init_device                              0x08008eb9   Thumb Code    86  status.o(.text.init_device)
    init_gw_analogue                         0x08008f11   Thumb Code   142  gw_analogue.o(.text.init_gw_analogue)
    init_maixcam_uart                        0x08008fa1   Thumb Code    56  uart_it.o(.text.init_maixcam_uart)
    init_motor                               0x08008fd9   Thumb Code   100  status.o(.text.init_motor)
    init_pid                                 0x0800903d   Thumb Code    32  pid.o(.text.init_pid)
    init_road_cnt                            0x0800905d   Thumb Code    12  gw_analogue.o(.text.init_road_cnt)
    init_road_determine                      0x08009069   Thumb Code    14  gw_analogue.o(.text.init_road_determine)
    init_sensor                              0x08009079   Thumb Code    24  status.o(.text.init_sensor)
    init_servo                               0x08009091   Thumb Code   224  servo.o(.text.init_servo)
    init_state                               0x08009171   Thumb Code    28  status.o(.text.init_state)
    init_status                              0x0800918d   Thumb Code    40  status.o(.text.init_status)
    init_status_pid                          0x080091b5   Thumb Code   388  status.o(.text.init_status_pid)
    init_task                                0x08009339   Thumb Code    28  defect.o(.text.init_task)
    init_uart_gyr                            0x08009355   Thumb Code    30  uart_it.o(.text.init_uart_gyr)
    init_uart_pid_tune                       0x08009375   Thumb Code    22  uart_it.o(.text.init_uart_pid_tune)
    init_wheel                               0x0800938d   Thumb Code   280  wheel.o(.text.init_wheel)
    keep_angle                               0x080094a5   Thumb Code   164  status.o(.text.keep_angle)
    keep_balance                             0x08009549   Thumb Code    76  status.o(.text.keep_balance)
    main                                     0x08009595   Thumb Code   242  main.o(.text.main)
    maixcam_cmd_D                            0x08009689   Thumb Code    52  maixcam.o(.text.maixcam_cmd_D)
    maixcam_cmd_M                            0x080096bd   Thumb Code    44  maixcam.o(.text.maixcam_cmd_M)
    maixcam_cmd_T                            0x080096e9   Thumb Code    52  maixcam.o(.text.maixcam_cmd_T)
    maixcam_cmd_done                         0x0800971d   Thumb Code    32  maixcam.o(.text.maixcam_cmd_done)
    maixcam_init                             0x0800973d   Thumb Code    96  maixcam.o(.text.maixcam_init)
    maixcam_poll                             0x0800979d   Thumb Code    74  maixcam.o(.text.maixcam_poll)
    maixcam_rx_feed                          0x080097e9   Thumb Code    48  maixcam.o(.text.maixcam_rx_feed)
    maixcam_uart_tx_complete                 0x08009965   Thumb Code    48  maixcam.o(.text.maixcam_uart_tx_complete)
    maixcam_uart_tx_enqueue                  0x08009995   Thumb Code   164  maixcam.o(.text.maixcam_uart_tx_enqueue)
    normalize_gray_data                      0x08009b35   Thumb Code    40  gw_analogue.o(.text.normalize_gray_data)
    normalize_gray_weight                    0x08009b5d   Thumb Code    68  gw_analogue.o(.text.normalize_gray_weight)
    road_decision                            0x08009d7d   Thumb Code    40  gw_analogue.o(.text.road_decision)
    road_new_from_bit                        0x08009da5   Thumb Code    14  gw_analogue.o(.text.road_new_from_bit)
    select_channel                           0x08009db5   Thumb Code    76  gw_analogue.o(.text.select_channel)
    serve_road                               0x08009e01   Thumb Code   102  gw_analogue.o(.text.serve_road)
    server_button                            0x08009e69   Thumb Code   150  button.o(.text.server_button)
    set_wheel_dir                            0x08009f01   Thumb Code   278  wheel.o(.text.set_wheel_dir)
    task7_flush                              0x0800a019   Thumb Code   108  defect.o(.text.task7_flush)
    task_select                              0x0800a1e1   Thumb Code    18  defect.o(.text.task_select)
    task_start                               0x0800a1f5   Thumb Code    40  defect.o(.text.task_start)
    task_stop                                0x0800a21d   Thumb Code    30  defect.o(.text.task_stop)
    trun_lq_step_angle                       0x0800a23d   Thumb Code   126  lq_step.o(.text.trun_lq_step_angle)
    uart_gyr_init                            0x0800a2bd   Thumb Code    24  uart_gyro.o(.text.uart_gyr_init)
    uart_gyr_rx_feed                         0x0800a2d5   Thumb Code   164  uart_gyro.o(.text.uart_gyr_rx_feed)
    uart_gyr_start_receive                   0x0800a379   Thumb Code    56  uart_gyro.o(.text.uart_gyr_start_receive)
    update_status                            0x0800a3b1   Thumb Code   424  status.o(.text.update_status)
    update_task                              0x0800a559   Thumb Code   170  defect.o(.text.update_task)
    update_task_led                          0x0800a605   Thumb Code    30  defect.o(.text.update_task_led)
    __0snprintf                              0x0800a625   Thumb Code    44  printfa.o(i.__0snprintf)
    __1snprintf                              0x0800a625   Thumb Code     0  printfa.o(i.__0snprintf)
    __2snprintf                              0x0800a625   Thumb Code     0  printfa.o(i.__0snprintf)
    __c89snprintf                            0x0800a625   Thumb Code     0  printfa.o(i.__0snprintf)
    snprintf                                 0x0800a625   Thumb Code     0  printfa.o(i.__0snprintf)
    __hardfp_atof                            0x0800a659   Thumb Code    44  atof.o(i.__hardfp_atof)
    __read_errno                             0x0800a691   Thumb Code     6  errno.o(i.__read_errno)
    __scatterload_copy                       0x0800a69d   Thumb Code    14  handlers.o(i.__scatterload_copy)
    __scatterload_null                       0x0800a6ab   Thumb Code     2  handlers.o(i.__scatterload_null)
    __scatterload_zeroinit                   0x0800a6ad   Thumb Code    14  handlers.o(i.__scatterload_zeroinit)
    __set_errno                              0x0800a6bd   Thumb Code     6  errno.o(i.__set_errno)
    _is_digit                                0x0800a84d   Thumb Code    14  scanf_fp.o(i._is_digit)
    __ctype_table                            0x0800afa0   Data         129  ctype_o.o(.constdata)
    AHBPrescTable                            0x0800b028   Data          16  system_stm32g4xx.o(.rodata.AHBPrescTable)
    APBPrescTable                            0x0800b038   Data           8  system_stm32g4xx.o(.rodata.APBPrescTable)
    UARTPrescTable                           0x0800b040   Data          24  stm32g4xx_hal_uart.o(.rodata.UARTPrescTable)
    Region$$Table$$Base                      0x0800b058   Number         0  anon$$obj.o(Region$$Table)
    Region$$Table$$Limit                     0x0800b078   Number         0  anon$$obj.o(Region$$Table)
    SystemCoreClock                          0x20000004   Data           4  system_stm32g4xx.o(.data.SystemCoreClock)
    cmd_speed                                0x20000008   Data           2  main.o(.data.cmd_speed)
    distance                                 0x2000000c   Data          32  gw_analogue.o(.data.distance)
    uwTickFreq                               0x2000002c   Data           4  stm32g4xx_hal.o(.data.uwTickFreq)
    uwTickPrio                               0x20000030   Data           4  stm32g4xx_hal.o(.data.uwTickPrio)
    cross_cnt                                0x20000040   Data           1  gw_analogue.o(.bss.cross_cnt)
    esp8266_ready                            0x2000004c   Data           1  lora.o(.bss.esp8266_ready)
    gyro_dma_busy                            0x2000004d   Data           1  gy901.o(.bss.gyro_dma_busy)
    gyro_dma_ready                           0x2000004e   Data           1  gy901.o(.bss.gyro_dma_ready)
    hadc3                                    0x20000050   Data         108  adc.o(.bss.hadc3)
    hadc5                                    0x200000bc   Data         108  adc.o(.bss.hadc5)
    hdma_i2c1_rx                             0x20000128   Data          96  i2c.o(.bss.hdma_i2c1_rx)
    hdma_uart4_rx                            0x20000188   Data          96  usart.o(.bss.hdma_uart4_rx)
    hdma_uart4_tx                            0x200001e8   Data          96  usart.o(.bss.hdma_uart4_tx)
    hi2c1                                    0x20000248   Data          76  i2c.o(.bss.hi2c1)
    hspi1                                    0x20000294   Data         100  spi.o(.bss.hspi1)
    htim1                                    0x200002f8   Data          76  tim.o(.bss.htim1)
    htim15                                   0x20000344   Data          76  tim.o(.bss.htim15)
    htim2                                    0x20000390   Data          76  tim.o(.bss.htim2)
    htim3                                    0x200003dc   Data          76  tim.o(.bss.htim3)
    htim4                                    0x20000428   Data          76  tim.o(.bss.htim4)
    htim5                                    0x20000474   Data          76  tim.o(.bss.htim5)
    htim6                                    0x200004c0   Data          76  tim.o(.bss.htim6)
    htim8                                    0x2000050c   Data          76  tim.o(.bss.htim8)
    huart1                                   0x20000558   Data         144  usart.o(.bss.huart1)
    huart2                                   0x200005e8   Data         144  usart.o(.bss.huart2)
    huart3                                   0x20000678   Data         144  usart.o(.bss.huart3)
    huart4                                   0x20000708   Data         144  usart.o(.bss.huart4)
    iic_gyr_dma_complete_tick                0x20000798   Data           4  gy901.o(.bss.iic_gyr_dma_complete_tick)
    iic_gyr_dma_error_count                  0x2000079c   Data           4  gy901.o(.bss.iic_gyr_dma_error_count)
    iic_gyr_initial_ready                    0x200007a0   Data           1  gy901.o(.bss.iic_gyr_initial_ready)
    maixcam_cmd                              0x200007ac   Data          21  maixcam.o(.bss.maixcam_cmd)
    maixcam_det                              0x200007c4   Data          24  maixcam.o(.bss.maixcam_det)
    maixcam_det_new                          0x200007dc   Data           1  maixcam.o(.bss.maixcam_det_new)
    maixcam_rx                               0x20000860   Data         134  maixcam.o(.bss.maixcam_rx)
    maixcam_rx_raw_buf                       0x200008e6   Data          64  maixcam.o(.bss.maixcam_rx_raw_buf)
    maixcam_rx_raw_ready                     0x20000926   Data           1  maixcam.o(.bss.maixcam_rx_raw_ready)
    status                                   0x20000d80   Data         776  status.o(.bss.status)
    uwTick                                   0x200010fc   Data           4  stm32g4xx_hal.o(.bss.uwTick)
    __initial_sp                             0x20001500   Data           0  startup_stm32g474xx.o(STACK)



==============================================================================

Memory Map of the image

  Image Entry point : 0x080001d9

  Load Region LR_IROM1 (Base: 0x08000000, Size: 0x0000b0b0, Max: 0x00020000, ABSOLUTE)

    Execution Region ER_IROM1 (Exec base: 0x08000000, Load base: 0x08000000, Size: 0x0000b078, Max: 0x00020000, ABSOLUTE)

    Exec Addr    Load Addr    Size         Type   Attr      Idx    E Section Name        Object

    0x08000000   0x08000000   0x000001d8   Data   RO            3    RESET               startup_stm32g474xx.o
    0x080001d8   0x080001d8   0x00000000   Code   RO         2752  * .ARM.Collect$$$$00000000  mc_w.l(entry.o)
    0x080001d8   0x080001d8   0x00000004   Code   RO         3040    .ARM.Collect$$$$00000001  mc_w.l(entry2.o)
    0x080001dc   0x080001dc   0x00000004   Code   RO         3043    .ARM.Collect$$$$00000004  mc_w.l(entry5.o)
    0x080001e0   0x080001e0   0x00000000   Code   RO         3045    .ARM.Collect$$$$00000008  mc_w.l(entry7b.o)
    0x080001e0   0x080001e0   0x00000000   Code   RO         3047    .ARM.Collect$$$$0000000A  mc_w.l(entry8b.o)
    0x080001e0   0x080001e0   0x00000008   Code   RO         3048    .ARM.Collect$$$$0000000B  mc_w.l(entry9a.o)
    0x080001e8   0x080001e8   0x00000000   Code   RO         3050    .ARM.Collect$$$$0000000D  mc_w.l(entry10a.o)
    0x080001e8   0x080001e8   0x00000000   Code   RO         3052    .ARM.Collect$$$$0000000F  mc_w.l(entry11a.o)
    0x080001e8   0x080001e8   0x00000004   Code   RO         3041    .ARM.Collect$$$$00002712  mc_w.l(entry2.o)
    0x080001ec   0x080001ec   0x00000024   Code   RO            4    .text               startup_stm32g474xx.o
    0x08000210   0x08000210   0x00000062   Code   RO         2755    .text               mc_w.l(uldiv.o)
    0x08000272   0x08000272   0x00000024   Code   RO         2757    .text               mc_w.l(memseta.o)
    0x08000296   0x08000296   0x0000014e   Code   RO         3024    .text               mf_w.l(dadd.o)
    0x080003e4   0x080003e4   0x000000e4   Code   RO         3026    .text               mf_w.l(dmul.o)
    0x080004c8   0x080004c8   0x000000de   Code   RO         3028    .text               mf_w.l(ddiv.o)
    0x080005a6   0x080005a6   0x00000022   Code   RO         3030    .text               mf_w.l(dflti.o)
    0x080005c8   0x080005c8   0x0000001a   Code   RO         3032    .text               mf_w.l(dfltui.o)
    0x080005e2   0x080005e2   0x0000003e   Code   RO         3034    .text               mf_w.l(dfixi.o)
    0x08000620   0x08000620   0x00000026   Code   RO         3036    .text               mf_w.l(f2d.o)
    0x08000646   0x08000646   0x00000038   Code   RO         3038    .text               mf_w.l(d2f.o)
    0x0800067e   0x0800067e   0x0000002c   Code   RO         3055    .text               mc_w.l(uidiv.o)
    0x080006aa   0x080006aa   0x0000001e   Code   RO         3057    .text               mc_w.l(llshl.o)
    0x080006c8   0x080006c8   0x00000020   Code   RO         3059    .text               mc_w.l(llushr.o)
    0x080006e8   0x080006e8   0x00000024   Code   RO         3061    .text               mc_w.l(llsshr.o)
    0x0800070c   0x0800070c   0x0000009c   Code   RO         3070    .text               mc_w.l(strtod.o)
    0x080007a8   0x080007a8   0x00000000   Code   RO         3074    .text               mc_w.l(iusefp.o)
    0x080007a8   0x080007a8   0x0000006e   Code   RO         3075    .text               mf_w.l(fepilogue.o)
    0x08000816   0x08000816   0x000000ba   Code   RO         3077    .text               mf_w.l(depilogue.o)
    0x080008d0   0x080008d0   0x00000030   Code   RO         3079    .text               mf_w.l(dfixul.o)
    0x08000900   0x08000900   0x00000030   Code   RO         3081    .text               mf_w.l(cdrcmple.o)
    0x08000930   0x08000930   0x00000024   Code   RO         3083    .text               mc_w.l(init.o)
    0x08000954   0x08000954   0x00000008   Code   RO         3087    .text               mc_w.l(ctype_o.o)
    0x0800095c   0x0800095c   0x00000012   Code   RO         3109    .text               mc_w.l(isspace_o.o)
    0x0800096e   0x0800096e   0x00000002   PAD
    0x08000970   0x08000970   0x00000360   Code   RO         3115    .text               mc_w.l(scanf_fp.o)
    0x08000cd0   0x08000cd0   0x00000040   Code   RO         3119    .text               mc_w.l(_sgetc.o)
    0x08000d10   0x08000d10   0x00000018   Code   RO         3128    .text               mf_w.l(dfltul.o)
    0x08000d28   0x08000d28   0x000000de   Code   RO          298    .text.ADC_ConversionStop  stm32g4xx_hal_adc.o
    0x08000e06   0x08000e06   0x00000002   PAD
    0x08000e08   0x08000e08   0x00000096   Code   RO          300    .text.ADC_Disable   stm32g4xx_hal_adc.o
    0x08000e9e   0x08000e9e   0x00000002   PAD
    0x08000ea0   0x08000ea0   0x00000078   Code   RO          308    .text.ADC_Enable    stm32g4xx_hal_adc.o
    0x08000f18   0x08000f18   0x0000001a   Code   RO         2594    .text.BCC           lq_step.o
    0x08000f32   0x08000f32   0x00000002   PAD
    0x08000f34   0x08000f34   0x00000002   Code   RO          219    .text.BusFault_Handler  stm32g4xx_it.o
    0x08000f36   0x08000f36   0x00000002   PAD
    0x08000f38   0x08000f38   0x0000000c   Code   RO          231    .text.DMA1_Channel2_IRQHandler  stm32g4xx_it.o
    0x08000f44   0x08000f44   0x0000000c   Code   RO          233    .text.DMA1_Channel7_IRQHandler  stm32g4xx_it.o
    0x08000f50   0x08000f50   0x0000000c   Code   RO          251    .text.DMA2_Channel1_IRQHandler  stm32g4xx_it.o
    0x08000f5c   0x08000f5c   0x0000004c   Code   RO          898    .text.DMA_CalcDMAMUXChannelBaseAndMask  stm32g4xx_hal_dma.o
    0x08000fa8   0x08000fa8   0x0000002c   Code   RO          900    .text.DMA_CalcDMAMUXRequestGenBaseAndMask  stm32g4xx_hal_dma.o
    0x08000fd4   0x08000fd4   0x0000004c   Code   RO          906    .text.DMA_SetConfig  stm32g4xx_hal_dma.o
    0x08001020   0x08001020   0x00000002   Code   RO          225    .text.DebugMon_Handler  stm32g4xx_it.o
    0x08001022   0x08001022   0x00000002   PAD
    0x08001024   0x08001024   0x0000000a   Code   RO           33    .text.Error_Handler  main.o
    0x0800102e   0x0800102e   0x00000002   PAD
    0x08001030   0x08001030   0x0000013c   Code   RO          517    .text.HAL_ADCEx_MultiModeConfigChannel  stm32g4xx_hal_adc_ex.o
    0x0800116c   0x0800116c   0x0000035e   Code   RO          354    .text.HAL_ADC_ConfigChannel  stm32g4xx_hal_adc.o
    0x080014ca   0x080014ca   0x00000002   PAD
    0x080014cc   0x080014cc   0x00000006   Code   RO          336    .text.HAL_ADC_GetValue  stm32g4xx_hal_adc.o
    0x080014d2   0x080014d2   0x00000002   PAD
    0x080014d4   0x080014d4   0x00000232   Code   RO          276    .text.HAL_ADC_Init  stm32g4xx_hal_adc.o
    0x08001706   0x08001706   0x00000002   PAD
    0x08001708   0x08001708   0x00000118   Code   RO           67    .text.HAL_ADC_MspInit  adc.o
    0x08001820   0x08001820   0x0000015a   Code   RO          314    .text.HAL_ADC_PollForConversion  stm32g4xx_hal_adc.o
    0x0800197a   0x0800197a   0x00000002   PAD
    0x0800197c   0x0800197c   0x0000014c   Code   RO          304    .text.HAL_ADC_Start  stm32g4xx_hal_adc.o
    0x08001ac8   0x08001ac8   0x00000044   Code   RO          312    .text.HAL_ADC_Stop  stm32g4xx_hal_adc.o
    0x08001b0c   0x08001b0c   0x0000006c   Code   RO          910    .text.HAL_DMA_Abort  stm32g4xx_hal_dma.o
    0x08001b78   0x08001b78   0x00000084   Code   RO          912    .text.HAL_DMA_Abort_IT  stm32g4xx_hal_dma.o
    0x08001bfc   0x08001bfc   0x00000004   Code   RO          924    .text.HAL_DMA_GetError  stm32g4xx_hal_dma.o
    0x08001c00   0x08001c00   0x00000006   Code   RO          922    .text.HAL_DMA_GetState  stm32g4xx_hal_dma.o
    0x08001c06   0x08001c06   0x00000002   PAD
    0x08001c08   0x08001c08   0x000000e0   Code   RO          916    .text.HAL_DMA_IRQHandler  stm32g4xx_hal_dma.o
    0x08001ce8   0x08001ce8   0x000000f0   Code   RO          896    .text.HAL_DMA_Init  stm32g4xx_hal_dma.o
    0x08001dd8   0x08001dd8   0x00000096   Code   RO          908    .text.HAL_DMA_Start_IT  stm32g4xx_hal_dma.o
    0x08001e6e   0x08001e6e   0x00000002   PAD
    0x08001e70   0x08001e70   0x000001c2   Code   RO          840    .text.HAL_GPIO_Init  stm32g4xx_hal_gpio.o
    0x08002032   0x08002032   0x00000002   PAD
    0x08002034   0x08002034   0x0000000a   Code   RO          844    .text.HAL_GPIO_ReadPin  stm32g4xx_hal_gpio.o
    0x0800203e   0x0800203e   0x00000002   PAD
    0x08002040   0x08002040   0x00000010   Code   RO          846    .text.HAL_GPIO_WritePin  stm32g4xx_hal_gpio.o
    0x08002050   0x08002050   0x0000000c   Code   RO          564    .text.HAL_GetTick   stm32g4xx_hal.o
    0x0800205c   0x0800205c   0x00000052   Code   RO         1330    .text.HAL_I2CEx_ConfigAnalogFilter  stm32g4xx_hal_i2c_ex.o
    0x080020ae   0x080020ae   0x00000002   PAD
    0x080020b0   0x080020b0   0x0000004e   Code   RO         1332    .text.HAL_I2CEx_ConfigDigitalFilter  stm32g4xx_hal_i2c_ex.o
    0x080020fe   0x080020fe   0x00000002   PAD
    0x08002100   0x08002100   0x00000002   Code   RO         1295    .text.HAL_I2C_AbortCpltCallback  stm32g4xx_hal_i2c.o
    0x08002102   0x08002102   0x00000002   PAD
    0x08002104   0x08002104   0x00000002   Code   RO         1285    .text.HAL_I2C_AddrCallback  stm32g4xx_hal_i2c.o
    0x08002106   0x08002106   0x00000002   PAD
    0x08002108   0x08002108   0x00000066   Code   RO         1273    .text.HAL_I2C_ER_IRQHandler  stm32g4xx_hal_i2c.o
    0x0800216e   0x0800216e   0x00000002   PAD
    0x08002170   0x08002170   0x00000018   Code   RO         1271    .text.HAL_I2C_EV_IRQHandler  stm32g4xx_hal_i2c.o
    0x08002188   0x08002188   0x0000002e   Code   RO         2380    .text.HAL_I2C_ErrorCallback  gy901.o
    0x080021b6   0x080021b6   0x00000002   PAD
    0x080021b8   0x080021b8   0x000000bc   Code   RO         1161    .text.HAL_I2C_Init  stm32g4xx_hal_i2c.o
    0x08002274   0x08002274   0x00000002   Code   RO         1287    .text.HAL_I2C_ListenCpltCallback  stm32g4xx_hal_i2c.o
    0x08002276   0x08002276   0x00000002   PAD
    0x08002278   0x08002278   0x00000002   Code   RO         1279    .text.HAL_I2C_MasterRxCpltCallback  stm32g4xx_hal_i2c.o
    0x0800227a   0x0800227a   0x00000002   PAD
    0x0800227c   0x0800227c   0x00000002   Code   RO         1277    .text.HAL_I2C_MasterTxCpltCallback  stm32g4xx_hal_i2c.o
    0x0800227e   0x0800227e   0x00000002   PAD
    0x08002280   0x08002280   0x00000040   Code   RO         2378    .text.HAL_I2C_MemRxCpltCallback  gy901.o
    0x080022c0   0x080022c0   0x00000002   Code   RO         1289    .text.HAL_I2C_MemTxCpltCallback  stm32g4xx_hal_i2c.o
    0x080022c2   0x080022c2   0x00000002   PAD
    0x080022c4   0x080022c4   0x0000015a   Code   RO         1239    .text.HAL_I2C_Mem_Read_DMA  stm32g4xx_hal_i2c.o
    0x0800241e   0x0800241e   0x00000002   PAD
    0x08002420   0x08002420   0x0000013e   Code   RO          100    .text.HAL_I2C_MspInit  i2c.o
    0x0800255e   0x0800255e   0x00000002   PAD
    0x08002560   0x08002560   0x00000002   Code   RO         1283    .text.HAL_I2C_SlaveRxCpltCallback  stm32g4xx_hal_i2c.o
    0x08002562   0x08002562   0x00000002   PAD
    0x08002564   0x08002564   0x00000002   Code   RO         1281    .text.HAL_I2C_SlaveTxCpltCallback  stm32g4xx_hal_i2c.o
    0x08002566   0x08002566   0x00000002   PAD
    0x08002568   0x08002568   0x0000001a   Code   RO          562    .text.HAL_IncTick   stm32g4xx_hal.o
    0x08002582   0x08002582   0x00000002   PAD
    0x08002584   0x08002584   0x00000020   Code   RO          552    .text.HAL_Init      stm32g4xx_hal.o
    0x080025a4   0x080025a4   0x00000058   Code   RO          554    .text.HAL_InitTick  stm32g4xx_hal.o
    0x080025fc   0x080025fc   0x00000034   Code   RO          263    .text.HAL_MspInit   stm32g4xx_hal_msp.o
    0x08002630   0x08002630   0x00000004   Code   RO         1098    .text.HAL_NVIC_EnableIRQ  stm32g4xx_hal_cortex.o
    0x08002634   0x08002634   0x00000020   Code   RO         1090    .text.HAL_NVIC_SetPriority  stm32g4xx_hal_cortex.o
    0x08002654   0x08002654   0x00000004   Code   RO         1086    .text.HAL_NVIC_SetPriorityGrouping  stm32g4xx_hal_cortex.o
    0x08002658   0x08002658   0x000000d2   Code   RO         1003    .text.HAL_PWREx_ControlVoltageScaling  stm32g4xx_hal_pwr_ex.o
    0x0800272a   0x0800272a   0x00000002   PAD
    0x0800272c   0x0800272c   0x00000012   Code   RO         1073    .text.HAL_PWREx_DisableUCPDDeadBattery  stm32g4xx_hal_pwr_ex.o
    0x0800273e   0x0800273e   0x00000002   PAD
    0x08002740   0x08002740   0x000002dc   Code   RO          679    .text.HAL_RCCEx_PeriphCLKConfig  stm32g4xx_hal_rcc_ex.o
    0x08002a1c   0x08002a1c   0x000001f0   Code   RO          640    .text.HAL_RCC_ClockConfig  stm32g4xx_hal_rcc.o
    0x08002c0c   0x08002c0c   0x0000000c   Code   RO          648    .text.HAL_RCC_GetHCLKFreq  stm32g4xx_hal_rcc.o
    0x08002c18   0x08002c18   0x00000026   Code   RO          650    .text.HAL_RCC_GetPCLK1Freq  stm32g4xx_hal_rcc.o
    0x08002c3e   0x08002c3e   0x00000002   PAD
    0x08002c40   0x08002c40   0x00000026   Code   RO          652    .text.HAL_RCC_GetPCLK2Freq  stm32g4xx_hal_rcc.o
    0x08002c66   0x08002c66   0x00000002   PAD
    0x08002c68   0x08002c68   0x00000076   Code   RO          644    .text.HAL_RCC_GetSysClockFreq  stm32g4xx_hal_rcc.o
    0x08002cde   0x08002cde   0x00000002   PAD
    0x08002ce0   0x08002ce0   0x000004f0   Code   RO          638    .text.HAL_RCC_OscConfig  stm32g4xx_hal_rcc.o
    0x080031d0   0x080031d0   0x00000106   Code   RO         1353    .text.HAL_SPI_Init  stm32g4xx_hal_spi.o
    0x080032d6   0x080032d6   0x00000002   PAD
    0x080032d8   0x080032d8   0x0000006c   Code   RO          119    .text.HAL_SPI_MspInit  spi.o
    0x08003344   0x08003344   0x00000004   Code   RO         1110    .text.HAL_SYSTICK_Config  stm32g4xx_hal_cortex.o
    0x08003348   0x08003348   0x00000002   Code   RO         1866    .text.HAL_TIMEx_Break2Callback  stm32g4xx_hal_tim_ex.o
    0x0800334a   0x0800334a   0x00000002   PAD
    0x0800334c   0x0800334c   0x00000002   Code   RO         1864    .text.HAL_TIMEx_BreakCallback  stm32g4xx_hal_tim_ex.o
    0x0800334e   0x0800334e   0x00000002   PAD
    0x08003350   0x08003350   0x00000002   Code   RO         1860    .text.HAL_TIMEx_CommutCallback  stm32g4xx_hal_tim_ex.o
    0x08003352   0x08003352   0x00000002   PAD
    0x08003354   0x08003354   0x0000010a   Code   RO         1812    .text.HAL_TIMEx_ConfigBreakDeadTime  stm32g4xx_hal_tim_ex.o
    0x0800345e   0x0800345e   0x00000002   PAD
    0x08003460   0x08003460   0x00000002   Code   RO         1870    .text.HAL_TIMEx_DirectionChangeCallback  stm32g4xx_hal_tim_ex.o
    0x08003462   0x08003462   0x00000002   PAD
    0x08003464   0x08003464   0x00000002   Code   RO         1868    .text.HAL_TIMEx_EncoderIndexCallback  stm32g4xx_hal_tim_ex.o
    0x08003466   0x08003466   0x00000002   PAD
    0x08003468   0x08003468   0x00000002   Code   RO         1872    .text.HAL_TIMEx_IndexErrorCallback  stm32g4xx_hal_tim_ex.o
    0x0800346a   0x0800346a   0x00000002   PAD
    0x0800346c   0x0800346c   0x000000e8   Code   RO         1810    .text.HAL_TIMEx_MasterConfigSynchronization  stm32g4xx_hal_tim_ex.o
    0x08003554   0x08003554   0x00000002   Code   RO         1874    .text.HAL_TIMEx_TransitionErrorCallback  stm32g4xx_hal_tim_ex.o
    0x08003556   0x08003556   0x00000002   PAD
    0x08003558   0x08003558   0x00000062   Code   RO         1489    .text.HAL_TIM_Base_Init  stm32g4xx_hal_tim.o
    0x080035ba   0x080035ba   0x00000002   PAD
    0x080035bc   0x080035bc   0x00000086   Code   RO          155    .text.HAL_TIM_Base_MspInit  tim.o
    0x08003642   0x08003642   0x00000002   PAD
    0x08003644   0x08003644   0x000000be   Code   RO         1503    .text.HAL_TIM_Base_Start_IT  stm32g4xx_hal_tim.o
    0x08003702   0x08003702   0x00000002   PAD
    0x08003704   0x08003704   0x0000013e   Code   RO         1685    .text.HAL_TIM_ConfigClockSource  stm32g4xx_hal_tim.o
    0x08003842   0x08003842   0x00000002   PAD
    0x08003844   0x08003844   0x000000c2   Code   RO         1603    .text.HAL_TIM_Encoder_Init  stm32g4xx_hal_tim.o
    0x08003906   0x08003906   0x00000002   PAD
    0x08003908   0x08003908   0x00000174   Code   RO          153    .text.HAL_TIM_Encoder_MspInit  tim.o
    0x08003a7c   0x08003a7c   0x00000098   Code   RO         1611    .text.HAL_TIM_Encoder_Start  stm32g4xx_hal_tim.o
    0x08003b14   0x08003b14   0x00000002   Code   RO         1625    .text.HAL_TIM_IC_CaptureCallback  stm32g4xx_hal_tim.o
    0x08003b16   0x08003b16   0x00000002   PAD
    0x08003b18   0x08003b18   0x00000210   Code   RO         1623    .text.HAL_TIM_IRQHandler  stm32g4xx_hal_tim.o
    0x08003d28   0x08003d28   0x000000a8   Code   RO          149    .text.HAL_TIM_MspPostInit  tim.o
    0x08003dd0   0x08003dd0   0x00000002   Code   RO         1627    .text.HAL_TIM_OC_DelayElapsedCallback  stm32g4xx_hal_tim.o
    0x08003dd2   0x08003dd2   0x00000002   PAD
    0x08003dd4   0x08003dd4   0x00000116   Code   RO         1659    .text.HAL_TIM_PWM_ConfigChannel  stm32g4xx_hal_tim.o
    0x08003eea   0x08003eea   0x00000002   PAD
    0x08003eec   0x08003eec   0x00000062   Code   RO         1543    .text.HAL_TIM_PWM_Init  stm32g4xx_hal_tim.o
    0x08003f4e   0x08003f4e   0x00000002   PAD
    0x08003f50   0x08003f50   0x00000030   Code   RO          157    .text.HAL_TIM_PWM_MspInit  tim.o
    0x08003f80   0x08003f80   0x00000002   Code   RO         1629    .text.HAL_TIM_PWM_PulseFinishedCallback  stm32g4xx_hal_tim.o
    0x08003f82   0x08003f82   0x00000002   PAD
    0x08003f84   0x08003f84   0x00000146   Code   RO         1551    .text.HAL_TIM_PWM_Start  stm32g4xx_hal_tim.o
    0x080040ca   0x080040ca   0x00000002   PAD
    0x080040cc   0x080040cc   0x00000046   Code   RO         2192    .text.HAL_TIM_PeriodElapsedCallback  timer_it.o
    0x08004112   0x08004112   0x00000002   PAD
    0x08004114   0x08004114   0x00000002   Code   RO         1633    .text.HAL_TIM_TriggerCallback  stm32g4xx_hal_tim.o
    0x08004116   0x08004116   0x00000002   PAD
    0x08004118   0x08004118   0x00000040   Code   RO         2065    .text.HAL_UARTEx_DisableFifoMode  stm32g4xx_hal_uart_ex.o
    0x08004158   0x08004158   0x0000005e   Code   RO         2075    .text.HAL_UARTEx_ReceiveToIdle_DMA  stm32g4xx_hal_uart_ex.o
    0x080041b6   0x080041b6   0x00000002   PAD
    0x080041b8   0x080041b8   0x0000007c   Code   RO         2221    .text.HAL_UARTEx_RxEventCallback  uart_it.o
    0x08004234   0x08004234   0x00000002   Code   RO         2047    .text.HAL_UARTEx_RxFifoFullCallback  stm32g4xx_hal_uart_ex.o
    0x08004236   0x08004236   0x00000002   PAD
    0x08004238   0x08004238   0x0000005a   Code   RO         2069    .text.HAL_UARTEx_SetRxFifoThreshold  stm32g4xx_hal_uart_ex.o
    0x08004292   0x08004292   0x00000002   PAD
    0x08004294   0x08004294   0x0000005a   Code   RO         2067    .text.HAL_UARTEx_SetTxFifoThreshold  stm32g4xx_hal_uart_ex.o
    0x080042ee   0x080042ee   0x00000002   PAD
    0x080042f0   0x080042f0   0x00000002   Code   RO         2049    .text.HAL_UARTEx_TxFifoEmptyCallback  stm32g4xx_hal_uart_ex.o
    0x080042f2   0x080042f2   0x00000002   PAD
    0x080042f4   0x080042f4   0x00000002   Code   RO         2045    .text.HAL_UARTEx_WakeupCallback  stm32g4xx_hal_uart_ex.o
    0x080042f6   0x080042f6   0x00000002   PAD
    0x080042f8   0x080042f8   0x000000b2   Code   RO         1957    .text.HAL_UART_AbortReceive  stm32g4xx_hal_uart.o
    0x080043aa   0x080043aa   0x00000002   PAD
    0x080043ac   0x080043ac   0x00000098   Code   RO         1955    .text.HAL_UART_AbortTransmit  stm32g4xx_hal_uart.o
    0x08004444   0x08004444   0x000000ae   Code   RO         2225    .text.HAL_UART_ErrorCallback  uart_it.o
    0x080044f2   0x080044f2   0x00000002   PAD
    0x080044f4   0x080044f4   0x00000326   Code   RO         1979    .text.HAL_UART_IRQHandler  stm32g4xx_hal_uart.o
    0x0800481a   0x0800481a   0x00000002   PAD
    0x0800481c   0x0800481c   0x0000006a   Code   RO         1891    .text.HAL_UART_Init  stm32g4xx_hal_uart.o
    0x08004886   0x08004886   0x00000002   PAD
    0x08004888   0x08004888   0x000002d6   Code   RO          192    .text.HAL_UART_MspInit  usart.o
    0x08004b5e   0x08004b5e   0x00000002   PAD
    0x08004b60   0x08004b60   0x0000006e   Code   RO         1927    .text.HAL_UART_Receive_IT  stm32g4xx_hal_uart.o
    0x08004bce   0x08004bce   0x00000002   PAD
    0x08004bd0   0x08004bd0   0x0000007e   Code   RO         2217    .text.HAL_UART_RxCpltCallback  uart_it.o
    0x08004c4e   0x08004c4e   0x00000002   PAD
    0x08004c50   0x08004c50   0x00000002   Code   RO         1995    .text.HAL_UART_RxHalfCpltCallback  stm32g4xx_hal_uart.o
    0x08004c52   0x08004c52   0x00000002   PAD
    0x08004c54   0x08004c54   0x000000de   Code   RO         1911    .text.HAL_UART_Transmit  stm32g4xx_hal_uart.o
    0x08004d32   0x08004d32   0x00000002   PAD
    0x08004d34   0x08004d34   0x000000ae   Code   RO         1931    .text.HAL_UART_Transmit_DMA  stm32g4xx_hal_uart.o
    0x08004de2   0x08004de2   0x00000002   PAD
    0x08004de4   0x08004de4   0x00000012   Code   RO         2223    .text.HAL_UART_TxCpltCallback  uart_it.o
    0x08004df6   0x08004df6   0x00000002   PAD
    0x08004df8   0x08004df8   0x00000002   Code   RO         1991    .text.HAL_UART_TxHalfCpltCallback  stm32g4xx_hal_uart.o
    0x08004dfa   0x08004dfa   0x00000002   PAD
    0x08004dfc   0x08004dfc   0x00000002   Code   RO          215    .text.HardFault_Handler  stm32g4xx_it.o
    0x08004dfe   0x08004dfe   0x00000002   PAD
    0x08004e00   0x08004e00   0x0000000c   Code   RO          241    .text.I2C1_ER_IRQHandler  stm32g4xx_it.o
    0x08004e0c   0x08004e0c   0x0000000c   Code   RO          239    .text.I2C1_EV_IRQHandler  stm32g4xx_it.o
    0x08004e18   0x08004e18   0x0000001a   Code   RO         1257    .text.I2C_DMAAbort  stm32g4xx_hal_i2c.o
    0x08004e32   0x08004e32   0x00000002   PAD
    0x08004e34   0x08004e34   0x00000012   Code   RO         1209    .text.I2C_DMAError  stm32g4xx_hal_i2c.o
    0x08004e46   0x08004e46   0x00000002   PAD
    0x08004e48   0x08004e48   0x0000005a   Code   RO         1213    .text.I2C_DMAMasterReceiveCplt  stm32g4xx_hal_i2c.o
    0x08004ea2   0x08004ea2   0x00000002   PAD
    0x08004ea4   0x08004ea4   0x00000060   Code   RO         1255    .text.I2C_Disable_IRQ  stm32g4xx_hal_i2c.o
    0x08004f04   0x08004f04   0x00000072   Code   RO         1193    .text.I2C_Enable_IRQ  stm32g4xx_hal_i2c.o
    0x08004f76   0x08004f76   0x00000002   PAD
    0x08004f78   0x08004f78   0x00000022   Code   RO         1185    .text.I2C_Flush_TXDR  stm32g4xx_hal_i2c.o
    0x08004f9a   0x08004f9a   0x00000002   PAD
    0x08004f9c   0x08004f9c   0x000000a6   Code   RO         1313    .text.I2C_ITAddrCplt  stm32g4xx_hal_i2c.o
    0x08005042   0x08005042   0x00000002   PAD
    0x08005044   0x08005044   0x000000f6   Code   RO         1275    .text.I2C_ITError   stm32g4xx_hal_i2c.o
    0x0800513a   0x0800513a   0x00000002   PAD
    0x0800513c   0x0800513c   0x00000062   Code   RO         1309    .text.I2C_ITListenCplt  stm32g4xx_hal_i2c.o
    0x0800519e   0x0800519e   0x00000002   PAD
    0x080051a0   0x080051a0   0x00000102   Code   RO         1305    .text.I2C_ITMasterCplt  stm32g4xx_hal_i2c.o
    0x080052a2   0x080052a2   0x00000002   PAD
    0x080052a4   0x080052a4   0x00000050   Code   RO         1303    .text.I2C_ITMasterSeqCplt  stm32g4xx_hal_i2c.o
    0x080052f4   0x080052f4   0x0000014e   Code   RO         1307    .text.I2C_ITSlaveCplt  stm32g4xx_hal_i2c.o
    0x08005442   0x08005442   0x00000002   PAD
    0x08005444   0x08005444   0x00000088   Code   RO         1311    .text.I2C_ITSlaveSeqCplt  stm32g4xx_hal_i2c.o
    0x080054cc   0x080054cc   0x00000162   Code   RO         1317    .text.I2C_IsErrorOccurred  stm32g4xx_hal_i2c.o
    0x0800562e   0x0800562e   0x00000002   PAD
    0x08005630   0x08005630   0x00000108   Code   RO         1205    .text.I2C_Master_ISR_DMA  stm32g4xx_hal_i2c.o
    0x08005738   0x08005738   0x00000070   Code   RO         1231    .text.I2C_RequestMemoryRead  stm32g4xx_hal_i2c.o
    0x080057a8   0x080057a8   0x0000013c   Code   RO         1217    .text.I2C_Slave_ISR_DMA  stm32g4xx_hal_i2c.o
    0x080058e4   0x080058e4   0x00000108   Code   RO         1199    .text.I2C_Slave_ISR_IT  stm32g4xx_hal_i2c.o
    0x080059ec   0x080059ec   0x00000036   Code   RO         1173    .text.I2C_TransferConfig  stm32g4xx_hal_i2c.o
    0x08005a22   0x08005a22   0x00000002   PAD
    0x08005a24   0x08005a24   0x00000026   Code   RO         1315    .text.I2C_TreatErrorCallback  stm32g4xx_hal_i2c.o
    0x08005a4a   0x08005a4a   0x00000002   PAD
    0x08005a4c   0x08005a4c   0x00000078   Code   RO         1171    .text.I2C_WaitOnFlagUntilTimeout  stm32g4xx_hal_i2c.o
    0x08005ac4   0x08005ac4   0x00000060   Code   RO         1175    .text.I2C_WaitOnTXISFlagUntilTimeout  stm32g4xx_hal_i2c.o
    0x08005b24   0x08005b24   0x00000014   Code   RO          414    .text.LL_ADC_Disable  stm32g4xx_hal_adc.o
    0x08005b38   0x08005b38   0x00000010   Code   RO          282    .text.LL_ADC_DisableDeepPowerDown  stm32g4xx_hal_adc.o
    0x08005b48   0x08005b48   0x00000014   Code   RO          412    .text.LL_ADC_Enable  stm32g4xx_hal_adc.o
    0x08005b5c   0x08005b5c   0x00000014   Code   RO          286    .text.LL_ADC_EnableInternalRegulator  stm32g4xx_hal_adc.o
    0x08005b70   0x08005b70   0x00000008   Code   RO          374    .text.LL_ADC_GetCommonPathInternalCh  stm32g4xx_hal_adc.o
    0x08005b78   0x08005b78   0x00000008   Code   RO          316    .text.LL_ADC_GetMultiDMATransfer  stm32g4xx_hal_adc.o
    0x08005b80   0x08005b80   0x00000008   Code   RO          306    .text.LL_ADC_GetMultimode  stm32g4xx_hal_adc.o
    0x08005b88   0x08005b88   0x0000000c   Code   RO          368    .text.LL_ADC_GetOffsetChannel  stm32g4xx_hal_adc.o
    0x08005b94   0x08005b94   0x00000008   Code   RO          294    .text.LL_ADC_INJ_IsConversionOngoing  stm32g4xx_hal_adc.o
    0x08005b9c   0x08005b9c   0x00000014   Code   RO          410    .text.LL_ADC_INJ_StopConversion  stm32g4xx_hal_adc.o
    0x08005bb0   0x08005bb0   0x00000008   Code   RO          280    .text.LL_ADC_IsDeepPowerDownEnabled  stm32g4xx_hal_adc.o
    0x08005bb8   0x08005bb8   0x00000008   Code   RO          406    .text.LL_ADC_IsDisableOngoing  stm32g4xx_hal_adc.o
    0x08005bc0   0x08005bc0   0x00000008   Code   RO          290    .text.LL_ADC_IsEnabled  stm32g4xx_hal_adc.o
    0x08005bc8   0x08005bc8   0x00000008   Code   RO          443    .text.LL_ADC_IsEnabled  stm32g4xx_hal_adc_ex.o
    0x08005bd0   0x08005bd0   0x00000008   Code   RO          284    .text.LL_ADC_IsInternalRegulatorEnabled  stm32g4xx_hal_adc.o
    0x08005bd8   0x08005bd8   0x00000008   Code   RO          288    .text.LL_ADC_REG_IsConversionOngoing  stm32g4xx_hal_adc.o
    0x08005be0   0x08005be0   0x00000008   Code   RO          439    .text.LL_ADC_REG_IsConversionOngoing  stm32g4xx_hal_adc_ex.o
    0x08005be8   0x08005be8   0x0000000e   Code   RO          318    .text.LL_ADC_REG_IsTriggerSourceSWStart  stm32g4xx_hal_adc.o
    0x08005bf6   0x08005bf6   0x00000002   PAD
    0x08005bf8   0x08005bf8   0x00000024   Code   RO          356    .text.LL_ADC_REG_SetSequencerRanks  stm32g4xx_hal_adc.o
    0x08005c1c   0x08005c1c   0x00000014   Code   RO          310    .text.LL_ADC_REG_StartConversion  stm32g4xx_hal_adc.o
    0x08005c30   0x08005c30   0x00000014   Code   RO          408    .text.LL_ADC_REG_StopConversion  stm32g4xx_hal_adc.o
    0x08005c44   0x08005c44   0x00000020   Code   RO          358    .text.LL_ADC_SetChannelSamplingTime  stm32g4xx_hal_adc.o
    0x08005c64   0x08005c64   0x0000003a   Code   RO          372    .text.LL_ADC_SetChannelSingleDiff  stm32g4xx_hal_adc.o
    0x08005c9e   0x08005c9e   0x00000002   PAD
    0x08005ca0   0x08005ca0   0x0000000c   Code   RO          292    .text.LL_ADC_SetCommonClock  stm32g4xx_hal_adc.o
    0x08005cac   0x08005cac   0x0000000c   Code   RO          376    .text.LL_ADC_SetCommonPathInternalCh  stm32g4xx_hal_adc.o
    0x08005cb8   0x08005cb8   0x00000020   Code   RO          362    .text.LL_ADC_SetOffset  stm32g4xx_hal_adc.o
    0x08005cd8   0x08005cd8   0x00000010   Code   RO          366    .text.LL_ADC_SetOffsetSaturation  stm32g4xx_hal_adc.o
    0x08005ce8   0x08005ce8   0x00000010   Code   RO          364    .text.LL_ADC_SetOffsetSign  stm32g4xx_hal_adc.o
    0x08005cf8   0x08005cf8   0x0000000e   Code   RO          370    .text.LL_ADC_SetOffsetState  stm32g4xx_hal_adc.o
    0x08005d06   0x08005d06   0x00000002   PAD
    0x08005d08   0x08005d08   0x0000000c   Code   RO          360    .text.LL_ADC_SetSamplingTimeCommonConfig  stm32g4xx_hal_adc.o
    0x08005d14   0x08005d14   0x000000be   Code   RO           63    .text.MX_ADC3_Init  adc.o
    0x08005dd2   0x08005dd2   0x00000002   PAD
    0x08005dd4   0x08005dd4   0x00000094   Code   RO           65    .text.MX_ADC5_Init  adc.o
    0x08005e68   0x08005e68   0x00000078   Code   RO           85    .text.MX_DMA_Init   dma.o
    0x08005ee0   0x08005ee0   0x0000017a   Code   RO           50    .text.MX_GPIO_Init  gpio.o
    0x0800605a   0x0800605a   0x00000002   PAD
    0x0800605c   0x0800605c   0x00000072   Code   RO           98    .text.MX_I2C1_Init  i2c.o
    0x080060ce   0x080060ce   0x00000002   PAD
    0x080060d0   0x080060d0   0x00000050   Code   RO          117    .text.MX_SPI1_Init  spi.o
    0x08006120   0x08006120   0x0000012e   Code   RO          151    .text.MX_TIM15_Init  tim.o
    0x0800624e   0x0800624e   0x00000002   PAD
    0x08006250   0x08006250   0x00000072   Code   RO          135    .text.MX_TIM1_Init  tim.o
    0x080062c2   0x080062c2   0x00000002   PAD
    0x080062c4   0x080062c4   0x0000006a   Code   RO          137    .text.MX_TIM2_Init  tim.o
    0x0800632e   0x0800632e   0x00000002   PAD
    0x08006330   0x08006330   0x0000006e   Code   RO          139    .text.MX_TIM3_Init  tim.o
    0x0800639e   0x0800639e   0x00000002   PAD
    0x080063a0   0x080063a0   0x0000006e   Code   RO          141    .text.MX_TIM4_Init  tim.o
    0x0800640e   0x0800640e   0x00000002   PAD
    0x08006410   0x08006410   0x00000082   Code   RO          143    .text.MX_TIM5_Init  tim.o
    0x08006492   0x08006492   0x00000002   PAD
    0x08006494   0x08006494   0x00000054   Code   RO          145    .text.MX_TIM6_Init  tim.o
    0x080064e8   0x080064e8   0x0000013a   Code   RO          147    .text.MX_TIM8_Init  tim.o
    0x08006622   0x08006622   0x00000002   PAD
    0x08006624   0x08006624   0x00000086   Code   RO          184    .text.MX_UART4_Init  usart.o
    0x080066aa   0x080066aa   0x00000002   PAD
    0x080066ac   0x080066ac   0x00000086   Code   RO          186    .text.MX_USART1_UART_Init  usart.o
    0x08006732   0x08006732   0x00000002   PAD
    0x08006734   0x08006734   0x00000086   Code   RO          188    .text.MX_USART2_UART_Init  usart.o
    0x080067ba   0x080067ba   0x00000002   PAD
    0x080067bc   0x080067bc   0x00000086   Code   RO          190    .text.MX_USART3_UART_Init  usart.o
    0x08006842   0x08006842   0x00000002   PAD
    0x08006844   0x08006844   0x00000002   Code   RO          217    .text.MemManage_Handler  stm32g4xx_it.o
    0x08006846   0x08006846   0x00000002   PAD
    0x08006848   0x08006848   0x00000002   Code   RO          213    .text.NMI_Handler   stm32g4xx_it.o
    0x0800684a   0x0800684a   0x00000002   PAD
    0x0800684c   0x0800684c   0x00000036   Code   RO         1096    .text.NVIC_EncodePriority  stm32g4xx_hal_cortex.o
    0x08006882   0x08006882   0x00000002   PAD
    0x08006884   0x08006884   0x00000002   Code   RO          227    .text.PendSV_Handler  stm32g4xx_it.o
    0x08006886   0x08006886   0x00000002   PAD
    0x08006888   0x08006888   0x0000004e   Code   RO          642    .text.RCC_GetSysClockFreqFromPLLSource  stm32g4xx_hal_rcc.o
    0x080068d6   0x080068d6   0x00000002   PAD
    0x080068d8   0x080068d8   0x00000002   Code   RO          223    .text.SVC_Handler   stm32g4xx_it.o
    0x080068da   0x080068da   0x00000002   PAD
    0x080068dc   0x080068dc   0x00000034   Code   RO         1112    .text.SysTick_Config  stm32g4xx_hal_cortex.o
    0x08006910   0x08006910   0x00000004   Code   RO          229    .text.SysTick_Handler  stm32g4xx_it.o
    0x08006914   0x08006914   0x0000006c   Code   RO           31    .text.SystemClock_Config  main.o
    0x08006980   0x08006980   0x00000012   Code   RO         2088    .text.SystemInit    system_stm32g4xx.o
    0x08006992   0x08006992   0x00000002   PAD
    0x08006994   0x08006994   0x0000000c   Code   RO          235    .text.TIM1_TRG_COM_TIM17_IRQHandler  stm32g4xx_it.o
    0x080069a0   0x080069a0   0x0000000c   Code   RO          237    .text.TIM4_IRQHandler  stm32g4xx_it.o
    0x080069ac   0x080069ac   0x0000000c   Code   RO          247    .text.TIM5_IRQHandler  stm32g4xx_it.o
    0x080069b8   0x080069b8   0x0000013a   Code   RO         1493    .text.TIM_Base_SetConfig  stm32g4xx_hal_tim.o
    0x08006af2   0x08006af2   0x00000002   PAD
    0x08006af4   0x08006af4   0x0000001e   Code   RO         1527    .text.TIM_CCxChannelCmd  stm32g4xx_hal_tim.o
    0x08006b12   0x08006b12   0x00000002   PAD
    0x08006b14   0x08006b14   0x00000012   Code   RO         1683    .text.TIM_ETR_SetConfig  stm32g4xx_hal_tim.o
    0x08006b26   0x08006b26   0x00000002   PAD
    0x08006b28   0x08006b28   0x00000016   Code   RO         1689    .text.TIM_ITRx_SetConfig  stm32g4xx_hal_tim.o
    0x08006b3e   0x08006b3e   0x00000002   PAD
    0x08006b40   0x08006b40   0x00000084   Code   RO         1637    .text.TIM_OC1_SetConfig  stm32g4xx_hal_tim.o
    0x08006bc4   0x08006bc4   0x0000009e   Code   RO         1639    .text.TIM_OC2_SetConfig  stm32g4xx_hal_tim.o
    0x08006c62   0x08006c62   0x00000002   PAD
    0x08006c64   0x08006c64   0x0000009e   Code   RO         1641    .text.TIM_OC3_SetConfig  stm32g4xx_hal_tim.o
    0x08006d02   0x08006d02   0x00000002   PAD
    0x08006d04   0x08006d04   0x0000009e   Code   RO         1643    .text.TIM_OC4_SetConfig  stm32g4xx_hal_tim.o
    0x08006da2   0x08006da2   0x00000002   PAD
    0x08006da4   0x08006da4   0x00000062   Code   RO         1645    .text.TIM_OC5_SetConfig  stm32g4xx_hal_tim.o
    0x08006e06   0x08006e06   0x00000002   PAD
    0x08006e08   0x08006e08   0x00000062   Code   RO         1647    .text.TIM_OC6_SetConfig  stm32g4xx_hal_tim.o
    0x08006e6a   0x08006e6a   0x00000002   PAD
    0x08006e6c   0x08006e6c   0x00000022   Code   RO         1687    .text.TIM_TI1_ConfigInputStage  stm32g4xx_hal_tim.o
    0x08006e8e   0x08006e8e   0x00000002   PAD
    0x08006e90   0x08006e90   0x00000022   Code   RO         1691    .text.TIM_TI2_ConfigInputStage  stm32g4xx_hal_tim.o
    0x08006eb2   0x08006eb2   0x00000002   PAD
    0x08006eb4   0x08006eb4   0x0000000c   Code   RO          249    .text.UART4_IRQHandler  stm32g4xx_it.o
    0x08006ec0   0x08006ec0   0x00000060   Code   RO         2063    .text.UARTEx_SetNbDataToProcess  stm32g4xx_hal_uart_ex.o
    0x08006f20   0x08006f20   0x000000cc   Code   RO         1897    .text.UART_AdvFeatureConfig  stm32g4xx_hal_uart.o
    0x08006fec   0x08006fec   0x00000072   Code   RO         1899    .text.UART_CheckIdleState  stm32g4xx_hal_uart.o
    0x0800705e   0x0800705e   0x00000002   PAD
    0x08007060   0x08007060   0x00000010   Code   RO         1981    .text.UART_DMAAbortOnError  stm32g4xx_hal_uart.o
    0x08007070   0x08007070   0x00000056   Code   RO         1937    .text.UART_DMAError  stm32g4xx_hal_uart.o
    0x080070c6   0x080070c6   0x00000002   PAD
    0x080070c8   0x080070c8   0x00000082   Code   RO         2027    .text.UART_DMAReceiveCplt  stm32g4xx_hal_uart.o
    0x0800714a   0x0800714a   0x00000002   PAD
    0x0800714c   0x0800714c   0x00000018   Code   RO         2029    .text.UART_DMARxHalfCplt  stm32g4xx_hal_uart.o
    0x08007164   0x08007164   0x00000042   Code   RO         1933    .text.UART_DMATransmitCplt  stm32g4xx_hal_uart.o
    0x080071a6   0x080071a6   0x00000002   PAD
    0x080071a8   0x080071a8   0x00000006   Code   RO         1935    .text.UART_DMATxHalfCplt  stm32g4xx_hal_uart.o
    0x080071ae   0x080071ae   0x00000002   PAD
    0x080071b0   0x080071b0   0x0000005a   Code   RO         1951    .text.UART_EndRxTransfer  stm32g4xx_hal_uart.o
    0x0800720a   0x0800720a   0x00000002   PAD
    0x0800720c   0x0800720c   0x00000022   Code   RO         1987    .text.UART_EndTransmit_IT  stm32g4xx_hal_uart.o
    0x0800722e   0x0800722e   0x00000002   PAD
    0x08007230   0x08007230   0x00000030   Code   RO         1949    .text.UART_EndTxTransfer  stm32g4xx_hal_uart.o
    0x08007260   0x08007260   0x0000015a   Code   RO         2215    .text.UART_PID_Tune  uart_it.o
    0x080073ba   0x080073ba   0x00000002   PAD
    0x080073bc   0x080073bc   0x000000a4   Code   RO         2023    .text.UART_RxISR_16BIT  stm32g4xx_hal_uart.o
    0x08007460   0x08007460   0x000001ae   Code   RO         2019    .text.UART_RxISR_16BIT_FIFOEN  stm32g4xx_hal_uart.o
    0x0800760e   0x0800760e   0x00000002   PAD
    0x08007610   0x08007610   0x000000a4   Code   RO         2025    .text.UART_RxISR_8BIT  stm32g4xx_hal_uart.o
    0x080076b4   0x080076b4   0x000001ae   Code   RO         2021    .text.UART_RxISR_8BIT_FIFOEN  stm32g4xx_hal_uart.o
    0x08007862   0x08007862   0x00000002   PAD
    0x08007864   0x08007864   0x000002b2   Code   RO         1895    .text.UART_SetConfig  stm32g4xx_hal_uart.o
    0x08007b16   0x08007b16   0x00000002   PAD
    0x08007b18   0x08007b18   0x000000a8   Code   RO         1941    .text.UART_Start_Receive_DMA  stm32g4xx_hal_uart.o
    0x08007bc0   0x08007bc0   0x0000013c   Code   RO         1929    .text.UART_Start_Receive_IT  stm32g4xx_hal_uart.o
    0x08007cfc   0x08007cfc   0x000000ee   Code   RO         1913    .text.UART_WaitOnFlagUntilTimeout  stm32g4xx_hal_uart.o
    0x08007dea   0x08007dea   0x00000002   PAD
    0x08007dec   0x08007dec   0x00000058   Code   RO         2710    .text.UART_send_bytes  log.o
    0x08007e44   0x08007e44   0x00000068   Code   RO         2714    .text.UART_send_justfloat  log.o
    0x08007eac   0x08007eac   0x0000000c   Code   RO          243    .text.USART1_IRQHandler  stm32g4xx_it.o
    0x08007eb8   0x08007eb8   0x0000000c   Code   RO          245    .text.USART2_IRQHandler  stm32g4xx_it.o
    0x08007ec4   0x08007ec4   0x00000002   Code   RO          221    .text.UsageFault_Handler  stm32g4xx_it.o
    0x08007ec6   0x08007ec6   0x00000002   PAD
    0x08007ec8   0x08007ec8   0x00000024   Code   RO         1100    .text.__NVIC_EnableIRQ  stm32g4xx_hal_cortex.o
    0x08007eec   0x08007eec   0x00000010   Code   RO         1092    .text.__NVIC_GetPriorityGrouping  stm32g4xx_hal_cortex.o
    0x08007efc   0x08007efc   0x00000022   Code   RO         1094    .text.__NVIC_SetPriority  stm32g4xx_hal_cortex.o
    0x08007f1e   0x08007f1e   0x00000002   PAD
    0x08007f20   0x08007f20   0x00000020   Code   RO         1088    .text.__NVIC_SetPriorityGrouping  stm32g4xx_hal_cortex.o
    0x08007f40   0x08007f40   0x000000e0   Code   RO         2732    .text.compute_pid   pid.o
    0x08008020   0x08008020   0x000001c0   Code   RO         2560    .text.correct_gw_analogue  gw_analogue.o
    0x080081e0   0x080081e0   0x0000002c   Code   RO         2139    .text.driver_BUZZER  buzzer.o
    0x0800820c   0x0800820c   0x00000080   Code   RO         2124    .text.driver_LED    led.o
    0x0800828c   0x0800828c   0x000000bc   Code   RO         2108    .text.driver_button  button.o
    0x08008348   0x08008348   0x00000024   Code   RO         2578    .text.driver_gw_analogue  gw_analogue.o
    0x0800836c   0x0800836c   0x00000212   Code   RO         2309    .text.driver_task1  defect.o
    0x0800857e   0x0800857e   0x00000002   PAD
    0x08008580   0x08008580   0x00000128   Code   RO         2311    .text.driver_task2  defect.o
    0x080086a8   0x080086a8   0x0000012a   Code   RO         2313    .text.driver_task3  defect.o
    0x080087d2   0x080087d2   0x00000002   PAD
    0x080087d4   0x080087d4   0x0000000a   Code   RO         2315    .text.driver_task4  defect.o
    0x080087de   0x080087de   0x00000002   PAD
    0x080087e0   0x080087e0   0x00000060   Code   RO         2317    .text.driver_task5  defect.o
    0x08008840   0x08008840   0x0000003a   Code   RO         2319    .text.driver_task6  defect.o
    0x0800887a   0x0800887a   0x00000002   PAD
    0x0800887c   0x0800887c   0x000000a4   Code   RO         2321    .text.driver_task7  defect.o
    0x08008920   0x08008920   0x00000164   Code   RO         2644    .text.driver_wheel  wheel.o
    0x08008a84   0x08008a84   0x00000024   Code   RO         2325    .text.every_100ms   defect.o
    0x08008aa8   0x08008aa8   0x0000002e   Code   RO         2262    .text.follow_line   status.o
    0x08008ad6   0x08008ad6   0x00000002   PAD
    0x08008ad8   0x08008ad8   0x0000004c   Code   RO         2562    .text.get_gw_analoge_digital_data  gw_analogue.o
    0x08008b24   0x08008b24   0x00000090   Code   RO         2568    .text.get_gw_analogue_analogue_diff  gw_analogue.o
    0x08008bb4   0x08008bb4   0x0000005c   Code   RO         2558    .text.get_gw_raw_data  gw_analogue.o
    0x08008c10   0x08008c10   0x000000a6   Code   RO         2576    .text.get_road_type  gw_analogue.o
    0x08008cb6   0x08008cb6   0x00000002   PAD
    0x08008cb8   0x08008cb8   0x0000004e   Code   RO         2640    .text.get_wheel_speed  wheel.o
    0x08008d06   0x08008d06   0x00000002   PAD
    0x08008d08   0x08008d08   0x00000088   Code   RO         2384    .text.iic_gyr_get_value  gy901.o
    0x08008d90   0x08008d90   0x000000ac   Code   RO         2376    .text.iic_gyr_init  gy901.o
    0x08008e3c   0x08008e3c   0x0000004a   Code   RO         2382    .text.iic_gyr_read_dma  gy901.o
    0x08008e86   0x08008e86   0x00000002   PAD
    0x08008e88   0x08008e88   0x0000000c   Code   RO         2141    .text.init_BUZZER   buzzer.o
    0x08008e94   0x08008e94   0x0000000a   Code   RO         2126    .text.init_LED      led.o
    0x08008e9e   0x08008e9e   0x00000002   PAD
    0x08008ea0   0x08008ea0   0x00000018   Code   RO         2110    .text.init_button   button.o
    0x08008eb8   0x08008eb8   0x00000056   Code   RO         2244    .text.init_device   status.o
    0x08008f0e   0x08008f0e   0x00000002   PAD
    0x08008f10   0x08008f10   0x0000008e   Code   RO         2554    .text.init_gw_analogue  gw_analogue.o
    0x08008f9e   0x08008f9e   0x00000002   PAD
    0x08008fa0   0x08008fa0   0x00000038   Code   RO         2213    .text.init_maixcam_uart  uart_it.o
    0x08008fd8   0x08008fd8   0x00000064   Code   RO         2242    .text.init_motor    status.o
    0x0800903c   0x0800903c   0x00000020   Code   RO         2730    .text.init_pid      pid.o
    0x0800905c   0x0800905c   0x0000000c   Code   RO         2552    .text.init_road_cnt  gw_analogue.o
    0x08009068   0x08009068   0x0000000e   Code   RO         2550    .text.init_road_determine  gw_analogue.o
    0x08009076   0x08009076   0x00000002   PAD
    0x08009078   0x08009078   0x00000018   Code   RO         2246    .text.init_sensor   status.o
    0x08009090   0x08009090   0x000000e0   Code   RO         2617    .text.init_servo    servo.o
    0x08009170   0x08009170   0x0000001c   Code   RO         2248    .text.init_state    status.o
    0x0800918c   0x0800918c   0x00000028   Code   RO         2258    .text.init_status   status.o
    0x080091b4   0x080091b4   0x00000184   Code   RO         2250    .text.init_status_pid  status.o
    0x08009338   0x08009338   0x0000001c   Code   RO         2295    .text.init_task     defect.o
    0x08009354   0x08009354   0x0000001e   Code   RO         2211    .text.init_uart_gyr  uart_it.o
    0x08009372   0x08009372   0x00000002   PAD
    0x08009374   0x08009374   0x00000016   Code   RO         2209    .text.init_uart_pid_tune  uart_it.o
    0x0800938a   0x0800938a   0x00000002   PAD
    0x0800938c   0x0800938c   0x00000118   Code   RO         2646    .text.init_wheel    wheel.o
    0x080094a4   0x080094a4   0x000000a4   Code   RO         2264    .text.keep_angle    status.o
    0x08009548   0x08009548   0x0000004c   Code   RO         2266    .text.keep_balance  status.o
    0x08009594   0x08009594   0x000000f2   Code   RO           29    .text.main          main.o
    0x08009686   0x08009686   0x00000002   PAD
    0x08009688   0x08009688   0x00000034   Code   RO         2445    .text.maixcam_cmd_D  maixcam.o
    0x080096bc   0x080096bc   0x0000002c   Code   RO         2447    .text.maixcam_cmd_M  maixcam.o
    0x080096e8   0x080096e8   0x00000034   Code   RO         2441    .text.maixcam_cmd_T  maixcam.o
    0x0800971c   0x0800971c   0x00000020   Code   RO         2451    .text.maixcam_cmd_done  maixcam.o
    0x0800973c   0x0800973c   0x00000060   Code   RO         2431    .text.maixcam_init  maixcam.o
    0x0800979c   0x0800979c   0x0000004a   Code   RO         2453    .text.maixcam_poll  maixcam.o
    0x080097e6   0x080097e6   0x00000002   PAD
    0x080097e8   0x080097e8   0x00000030   Code   RO         2433    .text.maixcam_rx_feed  maixcam.o
    0x08009818   0x08009818   0x00000036   Code   RO         2455    .text.maixcam_rx_read  maixcam.o
    0x0800984e   0x0800984e   0x00000002   PAD
    0x08009850   0x08009850   0x0000001e   Code   RO         2461    .text.maixcam_send_frame  maixcam.o
    0x0800986e   0x0800986e   0x00000002   PAD
    0x08009870   0x08009870   0x0000004a   Code   RO         2443    .text.maixcam_start_cmd  maixcam.o
    0x080098ba   0x080098ba   0x00000002   PAD
    0x080098bc   0x080098bc   0x00000044   Code   RO         2459    .text.maixcam_tick_inner  maixcam.o
    0x08009900   0x08009900   0x00000064   Code   RO         2437    .text.maixcam_tx_start_next  maixcam.o
    0x08009964   0x08009964   0x00000030   Code   RO         2439    .text.maixcam_uart_tx_complete  maixcam.o
    0x08009994   0x08009994   0x000000a4   Code   RO         2435    .text.maixcam_uart_tx_enqueue  maixcam.o
    0x08009a38   0x08009a38   0x0000008a   Code   RO         2457    .text.mc_feed_byte  maixcam.o
    0x08009ac2   0x08009ac2   0x00000002   PAD
    0x08009ac4   0x08009ac4   0x0000006e   Code   RO         2463    .text.mc_frame_ready  maixcam.o
    0x08009b32   0x08009b32   0x00000002   PAD
    0x08009b34   0x08009b34   0x00000028   Code   RO         2564    .text.normalize_gray_data  gw_analogue.o
    0x08009b5c   0x08009b5c   0x00000044   Code   RO         2566    .text.normalize_gray_weight  gw_analogue.o
    0x08009ba0   0x08009ba0   0x0000002c   Code   RO         2467    .text.parse_ack_frame  maixcam.o
    0x08009bcc   0x08009bcc   0x00000086   Code   RO         2469    .text.parse_fixed1  maixcam.o
    0x08009c52   0x08009c52   0x00000002   PAD
    0x08009c54   0x08009c54   0x00000080   Code   RO         2219    .text.parse_uart_pid_byte  uart_it.o
    0x08009cd4   0x08009cd4   0x000000a6   Code   RO         2465    .text.parse_vd_frame  maixcam.o
    0x08009d7a   0x08009d7a   0x00000002   PAD
    0x08009d7c   0x08009d7c   0x00000028   Code   RO         2572    .text.road_decision  gw_analogue.o
    0x08009da4   0x08009da4   0x0000000e   Code   RO         2570    .text.road_new_from_bit  gw_analogue.o
    0x08009db2   0x08009db2   0x00000002   PAD
    0x08009db4   0x08009db4   0x0000004c   Code   RO         2556    .text.select_channel  gw_analogue.o
    0x08009e00   0x08009e00   0x00000066   Code   RO         2574    .text.serve_road    gw_analogue.o
    0x08009e66   0x08009e66   0x00000002   PAD
    0x08009e68   0x08009e68   0x00000096   Code   RO         2106    .text.server_button  button.o
    0x08009efe   0x08009efe   0x00000002   PAD
    0x08009f00   0x08009f00   0x00000116   Code   RO         2642    .text.set_wheel_dir  wheel.o
    0x0800a016   0x0800a016   0x00000002   PAD
    0x0800a018   0x0800a018   0x0000006c   Code   RO         2291    .text.task7_flush   defect.o
    0x0800a084   0x0800a084   0x00000004   PAD
    0x0800a088   0x0800a088   0x00000154   Code   RO         2293    .text.task7_flush_one  defect.o
    0x0800a1dc   0x0800a1dc   0x00000004   Code   RO         2323    .text.task7_tx      defect.o
    0x0800a1e0   0x0800a1e0   0x00000012   Code   RO         2299    .text.task_select   defect.o
    0x0800a1f2   0x0800a1f2   0x00000002   PAD
    0x0800a1f4   0x0800a1f4   0x00000028   Code   RO         2301    .text.task_start    defect.o
    0x0800a21c   0x0800a21c   0x0000001e   Code   RO         2305    .text.task_stop     defect.o
    0x0800a23a   0x0800a23a   0x00000002   PAD
    0x0800a23c   0x0800a23c   0x0000007e   Code   RO         2598    .text.trun_lq_step_angle  lq_step.o
    0x0800a2ba   0x0800a2ba   0x00000002   PAD
    0x0800a2bc   0x0800a2bc   0x00000018   Code   RO         2402    .text.uart_gyr_init  uart_gyro.o
    0x0800a2d4   0x0800a2d4   0x000000a4   Code   RO         2408    .text.uart_gyr_rx_feed  uart_gyro.o
    0x0800a378   0x0800a378   0x00000038   Code   RO         2410    .text.uart_gyr_start_receive  uart_gyro.o
    0x0800a3b0   0x0800a3b0   0x000001a8   Code   RO         2268    .text.update_status  status.o
    0x0800a558   0x0800a558   0x000000aa   Code   RO         2307    .text.update_task   defect.o
    0x0800a602   0x0800a602   0x00000002   PAD
    0x0800a604   0x0800a604   0x0000001e   Code   RO         2297    .text.update_task_led  defect.o
    0x0800a622   0x0800a622   0x00000002   PAD
    0x0800a624   0x0800a624   0x00000030   Code   RO         2995    i.__0snprintf       mc_w.l(printfa.o)
    0x0800a654   0x0800a654   0x00000004   PAD
    0x0800a658   0x0800a658   0x00000038   Code   RO         2746    i.__hardfp_atof     m_wm.l(atof.o)
    0x0800a690   0x0800a690   0x0000000c   Code   RO         3064    i.__read_errno      mc_w.l(errno.o)
    0x0800a69c   0x0800a69c   0x0000000e   Code   RO         3132    i.__scatterload_copy  mc_w.l(handlers.o)
    0x0800a6aa   0x0800a6aa   0x00000002   Code   RO         3133    i.__scatterload_null  mc_w.l(handlers.o)
    0x0800a6ac   0x0800a6ac   0x0000000e   Code   RO         3134    i.__scatterload_zeroinit  mc_w.l(handlers.o)
    0x0800a6ba   0x0800a6ba   0x00000002   PAD
    0x0800a6bc   0x0800a6bc   0x0000000c   Code   RO         3065    i.__set_errno       mc_w.l(errno.o)
    0x0800a6c8   0x0800a6c8   0x00000184   Code   RO         3001    i._fp_digits        mc_w.l(printfa.o)
    0x0800a84c   0x0800a84c   0x0000000e   Code   RO         3117    i._is_digit         mc_w.l(scanf_fp.o)
    0x0800a85a   0x0800a85a   0x00000002   PAD
    0x0800a85c   0x0800a85c   0x000006dc   Code   RO         3002    i._printf_core      mc_w.l(printfa.o)
    0x0800af38   0x0800af38   0x00000024   Code   RO         3003    i._printf_post_padding  mc_w.l(printfa.o)
    0x0800af5c   0x0800af5c   0x0000002e   Code   RO         3004    i._printf_pre_padding  mc_w.l(printfa.o)
    0x0800af8a   0x0800af8a   0x00000016   Code   RO         3005    i._snputc           mc_w.l(printfa.o)
    0x0800afa0   0x0800afa0   0x00000081   Data   RO         3088    .constdata          mc_w.l(ctype_o.o)
    0x0800b021   0x0800b021   0x00000003   PAD
    0x0800b024   0x0800b024   0x00000004   Data   RO         3089    .constdata          mc_w.l(ctype_o.o)
    0x0800b028   0x0800b028   0x00000010   Data   RO         2093    .rodata.AHBPrescTable  system_stm32g4xx.o
    0x0800b038   0x0800b038   0x00000008   Data   RO         2094    .rodata.APBPrescTable  system_stm32g4xx.o
    0x0800b040   0x0800b040   0x00000018   Data   RO         2031    .rodata.UARTPrescTable  stm32g4xx_hal_uart.o
    0x0800b058   0x0800b058   0x00000020   Data   RO         3130    Region$$Table       anon$$obj.o


    Execution Region RW_IRAM1 (Exec base: 0x20000000, Load base: 0x0800b078, Size: 0x00001500, Max: 0x00020000, ABSOLUTE)

    Exec Addr    Load Addr    Size         Type   Attr      Idx    E Section Name        Object

    0x20000000   0x0800b078   0x00000004   Data   RW         3066    .data               mc_w.l(errno.o)
    0x20000004   0x0800b07c   0x00000004   Data   RW         2092    .data.SystemCoreClock  system_stm32g4xx.o
    0x20000008   0x0800b080   0x00000002   Data   RW           35    .data.cmd_speed     main.o
    0x2000000a   0x0800b082   0x00000002   PAD
    0x2000000c   0x0800b084   0x00000020   Data   RW         2580    .data.distance      gw_analogue.o
    0x2000002c   0x0800b0a4   0x00000004   Data   RW          623    .data.uwTickFreq    stm32g4xx_hal.o
    0x20000030   0x0800b0a8   0x00000004   Data   RW          622    .data.uwTickPrio    stm32g4xx_hal.o
    0x20000034   0x0800b0ac   0x00000004   PAD
    0x20000038        -       0x00000004   Zero   RW           73    .bss.HAL_RCC_ADC345_CLK_ENABLED  adc.o
    0x2000003c        -       0x00000004   Zero   RW         2416    .bss.active_gyro    uart_gyro.o
    0x20000040        -       0x00000001   Zero   RW         2581    .bss.cross_cnt      gw_analogue.o
    0x20000041   0x0800b0ac   0x00000003   PAD
    0x20000044        -       0x00000004   Zero   RW         2332    .bss.driver_task1.last_debug  defect.o
    0x20000048        -       0x00000001   Zero   RW         2333    .bss.driver_task7.q7_dir  defect.o
    0x20000049   0x0800b0ac   0x00000001   PAD
    0x2000004a        -       0x00000002   Zero   RW         2334    .bss.driver_task7.q7_timer  defect.o
    0x2000004c        -       0x00000001   Zero   RW           15    .bss.esp8266_ready  lora.o
    0x2000004d        -       0x00000001   Zero   RW         2387    .bss.gyro_dma_busy  gy901.o
    0x2000004e        -       0x00000001   Zero   RW         2386    .bss.gyro_dma_ready  gy901.o
    0x2000004f   0x0800b0ac   0x00000001   PAD
    0x20000050        -       0x0000006c   Zero   RW           71    .bss.hadc3          adc.o
    0x200000bc        -       0x0000006c   Zero   RW           72    .bss.hadc5          adc.o
    0x20000128        -       0x00000060   Zero   RW          105    .bss.hdma_i2c1_rx   i2c.o
    0x20000188        -       0x00000060   Zero   RW          200    .bss.hdma_uart4_rx  usart.o
    0x200001e8        -       0x00000060   Zero   RW          201    .bss.hdma_uart4_tx  usart.o
    0x20000248        -       0x0000004c   Zero   RW          104    .bss.hi2c1          i2c.o
    0x20000294        -       0x00000064   Zero   RW          123    .bss.hspi1          spi.o
    0x200002f8        -       0x0000004c   Zero   RW          165    .bss.htim1          tim.o
    0x20000344        -       0x0000004c   Zero   RW          172    .bss.htim15         tim.o
    0x20000390        -       0x0000004c   Zero   RW          166    .bss.htim2          tim.o
    0x200003dc        -       0x0000004c   Zero   RW          167    .bss.htim3          tim.o
    0x20000428        -       0x0000004c   Zero   RW          168    .bss.htim4          tim.o
    0x20000474        -       0x0000004c   Zero   RW          169    .bss.htim5          tim.o
    0x200004c0        -       0x0000004c   Zero   RW          170    .bss.htim6          tim.o
    0x2000050c        -       0x0000004c   Zero   RW          171    .bss.htim8          tim.o
    0x20000558        -       0x00000090   Zero   RW          197    .bss.huart1         usart.o
    0x200005e8        -       0x00000090   Zero   RW          198    .bss.huart2         usart.o
    0x20000678        -       0x00000090   Zero   RW          199    .bss.huart3         usart.o
    0x20000708        -       0x00000090   Zero   RW          196    .bss.huart4         usart.o
    0x20000798        -       0x00000004   Zero   RW         2389    .bss.iic_gyr_dma_complete_tick  gy901.o
    0x2000079c        -       0x00000004   Zero   RW         2390    .bss.iic_gyr_dma_error_count  gy901.o
    0x200007a0        -       0x00000001   Zero   RW         2388    .bss.iic_gyr_initial_ready  gy901.o
    0x200007a1   0x0800b0ac   0x00000003   PAD
    0x200007a4        -       0x00000004   Zero   RW           37    .bss.main.Gray_ADC_Update_nxt  main.o
    0x200007a8        -       0x00000004   Zero   RW           36    .bss.main.maixcam_poll_next  main.o
    0x200007ac        -       0x00000015   Zero   RW         2473    .bss.maixcam_cmd    maixcam.o
    0x200007c1   0x0800b0ac   0x00000003   PAD
    0x200007c4        -       0x00000018   Zero   RW         2472    .bss.maixcam_det    maixcam.o
    0x200007dc        -       0x00000001   Zero   RW         2480    .bss.maixcam_det_new  maixcam.o
    0x200007dd        -       0x00000080   Zero   RW         2229    .bss.maixcam_dma_buf  uart_it.o
    0x2000085d   0x0800b0ac   0x00000001   PAD
    0x2000085e        -       0x00000002   Zero   RW         2228    .bss.maixcam_dma_pos  uart_it.o
    0x20000860        -       0x00000086   Zero   RW         2471    .bss.maixcam_rx     maixcam.o
    0x200008e6        -       0x00000040   Zero   RW         2481    .bss.maixcam_rx_raw_buf  maixcam.o
    0x20000926        -       0x00000001   Zero   RW         2482    .bss.maixcam_rx_raw_ready  maixcam.o
    0x20000927        -       0x00000001   Zero   RW         2476    .bss.maixcam_tx_busy  maixcam.o
    0x20000928        -       0x00000001   Zero   RW         2474    .bss.maixcam_tx_head  maixcam.o
    0x20000929   0x0800b0ac   0x00000001   PAD
    0x2000092a        -       0x00000410   Zero   RW         2477    .bss.maixcam_tx_queue  maixcam.o
    0x20000d3a        -       0x00000001   Zero   RW         2475    .bss.maixcam_tx_tail  maixcam.o
    0x20000d3b        -       0x00000040   Zero   RW         2484    .bss.mc_buf         maixcam.o
    0x20000d7b        -       0x00000001   Zero   RW         2485    .bss.mc_idx         maixcam.o
    0x20000d7c        -       0x00000001   Zero   RW         2479    .bss.mc_new_detection  maixcam.o
    0x20000d7d        -       0x00000001   Zero   RW         2483    .bss.mc_ps          maixcam.o
    0x20000d7e   0x0800b0ac   0x00000002   PAD
    0x20000d80        -       0x00000308   Zero   RW         2278    .bss.status         status.o
    0x20001088        -       0x00000050   Zero   RW         2331    .bss.task7_cap      defect.o
    0x200010d8        -       0x00000001   Zero   RW         2327    .bss.task7_cmd_type  defect.o
    0x200010d9        -       0x00000001   Zero   RW         2329    .bss.task7_dbg_msg_type  defect.o
    0x200010da        -       0x00000001   Zero   RW         2328    .bss.task7_rx_msg_type  defect.o
    0x200010db   0x0800b0ac   0x00000001   PAD
    0x200010dc        -       0x00000004   Zero   RW         2330    .bss.task_last_report  defect.o
    0x200010e0        -       0x00000001   Zero   RW         2227    .bss.uart1_pid_byte  uart_it.o
    0x200010e1        -       0x00000018   Zero   RW         2230    .bss.uart1_pid_rx   uart_it.o
    0x200010f9   0x0800b0ac   0x00000003   PAD
    0x200010fc        -       0x00000004   Zero   RW          624    .bss.uwTick         stm32g4xx_hal.o
    0x20001100        -       0x00000400   Zero   RW            1    STACK               startup_stm32g474xx.o


==============================================================================

Image component sizes


      Code (inc. data)   RO Data    RW Data    ZI Data      Debug   Object Name

       618          0          0          0        220       8491   adc.o
       362          0          0          0          0       2374   button.o
        56          0          0          0          0       1554   buzzer.o
      2256         94          0          0         94      10213   defect.o
       120          0          0          0          0       4025   dma.o
       378          0          0          0          0       2714   gpio.o
      1470         48          0         32          1       7130   gw_analogue.o
       492         28          0          0         11       6595   gy901.o
       432          0          0          0        172       9671   i2c.o
       138          0          0          0          0       1579   led.o
       192          0          0          0          0       5909   log.o
         0          0          0          0          1       1253   lora.o
       152          0          0          0          0       6151   lq_step.o
       360          0          0          2          8       3238   main.o
      1528         24          0          0       1355       8516   maixcam.o
       256          8          0          0          0       1808   pid.o
       224         24          0          0          0       1148   servo.o
       188          0          0          0        100       6093   spi.o
        36          8        472          0       1024        804   startup_stm32g474xx.o
      1376         60          0          0        776       9127   status.o
       158          0          0          8          4      10059   stm32g4xx_hal.o
      3142          0          0          0          0      24058   stm32g4xx_hal_adc.o
       332          0          0          0          0      21696   stm32g4xx_hal_adc_ex.o
       268          0          0          0          0      11046   stm32g4xx_hal_cortex.o
      1060          0          0          0          0       8093   stm32g4xx_hal_dma.o
       476          0          0          0          0       5465   stm32g4xx_hal_gpio.o
      3990         50          0          0          0      36011   stm32g4xx_hal_i2c.o
       160          0          0          0          0       6961   stm32g4xx_hal_i2c_ex.o
        52          0          0          0          0       1696   stm32g4xx_hal_msp.o
       228          0          0          0          0       9018   stm32g4xx_hal_pwr_ex.o
      2044          0          0          0          0       9442   stm32g4xx_hal_rcc.o
       732          0          0          0          0      12091   stm32g4xx_hal_rcc_ex.o
       262          0          0          0          0      22664   stm32g4xx_hal_spi.o
      3444         10          0          0          0      44551   stm32g4xx_hal_tim.o
       512          0          0          0          0      25997   stm32g4xx_hal_tim_ex.o
      5170         30         24          0          0      30696   stm32g4xx_hal_uart.o
       440         16          0          0          0      10273   stm32g4xx_hal_uart_ex.o
       152          0          0          0          0       2407   stm32g4xx_it.o
        18          0         24          4          0       2884   system_stm32g4xx.o
      1992          0          0          0        608      14549   tim.o
        70          0          0          0          0       5026   timer_it.o
       244          8          0          0          4       2592   uart_gyro.o
      1024         24          0          0        155       7299   uart_it.o
      1262          0          0          0        768      11167   usart.o
       992         36          0          0          0       4746   wheel.o

    ----------------------------------------------------------------------
     39200        468        552         48       5324     438880   Object Totals
         0          0         32          0          0          0   (incl. Generated)
       342          0          0          2         23          0   (incl. Padding)

    ----------------------------------------------------------------------

      Code (inc. data)   RO Data    RW Data    ZI Data      Debug   Library Member Name

        56         12          0          0          0        132   atof.o
        64          0          0          0          0         84   _sgetc.o
         8          4        133          0          0         68   ctype_o.o
         0          0          0          0          0          0   entry.o
         0          0          0          0          0          0   entry10a.o
         0          0          0          0          0          0   entry11a.o
         8          4          0          0          0          0   entry2.o
         4          0          0          0          0          0   entry5.o
         0          0          0          0          0          0   entry7b.o
         0          0          0          0          0          0   entry8b.o
         8          4          0          0          0          0   entry9a.o
        24         12          0          4          0        136   errno.o
        30          0          0          0          0          0   handlers.o
        36          8          0          0          0         68   init.o
        18          0          0          0          0         76   isspace_o.o
         0          0          0          0          0          0   iusefp.o
        30          0          0          0          0         68   llshl.o
        36          0          0          0          0         68   llsshr.o
        32          0          0          0          0         68   llushr.o
        36          0          0          0          0        108   memseta.o
      2296         84          0          0          0        520   printfa.o
       878         12          0          0          0        216   scanf_fp.o
       156         14          0          0          0        120   strtod.o
        44          0          0          0          0         80   uidiv.o
        98          0          0          0          0         92   uldiv.o
        48          0          0          0          0         68   cdrcmple.o
        56          0          0          0          0         88   d2f.o
       334          0          0          0          0        148   dadd.o
       222          0          0          0          0        100   ddiv.o
       186          0          0          0          0        176   depilogue.o
        62          0          0          0          0         80   dfixi.o
        48          0          0          0          0         68   dfixul.o
        34          0          0          0          0         76   dflti.o
        26          0          0          0          0         76   dfltui.o
        24          0          0          0          0         76   dfltul.o
       228          0          0          0          0         96   dmul.o
        38          0          0          0          0         68   f2d.o
       110          0          0          0          0        168   fepilogue.o

    ----------------------------------------------------------------------
      5288        158        136          4          0       3192   Library Totals
        10          4          3          0          0          0   (incl. Padding)

    ----------------------------------------------------------------------

      Code (inc. data)   RO Data    RW Data    ZI Data      Debug   Library Name

        56         12          0          0          0        132   m_wm.l
      3806        142        133          4          0       1772   mc_w.l
      1416          0          0          0          0       1288   mf_w.l

    ----------------------------------------------------------------------
      5288        158        136          4          0       3192   Library Totals

    ----------------------------------------------------------------------

==============================================================================


      Code (inc. data)   RO Data    RW Data    ZI Data      Debug   

     44488        626        688         52       5324     440044   Grand Totals
     44488        626        688         52       5324     440044   ELF Image Totals
     44488        626        688         52          0          0   ROM Totals

==============================================================================

    Total RO  Size (Code + RO Data)                45176 (  44.12kB)
    Total RW  Size (RW Data + ZI Data)              5376 (   5.25kB)
    Total ROM Size (Code + RO Data + RW Data)      45228 (  44.17kB)

==============================================================================

