*** Using Compiler 'V6.7', folder: 'C:\Keil_v5\ARM\ARMCLANG\Bin'
Build target 'car_control_stm32_project'
assembling startup_stm32g474xx.s...
startup_stm32g474xx.s: Error: A1051E: Cannot open --depend file 'car_control_stm32_project\startup_stm32g474xx.d': Permission denied
../Core/Src/lora.c(31): warning: implicitly declaring library function 'strlen' with type 'unsigned int (const char *)' [-Wimplicit-function-declaration]
    uart1_tx((uint8_t*)buf, strlen(buf));
                            ^
../Core/Src/lora.c(31): note: include the header <string.h> or explicitly provide a declaration for 'strlen'
1 warning generated.
compiling lora.c...
compiling usart.c...
../Core/Src/main.c(32): warning: In file included from...../User/Status\status.h(134): warning: redefinition of typedef 'STATUS' is a C11 feature [-Wtypedef-redefinition]
} STATUS;
  ^
../User/Status/Defect.h(6): note: previous definition is here
typedef struct STATUS STATUS;
                      ^
1 warning generated.
compiling main.c...
../User/It/uart_it.c(6): warning: In file included from...../User/Status\status.h(134): warning: redefinition of typedef 'STATUS' is a C11 feature [-Wtypedef-redefinition]
} STATUS;
  ^
../User/Status/Defect.h(6): note: previous definition is here
typedef struct STATUS STATUS;
                      ^
1 warning generated.
compiling uart_it.c...
compiling maixcam.c...
../User/Status/Defect.c(2): warning: In file included from...../User/Status/status.h(134): warning: redefinition of typedef 'STATUS' is a C11 feature [-Wtypedef-redefinition]
} STATUS;
  ^
../User/Status/Defect.h(6): note: previous definition is here
typedef struct STATUS STATUS;
                      ^
1 warning generated.
compiling Defect.c...
"car_control_stm32_project\car_control_stm32_project.axf" - 1 Error(s), 4 Warning(s).
Target not created.
Build Time Elapsed:  00:00:02
